<?xml version="1.0" encoding="ISO-8859-1" ?>
<link_info>
   <banner>TMS320C2000 Linker PC v18.1.4.LTS</banner>
   <copyright>Copyright (c) 1996-2018 Texas Instruments Incorporated</copyright>
   <link_time>0x5cf0d247</link_time>
   <link_errors>0x17</link_errors>
   <output_file>RXSE_PMSM.out</output_file>
   <entry_point>
      <name>_c_int00</name>
      <address>0xd923</address>
   </entry_point>
   <input_file_list>
      <input_file id="fl-2">
         <path>.\</path>
         <kind>object</kind>
         <file>AD2S1210.obj</file>
         <name>AD2S1210.obj</name>
      </input_file>
      <input_file id="fl-3">
         <path>.\</path>
         <kind>object</kind>
         <file>AD7606.obj</file>
         <name>AD7606.obj</name>
      </input_file>
      <input_file id="fl-4">
         <path>.\</path>
         <kind>object</kind>
         <file>CLAShareData.obj</file>
         <name>CLAShareData.obj</name>
      </input_file>
      <input_file id="fl-5">
         <path>.\</path>
         <kind>object</kind>
         <file>F2806x_Adc.obj</file>
         <name>F2806x_Adc.obj</name>
      </input_file>
      <input_file id="fl-6">
         <path>.\</path>
         <kind>object</kind>
         <file>F2806x_CodeStartBranch.obj</file>
         <name>F2806x_CodeStartBranch.obj</name>
      </input_file>
      <input_file id="fl-7">
         <path>.\</path>
         <kind>object</kind>
         <file>F2806x_CpuTimers.obj</file>
         <name>F2806x_CpuTimers.obj</name>
      </input_file>
      <input_file id="fl-8">
         <path>.\</path>
         <kind>object</kind>
         <file>F2806x_DefaultIsr.obj</file>
         <name>F2806x_DefaultIsr.obj</name>
      </input_file>
      <input_file id="fl-9">
         <path>.\</path>
         <kind>object</kind>
         <file>F2806x_EPwm.obj</file>
         <name>F2806x_EPwm.obj</name>
      </input_file>
      <input_file id="fl-a">
         <path>.\</path>
         <kind>object</kind>
         <file>F2806x_GlobalVariableDefs.obj</file>
         <name>F2806x_GlobalVariableDefs.obj</name>
      </input_file>
      <input_file id="fl-b">
         <path>.\</path>
         <kind>object</kind>
         <file>F2806x_PieCtrl.obj</file>
         <name>F2806x_PieCtrl.obj</name>
      </input_file>
      <input_file id="fl-c">
         <path>.\</path>
         <kind>object</kind>
         <file>F2806x_PieVect.obj</file>
         <name>F2806x_PieVect.obj</name>
      </input_file>
      <input_file id="fl-d">
         <path>.\</path>
         <kind>object</kind>
         <file>F2806x_Sci.obj</file>
         <name>F2806x_Sci.obj</name>
      </input_file>
      <input_file id="fl-e">
         <path>.\</path>
         <kind>object</kind>
         <file>F2806x_Spi.obj</file>
         <name>F2806x_Spi.obj</name>
      </input_file>
      <input_file id="fl-f">
         <path>.\</path>
         <kind>object</kind>
         <file>F2806x_SysCtrl.obj</file>
         <name>F2806x_SysCtrl.obj</name>
      </input_file>
      <input_file id="fl-10">
         <path>.\</path>
         <kind>object</kind>
         <file>F2806x_usDelay.obj</file>
         <name>F2806x_usDelay.obj</name>
      </input_file>
      <input_file id="fl-11">
         <path>.\</path>
         <kind>object</kind>
         <file>Flash28069API.obj</file>
         <name>Flash28069API.obj</name>
      </input_file>
      <input_file id="fl-12">
         <path>.\</path>
         <kind>object</kind>
         <file>Servo.obj</file>
         <name>Servo.obj</name>
      </input_file>
      <input_file id="fl-13">
         <path>.\</path>
         <kind>object</kind>
         <file>ServoModule.obj</file>
         <name>ServoModule.obj</name>
      </input_file>
      <input_file id="fl-14">
         <path>.\</path>
         <kind>object</kind>
         <file>main.obj</file>
         <name>main.obj</name>
      </input_file>
      <input_file id="fl-29">
         <kind>object</kind>
         <file>&lt;internal&gt;</file>
         <name>&lt;internal&gt;</name>
      </input_file>
      <input_file id="fl-2a">
         <path>..\lib\</path>
         <kind>archive</kind>
         <file>2806x_BootROM_API_TABLE_Symbols.lib</file>
         <name>TMS320x2806x_boot_rom_out___romApi_Flash2806x_Erase_tmp.obj</name>
      </input_file>
      <input_file id="fl-2b">
         <path>..\lib\</path>
         <kind>archive</kind>
         <file>2806x_BootROM_API_TABLE_Symbols.lib</file>
         <name>TMS320x2806x_boot_rom_out___romApi_Flash2806x_Program_tmp.obj</name>
      </input_file>
      <input_file id="fl-2c">
         <path>..\lib\</path>
         <kind>archive</kind>
         <file>2806x_BootROM_API_TABLE_Symbols.lib</file>
         <name>TMS320x2806x_boot_rom_out___romApi_Flash2806x_Verify_tmp.obj</name>
      </input_file>
      <input_file id="fl-2d">
         <path>..\lib\</path>
         <kind>archive</kind>
         <file>cla0_math_library.lib</file>
         <name>CLAcos.obj</name>
      </input_file>
      <input_file id="fl-2e">
         <path>..\lib\</path>
         <kind>archive</kind>
         <file>cla0_math_library.lib</file>
         <name>CLAsin.obj</name>
      </input_file>
      <input_file id="fl-2f">
         <path>..\lib\</path>
         <kind>archive</kind>
         <file>cla0_math_library.lib</file>
         <name>CLASinCosTable.obj</name>
      </input_file>
      <input_file id="fl-30">
         <path>..\lib\</path>
         <kind>archive</kind>
         <file>rts2800_ml.lib</file>
         <name>e_powf.c.obj</name>
      </input_file>
      <input_file id="fl-31">
         <path>..\lib\</path>
         <kind>archive</kind>
         <file>rts2800_ml.lib</file>
         <name>e_sqrtf.c.obj</name>
      </input_file>
      <input_file id="fl-32">
         <path>..\lib\</path>
         <kind>archive</kind>
         <file>rts2800_ml.lib</file>
         <name>s_scalbnf.c.obj</name>
      </input_file>
      <input_file id="fl-33">
         <path>..\lib\</path>
         <kind>archive</kind>
         <file>rts2800_ml.lib</file>
         <name>boot28.asm.obj</name>
      </input_file>
      <input_file id="fl-34">
         <path>..\lib\</path>
         <kind>archive</kind>
         <file>rts2800_ml.lib</file>
         <name>fd_div28.asm.obj</name>
      </input_file>
      <input_file id="fl-35">
         <path>..\lib\</path>
         <kind>archive</kind>
         <file>rts2800_ml.lib</file>
         <name>fd_mpy28.asm.obj</name>
      </input_file>
      <input_file id="fl-36">
         <path>..\lib\</path>
         <kind>archive</kind>
         <file>rts2800_ml.lib</file>
         <name>fd_sub28.asm.obj</name>
      </input_file>
      <input_file id="fl-37">
         <path>..\lib\</path>
         <kind>archive</kind>
         <file>rts2800_ml.lib</file>
         <name>fs_add28.asm.obj</name>
      </input_file>
      <input_file id="fl-38">
         <path>..\lib\</path>
         <kind>archive</kind>
         <file>rts2800_ml.lib</file>
         <name>fs_cmp28.asm.obj</name>
      </input_file>
      <input_file id="fl-39">
         <path>..\lib\</path>
         <kind>archive</kind>
         <file>rts2800_ml.lib</file>
         <name>fs_div28.asm.obj</name>
      </input_file>
      <input_file id="fl-3a">
         <path>..\lib\</path>
         <kind>archive</kind>
         <file>rts2800_ml.lib</file>
         <name>fs_mpy28.asm.obj</name>
      </input_file>
      <input_file id="fl-3b">
         <path>..\lib\</path>
         <kind>archive</kind>
         <file>rts2800_ml.lib</file>
         <name>fs_neg28.asm.obj</name>
      </input_file>
      <input_file id="fl-3c">
         <path>..\lib\</path>
         <kind>archive</kind>
         <file>rts2800_ml.lib</file>
         <name>fs_tol28.asm.obj</name>
      </input_file>
      <input_file id="fl-3d">
         <path>..\lib\</path>
         <kind>archive</kind>
         <file>rts2800_ml.lib</file>
         <name>fs_tou28.asm.obj</name>
      </input_file>
      <input_file id="fl-3e">
         <path>..\lib\</path>
         <kind>archive</kind>
         <file>rts2800_ml.lib</file>
         <name>i_tofs28.asm.obj</name>
      </input_file>
      <input_file id="fl-3f">
         <path>..\lib\</path>
         <kind>archive</kind>
         <file>rts2800_ml.lib</file>
         <name>u_tofd28.asm.obj</name>
      </input_file>
      <input_file id="fl-40">
         <path>..\lib\</path>
         <kind>archive</kind>
         <file>rts2800_ml.lib</file>
         <name>u_tofs28.asm.obj</name>
      </input_file>
      <input_file id="fl-41">
         <path>..\lib\</path>
         <kind>archive</kind>
         <file>rts2800_ml.lib</file>
         <name>l_tofs28.asm.obj</name>
      </input_file>
      <input_file id="fl-42">
         <path>..\lib\</path>
         <kind>archive</kind>
         <file>rts2800_ml.lib</file>
         <name>l_div28.asm.obj</name>
      </input_file>
      <input_file id="fl-43">
         <path>..\lib\</path>
         <kind>archive</kind>
         <file>rts2800_ml.lib</file>
         <name>fs_tofd28.asm.obj</name>
      </input_file>
      <input_file id="fl-44">
         <path>..\lib\</path>
         <kind>archive</kind>
         <file>rts2800_ml.lib</file>
         <name>fd_tofs28.asm.obj</name>
      </input_file>
      <input_file id="fl-45">
         <path>..\lib\</path>
         <kind>archive</kind>
         <file>rts2800_ml.lib</file>
         <name>cpy_tbl.c.obj</name>
      </input_file>
      <input_file id="fl-46">
         <path>..\lib\</path>
         <kind>archive</kind>
         <file>rts2800_ml.lib</file>
         <name>memcpy.c.obj</name>
      </input_file>
      <input_file id="fl-47">
         <path>..\lib\</path>
         <kind>archive</kind>
         <file>rts2800_ml.lib</file>
         <name>pre_init.c.obj</name>
      </input_file>
      <input_file id="fl-48">
         <path>..\lib\</path>
         <kind>archive</kind>
         <file>rts2800_ml.lib</file>
         <name>startup.c.obj</name>
      </input_file>
      <input_file id="fl-49">
         <path>..\lib\</path>
         <kind>archive</kind>
         <file>rts2800_ml.lib</file>
         <name>errno.c.obj</name>
      </input_file>
      <input_file id="fl-4a">
         <path>..\lib\</path>
         <kind>archive</kind>
         <file>rts2800_ml.lib</file>
         <name>exit.c.obj</name>
      </input_file>
      <input_file id="fl-4b">
         <path>..\lib\</path>
         <kind>archive</kind>
         <file>rts2800_ml.lib</file>
         <name>_lock.c.obj</name>
      </input_file>
      <input_file id="fl-4c">
         <path>..\lib\</path>
         <kind>archive</kind>
         <file>rts2800_ml.lib</file>
         <name>args_main.c.obj</name>
      </input_file>
      <input_file id="fl-4d">
         <path>..\lib\</path>
         <kind>archive</kind>
         <file>rts2800_ml.lib</file>
         <name>s_copysignf.c.obj</name>
      </input_file>
      <input_file id="fl-4e">
         <path>..\lib\</path>
         <kind>archive</kind>
         <file>rts2800_ml.lib</file>
         <name>fd_add28.asm.obj</name>
      </input_file>
   </input_file_list>
   <object_component_list>
      <object_component id="oc-8c">
         <name>codestart</name>
         <load_address>0x0</load_address>
         <run_address>0x0</run_address>
         <size>0x2</size>
         <input_file_ref idref="fl-6"/>
      </object_component>
      <object_component id="oc-1ef">
         <name>ramfuncs</name>
         <load_address>0x1a2</load_address>
         <run_address>0x1a2</run_address>
         <size>0x82</size>
         <input_file_ref idref="fl-11"/>
      </object_component>
      <object_component id="oc-1ed">
         <name>ramfuncs</name>
         <load_address>0x224</load_address>
         <run_address>0x224</run_address>
         <size>0x2f</size>
         <input_file_ref idref="fl-2"/>
      </object_component>
      <object_component id="oc-fb">
         <name>ramfuncs</name>
         <load_address>0x253</load_address>
         <run_address>0x253</run_address>
         <size>0x4</size>
         <input_file_ref idref="fl-10"/>
      </object_component>
      <object_component id="oc-1e7">
         <name>.text</name>
         <load_address>0xc000</load_address>
         <run_address>0xc000</run_address>
         <size>0x521</size>
         <input_file_ref idref="fl-13"/>
      </object_component>
      <object_component id="oc-1ec">
         <name>.text</name>
         <load_address>0xc521</load_address>
         <run_address>0xc521</run_address>
         <size>0x41e</size>
         <input_file_ref idref="fl-30"/>
      </object_component>
      <object_component id="oc-1f6">
         <name>.text</name>
         <load_address>0xc93f</load_address>
         <run_address>0xc93f</run_address>
         <size>0x2a4</size>
         <input_file_ref idref="fl-5"/>
      </object_component>
      <object_component id="oc-1f3">
         <name>.text</name>
         <load_address>0xcbe3</load_address>
         <run_address>0xcbe3</run_address>
         <size>0x282</size>
         <input_file_ref idref="fl-9"/>
      </object_component>
      <object_component id="oc-98">
         <name>.text:retain</name>
         <load_address>0xce65</load_address>
         <run_address>0xce65</run_address>
         <size>0x1cc</size>
         <input_file_ref idref="fl-8"/>
      </object_component>
      <object_component id="oc-1f0">
         <name>.text</name>
         <load_address>0xd031</load_address>
         <run_address>0xd031</run_address>
         <size>0x19e</size>
         <input_file_ref idref="fl-f"/>
      </object_component>
      <object_component id="oc-1e6">
         <name>.text</name>
         <load_address>0xd1cf</load_address>
         <run_address>0xd1cf</run_address>
         <size>0x123</size>
         <input_file_ref idref="fl-3"/>
      </object_component>
      <object_component id="oc-12f">
         <name>.text:retain</name>
         <load_address>0xd2f2</load_address>
         <run_address>0xd2f2</run_address>
         <size>0xa8</size>
         <input_file_ref idref="fl-14"/>
      </object_component>
      <object_component id="oc-1dc">
         <name>.text</name>
         <load_address>0xd39a</load_address>
         <run_address>0xd39a</run_address>
         <size>0x9c</size>
         <input_file_ref idref="fl-4e"/>
      </object_component>
      <object_component id="oc-1f5">
         <name>.text</name>
         <load_address>0xd436</load_address>
         <run_address>0xd436</run_address>
         <size>0x9b</size>
         <input_file_ref idref="fl-2"/>
      </object_component>
      <object_component id="oc-1ee">
         <name>.text</name>
         <load_address>0xd4d1</load_address>
         <run_address>0xd4d1</run_address>
         <size>0x93</size>
         <input_file_ref idref="fl-e"/>
      </object_component>
      <object_component id="oc-159">
         <name>.text</name>
         <load_address>0xd564</load_address>
         <run_address>0xd564</run_address>
         <size>0x8b</size>
         <input_file_ref idref="fl-34"/>
      </object_component>
      <object_component id="oc-1e9">
         <name>.text</name>
         <load_address>0xd5ef</load_address>
         <run_address>0xd5ef</run_address>
         <size>0x8a</size>
         <input_file_ref idref="fl-14"/>
      </object_component>
      <object_component id="oc-15e">
         <name>.text</name>
         <load_address>0xd679</load_address>
         <run_address>0xd679</run_address>
         <size>0x83</size>
         <input_file_ref idref="fl-35"/>
      </object_component>
      <object_component id="oc-172">
         <name>.text</name>
         <load_address>0xd6fc</load_address>
         <run_address>0xd6fc</run_address>
         <size>0x83</size>
         <input_file_ref idref="fl-39"/>
      </object_component>
      <object_component id="oc-168">
         <name>.text</name>
         <load_address>0xd77f</load_address>
         <run_address>0xd77f</run_address>
         <size>0x78</size>
         <input_file_ref idref="fl-37"/>
      </object_component>
      <object_component id="oc-1f9">
         <name>.text</name>
         <load_address>0xd7f7</load_address>
         <run_address>0xd7f7</run_address>
         <size>0x75</size>
         <input_file_ref idref="fl-31"/>
      </object_component>
      <object_component id="oc-1fd">
         <name>.text</name>
         <load_address>0xd86c</load_address>
         <run_address>0xd86c</run_address>
         <size>0x5d</size>
         <input_file_ref idref="fl-32"/>
      </object_component>
      <object_component id="oc-177">
         <name>.text</name>
         <load_address>0xd8c9</load_address>
         <run_address>0xd8c9</run_address>
         <size>0x5a</size>
         <input_file_ref idref="fl-3a"/>
      </object_component>
      <object_component id="oc-70">
         <name>.text</name>
         <load_address>0xd923</load_address>
         <run_address>0xd923</run_address>
         <size>0x54</size>
         <input_file_ref idref="fl-33"/>
      </object_component>
      <object_component id="oc-1f4">
         <name>.text</name>
         <load_address>0xd977</load_address>
         <run_address>0xd977</run_address>
         <size>0x48</size>
         <input_file_ref idref="fl-d"/>
      </object_component>
      <object_component id="oc-19f">
         <name>.text</name>
         <load_address>0xd9bf</load_address>
         <run_address>0xd9bf</run_address>
         <size>0x2a</size>
         <input_file_ref idref="fl-42"/>
      </object_component>
      <object_component id="oc-1e5">
         <name>.text</name>
         <load_address>0xd9e9</load_address>
         <run_address>0xd9e9</run_address>
         <size>0x29</size>
         <input_file_ref idref="fl-4a"/>
      </object_component>
      <object_component id="oc-181">
         <name>.text</name>
         <load_address>0xda12</load_address>
         <run_address>0xda12</run_address>
         <size>0x29</size>
         <input_file_ref idref="fl-3c"/>
      </object_component>
      <object_component id="oc-1f1">
         <name>.text</name>
         <load_address>0xda3b</load_address>
         <run_address>0xda3b</run_address>
         <size>0x28</size>
         <input_file_ref idref="fl-b"/>
      </object_component>
      <object_component id="oc-1f2">
         <name>.text</name>
         <load_address>0xda63</load_address>
         <run_address>0xda63</run_address>
         <size>0x26</size>
         <input_file_ref idref="fl-c"/>
      </object_component>
      <object_component id="oc-1e2">
         <name>.text</name>
         <load_address>0xda89</load_address>
         <run_address>0xda89</run_address>
         <size>0x24</size>
         <input_file_ref idref="fl-45"/>
      </object_component>
      <object_component id="oc-1a9">
         <name>.text</name>
         <load_address>0xdaad</load_address>
         <run_address>0xdaad</run_address>
         <size>0x21</size>
         <input_file_ref idref="fl-44"/>
      </object_component>
      <object_component id="oc-186">
         <name>.text</name>
         <load_address>0xdace</load_address>
         <run_address>0xdace</run_address>
         <size>0x1d</size>
         <input_file_ref idref="fl-3d"/>
      </object_component>
      <object_component id="oc-1e8">
         <name>.text</name>
         <load_address>0xdaeb</load_address>
         <run_address>0xdaeb</run_address>
         <size>0x1d</size>
         <input_file_ref idref="fl-46"/>
      </object_component>
      <object_component id="oc-1a4">
         <name>.text</name>
         <load_address>0xdb08</load_address>
         <run_address>0xdb08</run_address>
         <size>0x1c</size>
         <input_file_ref idref="fl-43"/>
      </object_component>
      <object_component id="oc-18b">
         <name>.text</name>
         <load_address>0xdb24</load_address>
         <run_address>0xdb24</run_address>
         <size>0x1a</size>
         <input_file_ref idref="fl-3e"/>
      </object_component>
      <object_component id="oc-19a">
         <name>.text</name>
         <load_address>0xdb3e</load_address>
         <run_address>0xdb3e</run_address>
         <size>0x1a</size>
         <input_file_ref idref="fl-41"/>
      </object_component>
      <object_component id="oc-1e4">
         <name>.text</name>
         <load_address>0xdb58</load_address>
         <run_address>0xdb58</run_address>
         <size>0x19</size>
         <input_file_ref idref="fl-4c"/>
      </object_component>
      <object_component id="oc-16d">
         <name>.text</name>
         <load_address>0xdb71</load_address>
         <run_address>0xdb71</run_address>
         <size>0x17</size>
         <input_file_ref idref="fl-38"/>
      </object_component>
      <object_component id="oc-190">
         <name>.text</name>
         <load_address>0xdb88</load_address>
         <run_address>0xdb88</run_address>
         <size>0x17</size>
         <input_file_ref idref="fl-3f"/>
      </object_component>
      <object_component id="oc-195">
         <name>.text</name>
         <load_address>0xdb9f</load_address>
         <run_address>0xdb9f</run_address>
         <size>0x10</size>
         <input_file_ref idref="fl-40"/>
      </object_component>
      <object_component id="oc-163">
         <name>.text</name>
         <load_address>0xdbaf</load_address>
         <run_address>0xdbaf</run_address>
         <size>0xe</size>
         <input_file_ref idref="fl-36"/>
      </object_component>
      <object_component id="oc-200">
         <name>.text</name>
         <load_address>0xdbbd</load_address>
         <run_address>0xdbbd</run_address>
         <size>0xa</size>
         <input_file_ref idref="fl-4d"/>
      </object_component>
      <object_component id="oc-1f7">
         <name>.text</name>
         <load_address>0xdbc7</load_address>
         <run_address>0xdbc7</run_address>
         <size>0x9</size>
         <input_file_ref idref="fl-4b"/>
      </object_component>
      <object_component id="oc-8b">
         <name>.text</name>
         <load_address>0xdbd0</load_address>
         <run_address>0xdbd0</run_address>
         <size>0x8</size>
         <input_file_ref idref="fl-6"/>
      </object_component>
      <object_component id="oc-17c">
         <name>.text</name>
         <load_address>0xdbd8</load_address>
         <run_address>0xdbd8</run_address>
         <size>0x5</size>
         <input_file_ref idref="fl-3b"/>
      </object_component>
      <object_component id="oc-1e1">
         <name>.text</name>
         <load_address>0xdbdd</load_address>
         <run_address>0xdbdd</run_address>
         <size>0x2</size>
         <input_file_ref idref="fl-47"/>
      </object_component>
      <object_component id="oc-1e3">
         <name>.text</name>
         <load_address>0xdbdf</load_address>
         <run_address>0xdbdf</run_address>
         <size>0x1</size>
         <input_file_ref idref="fl-48"/>
      </object_component>
      <object_component id="oc-a3">
         <name>.cinit</name>
         <load_address>0x50</load_address>
         <run_address>0x50</run_address>
         <size>0x116</size>
         <input_file_ref idref="fl-a"/>
      </object_component>
      <object_component id="oc-126">
         <name>.cinit</name>
         <load_address>0x166</load_address>
         <run_address>0x166</run_address>
         <size>0x17</size>
         <input_file_ref idref="fl-13"/>
      </object_component>
      <object_component id="oc-1c7">
         <name>.cinit</name>
         <load_address>0x17d</load_address>
         <run_address>0x17d</run_address>
         <size>0xe</size>
         <input_file_ref idref="fl-4a"/>
      </object_component>
      <object_component id="oc-7b">
         <name>.cinit</name>
         <load_address>0x18b</load_address>
         <run_address>0x18b</run_address>
         <size>0x7</size>
         <input_file_ref idref="fl-3"/>
      </object_component>
      <object_component id="oc-1eb">
         <name>.cinit:__lock</name>
         <load_address>0x192</load_address>
         <run_address>0x192</run_address>
         <size>0x5</size>
         <input_file_ref idref="fl-4b"/>
      </object_component>
      <object_component id="oc-1f8">
         <name>.cinit:__unlock</name>
         <load_address>0x197</load_address>
         <run_address>0x197</run_address>
         <size>0x5</size>
         <input_file_ref idref="fl-4b"/>
      </object_component>
      <object_component id="oc-1c3">
         <name>.cinit</name>
         <load_address>0x19c</load_address>
         <run_address>0x19c</run_address>
         <size>0x4</size>
         <input_file_ref idref="fl-49"/>
      </object_component>
      <object_component id="oc-154">
         <name>.reset</name>
         <load_address>0x3fffc0</load_address>
         <run_address>0x3fffc0</run_address>
         <size>0x2</size>
         <input_file_ref idref="fl-33"/>
      </object_component>
      <object_component id="oc-153">
         <name>.stack</name>
         <uninitialized>true</uninitialized>
         <run_address>0xa000</run_address>
         <size>0x0</size>
         <input_file_ref idref="fl-33"/>
      </object_component>
      <object_component id="oc-275">
         <name>.stack</name>
         <uninitialized>true</uninitialized>
         <run_address>0xa000</run_address>
         <size>0x0</size>
      </object_component>
      <object_component id="oc-75">
         <name>.ebss</name>
         <uninitialized>true</uninitialized>
         <run_address>0xa570</run_address>
         <size>0x7</size>
         <input_file_ref idref="fl-2"/>
      </object_component>
      <object_component id="oc-7c">
         <name>.ebss</name>
         <uninitialized>true</uninitialized>
         <run_address>0xa564</run_address>
         <size>0xc</size>
         <input_file_ref idref="fl-3"/>
      </object_component>
      <object_component id="oc-86">
         <name>.ebss</name>
         <uninitialized>true</uninitialized>
         <run_address>0xa5e6</run_address>
         <size>0x3</size>
         <input_file_ref idref="fl-5"/>
      </object_component>
      <object_component id="oc-92">
         <name>.ebss</name>
         <uninitialized>true</uninitialized>
         <run_address>0xa54c</run_address>
         <size>0x18</size>
         <input_file_ref idref="fl-7"/>
      </object_component>
      <object_component id="oc-a4">
         <name>.ebss</name>
         <uninitialized>true</uninitialized>
         <run_address>0xa580</run_address>
         <size>0x60</size>
         <input_file_ref idref="fl-a"/>
      </object_component>
      <object_component id="oc-101">
         <name>.ebss</name>
         <uninitialized>true</uninitialized>
         <run_address>0xa578</run_address>
         <size>0x6</size>
         <input_file_ref idref="fl-11"/>
      </object_component>
      <object_component id="oc-127">
         <name>.ebss</name>
         <uninitialized>true</uninitialized>
         <run_address>0xa600</run_address>
         <size>0x3c</size>
         <input_file_ref idref="fl-13"/>
      </object_component>
      <object_component id="oc-1c4">
         <name>.ebss</name>
         <uninitialized>true</uninitialized>
         <run_address>0xa577</run_address>
         <size>0x1</size>
         <input_file_ref idref="fl-49"/>
      </object_component>
      <object_component id="oc-1c8">
         <name>.ebss</name>
         <uninitialized>true</uninitialized>
         <run_address>0xa5e0</run_address>
         <size>0x6</size>
         <input_file_ref idref="fl-4a"/>
      </object_component>
      <object_component id="oc-1ff">
         <name>.ebss:__unlock</name>
         <uninitialized>true</uninitialized>
         <run_address>0xa5ea</run_address>
         <size>0x2</size>
         <input_file_ref idref="fl-4b"/>
      </object_component>
      <object_component id="oc-1ea">
         <name>.ebss:__lock</name>
         <uninitialized>true</uninitialized>
         <run_address>0xa57e</run_address>
         <size>0x2</size>
         <input_file_ref idref="fl-4b"/>
      </object_component>
      <object_component id="oc-1fe">
         <name>.econst:_PieVectTableInit</name>
         <load_address>0xa400</load_address>
         <run_address>0xa400</run_address>
         <size>0x100</size>
         <input_file_ref idref="fl-c"/>
      </object_component>
      <object_component id="oc-142">
         <name>.econst</name>
         <load_address>0xa500</load_address>
         <run_address>0xa500</run_address>
         <size>0x32</size>
         <input_file_ref idref="fl-30"/>
      </object_component>
      <object_component id="oc-14e">
         <name>.econst</name>
         <load_address>0xa532</load_address>
         <run_address>0xa532</run_address>
         <size>0x6</size>
         <input_file_ref idref="fl-32"/>
      </object_component>
      <object_component id="oc-128">
         <name>.econst</name>
         <load_address>0xa538</load_address>
         <run_address>0xa538</run_address>
         <size>0x4</size>
         <input_file_ref idref="fl-13"/>
      </object_component>
      <object_component id="oc-1fa">
         <name>.econst:_bp</name>
         <load_address>0xa53c</load_address>
         <run_address>0xa53c</run_address>
         <size>0x4</size>
         <input_file_ref idref="fl-30"/>
      </object_component>
      <object_component id="oc-1fb">
         <name>.econst:_dp_h</name>
         <load_address>0xa540</load_address>
         <run_address>0xa540</run_address>
         <size>0x4</size>
         <input_file_ref idref="fl-30"/>
      </object_component>
      <object_component id="oc-1fc">
         <name>.econst:_dp_l</name>
         <load_address>0xa544</load_address>
         <run_address>0xa544</run_address>
         <size>0x4</size>
         <input_file_ref idref="fl-30"/>
      </object_component>
      <object_component id="oc-148">
         <name>.econst</name>
         <load_address>0xa548</load_address>
         <run_address>0xa548</run_address>
         <size>0x4</size>
         <input_file_ref idref="fl-31"/>
      </object_component>
      <object_component id="oc-10c">
         <name>.scratchpad:Cla1Prog:_ProcessCurrentLoopA</name>
         <uninitialized>true</uninitialized>
         <run_address>0x89b6</run_address>
         <size>0x2</size>
         <input_file_ref idref="fl-12"/>
      </object_component>
      <object_component id="oc-111">
         <name>.scratchpad:Cla1Prog:_SVPWMA</name>
         <uninitialized>true</uninitialized>
         <run_address>0x89b2</run_address>
         <size>0x2</size>
         <input_file_ref idref="fl-12"/>
      </object_component>
      <object_component id="oc-113">
         <name>.scratchpad:Cla1Prog:_BLDC_PWM</name>
         <uninitialized>true</uninitialized>
         <run_address>0x89b2</run_address>
         <size>0x2</size>
         <input_file_ref idref="fl-12"/>
      </object_component>
      <object_component id="oc-11c">
         <name>.scratchpad:Cla1Prog:_InitDriverParam</name>
         <uninitialized>true</uninitialized>
         <run_address>0x89b2</run_address>
         <size>0x2</size>
         <input_file_ref idref="fl-12"/>
      </object_component>
      <object_component id="oc-11e">
         <name>.scratchpad:Cla1Prog:_PI_CUR_MACRO</name>
         <uninitialized>true</uninitialized>
         <run_address>0x89b2</run_address>
         <size>0x4</size>
         <input_file_ref idref="fl-12"/>
      </object_component>
      <object_component id="oc-120">
         <name>.scratchpad:Cla1Prog:_RESET_PI_CUR</name>
         <uninitialized>true</uninitialized>
         <run_address>0x89b2</run_address>
         <size>0x2</size>
         <input_file_ref idref="fl-12"/>
      </object_component>
      <object_component id="oc-135">
         <name>.scratchpad:Cla1Prog:_CLAcos</name>
         <uninitialized>true</uninitialized>
         <run_address>0x89b2</run_address>
         <size>0x2</size>
         <input_file_ref idref="fl-2d"/>
      </object_component>
      <object_component id="oc-13b">
         <name>.scratchpad:Cla1Prog:_CLAsin</name>
         <uninitialized>true</uninitialized>
         <run_address>0x89b2</run_address>
         <size>0x2</size>
         <input_file_ref idref="fl-2e"/>
      </object_component>
      <object_component id="oc-107">
         <name>Cla1Prog:_Cla1Task1</name>
         <load_address>0x125c</load_address>
         <run_address>0x125c</run_address>
         <size>0x18</size>
         <input_file_ref idref="fl-12"/>
      </object_component>
      <object_component id="oc-108">
         <name>Cla1Prog:_Cla1Task2</name>
         <load_address>0xf22</load_address>
         <run_address>0xf22</run_address>
         <size>0x8a</size>
         <input_file_ref idref="fl-12"/>
      </object_component>
      <object_component id="oc-109">
         <name>Cla1Prog:_Cla1Task8</name>
         <load_address>0x1240</load_address>
         <run_address>0x1240</run_address>
         <size>0x1c</size>
         <input_file_ref idref="fl-12"/>
      </object_component>
      <object_component id="oc-10a">
         <name>Cla1Prog:_GetCurrentA</name>
         <load_address>0x1274</load_address>
         <run_address>0x1274</run_address>
         <size>0x14</size>
         <input_file_ref idref="fl-12"/>
      </object_component>
      <object_component id="oc-10b">
         <name>Cla1Prog:_ProcessCurrentLoopA</name>
         <load_address>0xbae</load_address>
         <run_address>0xbae</run_address>
         <size>0x2b8</size>
         <input_file_ref idref="fl-12"/>
      </object_component>
      <object_component id="oc-10d">
         <name>Cla1Prog:_ClarkTransformationA</name>
         <load_address>0x1110</load_address>
         <run_address>0x1110</run_address>
         <size>0x26</size>
         <input_file_ref idref="fl-12"/>
      </object_component>
      <object_component id="oc-10e">
         <name>Cla1Prog:_ParkTransformationA</name>
         <load_address>0x101a</load_address>
         <run_address>0x101a</run_address>
         <size>0x4e</size>
         <input_file_ref idref="fl-12"/>
      </object_component>
      <object_component id="oc-10f">
         <name>Cla1Prog:_IParkTransformationA</name>
         <load_address>0x10d8</load_address>
         <run_address>0x10d8</run_address>
         <size>0x38</size>
         <input_file_ref idref="fl-12"/>
      </object_component>
      <object_component id="oc-110">
         <name>Cla1Prog:_SVPWMA</name>
         <load_address>0x0</load_address>
         <run_address>0x0</run_address>
         <size>0x558</size>
         <input_file_ref idref="fl-12"/>
      </object_component>
      <object_component id="oc-112">
         <name>Cla1Prog:_BLDC_PWM</name>
         <load_address>0x558</load_address>
         <run_address>0x558</run_address>
         <size>0x356</size>
         <input_file_ref idref="fl-12"/>
      </object_component>
      <object_component id="oc-114">
         <name>Cla1Prog:_DriveAllOff</name>
         <load_address>0x1136</load_address>
         <run_address>0x1136</run_address>
         <size>0x26</size>
         <input_file_ref idref="fl-12"/>
      </object_component>
      <object_component id="oc-115">
         <name>Cla1Prog:_DriveTemp1</name>
         <load_address>0x115c</load_address>
         <run_address>0x115c</run_address>
         <size>0x26</size>
         <input_file_ref idref="fl-12"/>
      </object_component>
      <object_component id="oc-116">
         <name>Cla1Prog:_DriveTemp2</name>
         <load_address>0x1182</load_address>
         <run_address>0x1182</run_address>
         <size>0x26</size>
         <input_file_ref idref="fl-12"/>
      </object_component>
      <object_component id="oc-117">
         <name>Cla1Prog:_DriveTemp3</name>
         <load_address>0x11a8</load_address>
         <run_address>0x11a8</run_address>
         <size>0x26</size>
         <input_file_ref idref="fl-12"/>
      </object_component>
      <object_component id="oc-118">
         <name>Cla1Prog:_DriveTemp4</name>
         <load_address>0x11ce</load_address>
         <run_address>0x11ce</run_address>
         <size>0x26</size>
         <input_file_ref idref="fl-12"/>
      </object_component>
      <object_component id="oc-119">
         <name>Cla1Prog:_DriveTemp5</name>
         <load_address>0x11f4</load_address>
         <run_address>0x11f4</run_address>
         <size>0x26</size>
         <input_file_ref idref="fl-12"/>
      </object_component>
      <object_component id="oc-11a">
         <name>Cla1Prog:_DriveTemp6</name>
         <load_address>0x121a</load_address>
         <run_address>0x121a</run_address>
         <size>0x26</size>
         <input_file_ref idref="fl-12"/>
      </object_component>
      <object_component id="oc-11b">
         <name>Cla1Prog:_InitDriverParam</name>
         <load_address>0xfac</load_address>
         <run_address>0xfac</run_address>
         <size>0x6e</size>
         <input_file_ref idref="fl-12"/>
      </object_component>
      <object_component id="oc-11d">
         <name>Cla1Prog:_PI_CUR_MACRO</name>
         <load_address>0x8ae</load_address>
         <run_address>0x8ae</run_address>
         <size>0x300</size>
         <input_file_ref idref="fl-12"/>
      </object_component>
      <object_component id="oc-11f">
         <name>Cla1Prog:_RESET_PI_CUR</name>
         <load_address>0xe66</load_address>
         <run_address>0xe66</run_address>
         <size>0xbc</size>
         <input_file_ref idref="fl-12"/>
      </object_component>
      <object_component id="oc-134">
         <name>Cla1Prog:_CLAcos</name>
         <load_address>0x1068</load_address>
         <run_address>0x1068</run_address>
         <size>0x38</size>
         <input_file_ref idref="fl-2d"/>
      </object_component>
      <object_component id="oc-13a">
         <name>Cla1Prog:_CLAsin</name>
         <load_address>0x10a0</load_address>
         <run_address>0x10a0</run_address>
         <size>0x38</size>
         <input_file_ref idref="fl-2e"/>
      </object_component>
      <object_component id="oc-83">
         <name>Cla1ToCpuMsgRAM</name>
         <uninitialized>true</uninitialized>
         <run_address>0x14e2</run_address>
         <size>0x8</size>
         <input_file_ref idref="fl-4"/>
      </object_component>
      <object_component id="oc-bd">
         <name>Cla1ToCpuMsgRAM</name>
         <uninitialized>true</uninitialized>
         <run_address>0x1480</run_address>
         <size>0x62</size>
         <input_file_ref idref="fl-a"/>
      </object_component>
      <object_component id="oc-82">
         <name>CpuToCla1MsgRAM</name>
         <uninitialized>true</uninitialized>
         <run_address>0x1574</run_address>
         <size>0x8</size>
         <input_file_ref idref="fl-4"/>
      </object_component>
      <object_component id="oc-bf">
         <name>CpuToCla1MsgRAM</name>
         <uninitialized>true</uninitialized>
         <run_address>0x1500</run_address>
         <size>0x74</size>
         <input_file_ref idref="fl-a"/>
      </object_component>
      <object_component id="oc-b1">
         <name>Cla1DataRam0</name>
         <uninitialized>true</uninitialized>
         <run_address>0x8900</run_address>
         <size>0xb2</size>
         <input_file_ref idref="fl-a"/>
      </object_component>
      <object_component id="oc-140">
         <name>CLA1mathTables</name>
         <load_address>0x8c00</load_address>
         <run_address>0x8c00</run_address>
         <size>0x156</size>
         <input_file_ref idref="fl-2f"/>
      </object_component>
      <object_component id="oc-df">
         <name>PieVectTableFile</name>
         <uninitialized>true</uninitialized>
         <run_address>0xd00</run_address>
         <size>0x100</size>
         <input_file_ref idref="fl-a"/>
      </object_component>
      <object_component id="oc-a7">
         <name>EmuKeyVar</name>
         <uninitialized>true</uninitialized>
         <run_address>0xd00</run_address>
         <size>0x1</size>
         <input_file_ref idref="fl-a"/>
      </object_component>
      <object_component id="oc-a5">
         <name>EmuBModeVar</name>
         <uninitialized>true</uninitialized>
         <run_address>0xd01</run_address>
         <size>0x1</size>
         <input_file_ref idref="fl-a"/>
      </object_component>
      <object_component id="oc-a9">
         <name>FlashCallbackVar</name>
         <uninitialized>true</uninitialized>
         <run_address>0xd02</run_address>
         <size>0x2</size>
         <input_file_ref idref="fl-a"/>
      </object_component>
      <object_component id="oc-a8">
         <name>FlashScalingVar</name>
         <uninitialized>true</uninitialized>
         <run_address>0xd04</run_address>
         <size>0x2</size>
         <input_file_ref idref="fl-a"/>
      </object_component>
      <object_component id="oc-ab">
         <name>DevEmuRegsFile</name>
         <uninitialized>true</uninitialized>
         <run_address>0x880</run_address>
         <size>0x4</size>
         <input_file_ref idref="fl-a"/>
      </object_component>
      <object_component id="oc-aa">
         <name>SysPwrCtrlRegsFile</name>
         <uninitialized>true</uninitialized>
         <run_address>0x985</run_address>
         <size>0x3</size>
         <input_file_ref idref="fl-a"/>
      </object_component>
      <object_component id="oc-ac">
         <name>FlashRegsFile</name>
         <uninitialized>true</uninitialized>
         <run_address>0xa80</run_address>
         <size>0x8</size>
         <input_file_ref idref="fl-a"/>
      </object_component>
      <object_component id="oc-b6">
         <name>CsmRegsFile</name>
         <uninitialized>true</uninitialized>
         <run_address>0xae0</run_address>
         <size>0x10</size>
         <input_file_ref idref="fl-a"/>
      </object_component>
      <object_component id="oc-b9">
         <name>AdcResultFile</name>
         <uninitialized>true</uninitialized>
         <run_address>0xb00</run_address>
         <size>0x10</size>
         <input_file_ref idref="fl-a"/>
      </object_component>
      <object_component id="oc-af">
         <name>CpuTimer0RegsFile</name>
         <uninitialized>true</uninitialized>
         <run_address>0xc00</run_address>
         <size>0x8</size>
         <input_file_ref idref="fl-a"/>
      </object_component>
      <object_component id="oc-b0">
         <name>CpuTimer1RegsFile</name>
         <uninitialized>true</uninitialized>
         <run_address>0xc08</run_address>
         <size>0x8</size>
         <input_file_ref idref="fl-a"/>
      </object_component>
      <object_component id="oc-ad">
         <name>CpuTimer2RegsFile</name>
         <uninitialized>true</uninitialized>
         <run_address>0xc10</run_address>
         <size>0x8</size>
         <input_file_ref idref="fl-a"/>
      </object_component>
      <object_component id="oc-be">
         <name>PieCtrlRegsFile</name>
         <uninitialized>true</uninitialized>
         <run_address>0xce0</run_address>
         <size>0x1a</size>
         <input_file_ref idref="fl-a"/>
      </object_component>
      <object_component id="oc-d3">
         <name>Cla1RegsFile</name>
         <uninitialized>true</uninitialized>
         <run_address>0x1400</run_address>
         <size>0x40</size>
         <input_file_ref idref="fl-a"/>
      </object_component>
      <object_component id="oc-dd">
         <name>DmaRegsFile</name>
         <uninitialized>true</uninitialized>
         <run_address>0x1000</run_address>
         <size>0xe0</size>
         <input_file_ref idref="fl-a"/>
      </object_component>
      <object_component id="oc-ce">
         <name>ECanaRegsFile</name>
         <uninitialized>true</uninitialized>
         <run_address>0x6000</run_address>
         <size>0x34</size>
         <input_file_ref idref="fl-a"/>
      </object_component>
      <object_component id="oc-d2">
         <name>ECanaLAMRegsFile</name>
         <uninitialized>true</uninitialized>
         <run_address>0x6040</run_address>
         <size>0x40</size>
         <input_file_ref idref="fl-a"/>
      </object_component>
      <object_component id="oc-de">
         <name>ECanaMboxesFile</name>
         <uninitialized>true</uninitialized>
         <run_address>0x6100</run_address>
         <size>0x100</size>
         <input_file_ref idref="fl-a"/>
      </object_component>
      <object_component id="oc-d9">
         <name>ECanaMOTSRegsFile</name>
         <uninitialized>true</uninitialized>
         <run_address>0x6080</run_address>
         <size>0x40</size>
         <input_file_ref idref="fl-a"/>
      </object_component>
      <object_component id="oc-d0">
         <name>ECanaMOTORegsFile</name>
         <uninitialized>true</uninitialized>
         <run_address>0x60c0</run_address>
         <size>0x40</size>
         <input_file_ref idref="fl-a"/>
      </object_component>
      <object_component id="oc-c3">
         <name>ECap1RegsFile</name>
         <uninitialized>true</uninitialized>
         <run_address>0x6a00</run_address>
         <size>0x20</size>
         <input_file_ref idref="fl-a"/>
      </object_component>
      <object_component id="oc-c5">
         <name>ECap2RegsFile</name>
         <uninitialized>true</uninitialized>
         <run_address>0x6a20</run_address>
         <size>0x20</size>
         <input_file_ref idref="fl-a"/>
      </object_component>
      <object_component id="oc-c1">
         <name>ECap3RegsFile</name>
         <uninitialized>true</uninitialized>
         <run_address>0x6a40</run_address>
         <size>0x20</size>
         <input_file_ref idref="fl-a"/>
      </object_component>
      <object_component id="oc-ca">
         <name>EQep1RegsFile</name>
         <uninitialized>true</uninitialized>
         <run_address>0x6b00</run_address>
         <size>0x22</size>
         <input_file_ref idref="fl-a"/>
      </object_component>
      <object_component id="oc-c9">
         <name>EQep2RegsFile</name>
         <uninitialized>true</uninitialized>
         <run_address>0x6b40</run_address>
         <size>0x22</size>
         <input_file_ref idref="fl-a"/>
      </object_component>
      <object_component id="oc-d7">
         <name>GpioCtrlRegsFile</name>
         <uninitialized>true</uninitialized>
         <run_address>0x6f80</run_address>
         <size>0x40</size>
         <input_file_ref idref="fl-a"/>
      </object_component>
      <object_component id="oc-c0">
         <name>GpioDataRegsFile</name>
         <uninitialized>true</uninitialized>
         <run_address>0x6fc0</run_address>
         <size>0x20</size>
         <input_file_ref idref="fl-a"/>
      </object_component>
      <object_component id="oc-c4">
         <name>GpioIntRegsFile</name>
         <uninitialized>true</uninitialized>
         <run_address>0x6fe0</run_address>
         <size>0x20</size>
         <input_file_ref idref="fl-a"/>
      </object_component>
      <object_component id="oc-c2">
         <name>HRCap1RegsFile</name>
         <uninitialized>true</uninitialized>
         <run_address>0x6ac0</run_address>
         <size>0x20</size>
         <input_file_ref idref="fl-a"/>
      </object_component>
      <object_component id="oc-c7">
         <name>HRCap2RegsFile</name>
         <uninitialized>true</uninitialized>
         <run_address>0x6ae0</run_address>
         <size>0x20</size>
         <input_file_ref idref="fl-a"/>
      </object_component>
      <object_component id="oc-c6">
         <name>HRCap3RegsFile</name>
         <uninitialized>true</uninitialized>
         <run_address>0x6c80</run_address>
         <size>0x20</size>
         <input_file_ref idref="fl-a"/>
      </object_component>
      <object_component id="oc-c8">
         <name>HRCap4RegsFile</name>
         <uninitialized>true</uninitialized>
         <run_address>0x6ca0</run_address>
         <size>0x20</size>
         <input_file_ref idref="fl-a"/>
      </object_component>
      <object_component id="oc-cd">
         <name>SysCtrlRegsFile</name>
         <uninitialized>true</uninitialized>
         <run_address>0x7010</run_address>
         <size>0x30</size>
         <input_file_ref idref="fl-a"/>
      </object_component>
      <object_component id="oc-b2">
         <name>SpiaRegsFile</name>
         <uninitialized>true</uninitialized>
         <run_address>0x7040</run_address>
         <size>0x10</size>
         <input_file_ref idref="fl-a"/>
      </object_component>
      <object_component id="oc-b3">
         <name>SpibRegsFile</name>
         <uninitialized>true</uninitialized>
         <run_address>0x7740</run_address>
         <size>0x10</size>
         <input_file_ref idref="fl-a"/>
      </object_component>
      <object_component id="oc-b7">
         <name>SciaRegsFile</name>
         <uninitialized>true</uninitialized>
         <run_address>0x7050</run_address>
         <size>0x10</size>
         <input_file_ref idref="fl-a"/>
      </object_component>
      <object_component id="oc-b5">
         <name>ScibRegsFile</name>
         <uninitialized>true</uninitialized>
         <run_address>0x7750</run_address>
         <size>0x10</size>
         <input_file_ref idref="fl-a"/>
      </object_component>
      <object_component id="oc-b4">
         <name>NmiIntruptRegsFile</name>
         <uninitialized>true</uninitialized>
         <run_address>0x7060</run_address>
         <size>0x10</size>
         <input_file_ref idref="fl-a"/>
      </object_component>
      <object_component id="oc-b8">
         <name>XIntruptRegsFile</name>
         <uninitialized>true</uninitialized>
         <run_address>0x7070</run_address>
         <size>0x10</size>
         <input_file_ref idref="fl-a"/>
      </object_component>
      <object_component id="oc-dc">
         <name>AdcRegsFile</name>
         <uninitialized>true</uninitialized>
         <run_address>0x7100</run_address>
         <size>0x50</size>
         <input_file_ref idref="fl-a"/>
      </object_component>
      <object_component id="oc-cb">
         <name>I2caRegsFile</name>
         <uninitialized>true</uninitialized>
         <run_address>0x7900</run_address>
         <size>0x22</size>
         <input_file_ref idref="fl-a"/>
      </object_component>
      <object_component id="oc-ba">
         <name>Comp1RegsFile</name>
         <uninitialized>true</uninitialized>
         <run_address>0x6400</run_address>
         <size>0x14</size>
         <input_file_ref idref="fl-a"/>
      </object_component>
      <object_component id="oc-bc">
         <name>Comp2RegsFile</name>
         <uninitialized>true</uninitialized>
         <run_address>0x6420</run_address>
         <size>0x14</size>
         <input_file_ref idref="fl-a"/>
      </object_component>
      <object_component id="oc-bb">
         <name>Comp3RegsFile</name>
         <uninitialized>true</uninitialized>
         <run_address>0x6440</run_address>
         <size>0x14</size>
         <input_file_ref idref="fl-a"/>
      </object_component>
      <object_component id="oc-cf">
         <name>EPwm1RegsFile</name>
         <uninitialized>true</uninitialized>
         <run_address>0x6800</run_address>
         <size>0x40</size>
         <input_file_ref idref="fl-a"/>
      </object_component>
      <object_component id="oc-d4">
         <name>EPwm2RegsFile</name>
         <uninitialized>true</uninitialized>
         <run_address>0x6840</run_address>
         <size>0x40</size>
         <input_file_ref idref="fl-a"/>
      </object_component>
      <object_component id="oc-d1">
         <name>EPwm3RegsFile</name>
         <uninitialized>true</uninitialized>
         <run_address>0x6880</run_address>
         <size>0x40</size>
         <input_file_ref idref="fl-a"/>
      </object_component>
      <object_component id="oc-d8">
         <name>EPwm4RegsFile</name>
         <uninitialized>true</uninitialized>
         <run_address>0x68c0</run_address>
         <size>0x40</size>
         <input_file_ref idref="fl-a"/>
      </object_component>
      <object_component id="oc-db">
         <name>EPwm5RegsFile</name>
         <uninitialized>true</uninitialized>
         <run_address>0x6900</run_address>
         <size>0x40</size>
         <input_file_ref idref="fl-a"/>
      </object_component>
      <object_component id="oc-d6">
         <name>EPwm6RegsFile</name>
         <uninitialized>true</uninitialized>
         <run_address>0x6940</run_address>
         <size>0x40</size>
         <input_file_ref idref="fl-a"/>
      </object_component>
      <object_component id="oc-d5">
         <name>EPwm7RegsFile</name>
         <uninitialized>true</uninitialized>
         <run_address>0x6980</run_address>
         <size>0x40</size>
         <input_file_ref idref="fl-a"/>
      </object_component>
      <object_component id="oc-da">
         <name>EPwm8RegsFile</name>
         <uninitialized>true</uninitialized>
         <run_address>0x69c0</run_address>
         <size>0x40</size>
         <input_file_ref idref="fl-a"/>
      </object_component>
      <object_component id="oc-cc">
         <name>McbspaRegsFile</name>
         <uninitialized>true</uninitialized>
         <run_address>0x5000</run_address>
         <size>0x24</size>
         <input_file_ref idref="fl-a"/>
      </object_component>
      <object_component id="oc-e0">
         <name>Usb0RegsFile</name>
         <uninitialized>true</uninitialized>
         <run_address>0x4000</run_address>
         <size>0x454</size>
         <input_file_ref idref="fl-a"/>
      </object_component>
      <object_component id="oc-ae">
         <name>CsmPwlFile</name>
         <uninitialized>true</uninitialized>
         <run_address>0x3f7ff8</run_address>
         <size>0x8</size>
         <input_file_ref idref="fl-a"/>
      </object_component>
      <object_component id="oc-a6">
         <name>PartIdRegsFile</name>
         <uninitialized>true</uninitialized>
         <run_address>0x3d7e80</run_address>
         <size>0x1</size>
         <input_file_ref idref="fl-a"/>
      </object_component>
      <object_component id="oc-74">
         <name>.debug_info</name>
         <load_address>0x0</load_address>
         <run_address>0x0</run_address>
         <size>0x12fc</size>
         <input_file_ref idref="fl-2"/>
      </object_component>
      <object_component id="oc-7a">
         <name>.debug_info</name>
         <load_address>0x12fc</load_address>
         <run_address>0x12fc</run_address>
         <size>0x26b4</size>
         <input_file_ref idref="fl-3"/>
      </object_component>
      <object_component id="oc-81">
         <name>.debug_info</name>
         <load_address>0x39b0</load_address>
         <run_address>0x39b0</run_address>
         <size>0x2c7</size>
         <input_file_ref idref="fl-4"/>
      </object_component>
      <object_component id="oc-85">
         <name>.debug_info</name>
         <load_address>0x3c77</load_address>
         <run_address>0x3c77</run_address>
         <size>0x52cb</size>
         <input_file_ref idref="fl-5"/>
      </object_component>
      <object_component id="oc-8d">
         <name>.debug_info</name>
         <load_address>0x8f42</load_address>
         <run_address>0x8f42</run_address>
         <size>0x118</size>
         <input_file_ref idref="fl-6"/>
      </object_component>
      <object_component id="oc-91">
         <name>.debug_info</name>
         <load_address>0x905a</load_address>
         <run_address>0x905a</run_address>
         <size>0x793</size>
         <input_file_ref idref="fl-7"/>
      </object_component>
      <object_component id="oc-97">
         <name>.debug_info</name>
         <load_address>0x97ed</load_address>
         <run_address>0x97ed</run_address>
         <size>0x2302</size>
         <input_file_ref idref="fl-8"/>
      </object_component>
      <object_component id="oc-9d">
         <name>.debug_info</name>
         <load_address>0xbaef</load_address>
         <run_address>0xbaef</run_address>
         <size>0x535e</size>
         <input_file_ref idref="fl-9"/>
      </object_component>
      <object_component id="oc-a2">
         <name>.debug_info</name>
         <load_address>0x10e4d</load_address>
         <run_address>0x10e4d</run_address>
         <size>0x1cb6a</size>
         <input_file_ref idref="fl-a"/>
      </object_component>
      <object_component id="oc-e2">
         <name>.debug_info</name>
         <load_address>0x2d9b7</load_address>
         <run_address>0x2d9b7</run_address>
         <size>0xa99</size>
         <input_file_ref idref="fl-b"/>
      </object_component>
      <object_component id="oc-e7">
         <name>.debug_info</name>
         <load_address>0x2e450</load_address>
         <run_address>0x2e450</run_address>
         <size>0x23d9</size>
         <input_file_ref idref="fl-c"/>
      </object_component>
      <object_component id="oc-ec">
         <name>.debug_info</name>
         <load_address>0x30829</load_address>
         <run_address>0x30829</run_address>
         <size>0x2428</size>
         <input_file_ref idref="fl-d"/>
      </object_component>
      <object_component id="oc-f1">
         <name>.debug_info</name>
         <load_address>0x32c51</load_address>
         <run_address>0x32c51</run_address>
         <size>0x239c</size>
         <input_file_ref idref="fl-e"/>
      </object_component>
      <object_component id="oc-f6">
         <name>.debug_info</name>
         <load_address>0x34fed</load_address>
         <run_address>0x34fed</run_address>
         <size>0x290c</size>
         <input_file_ref idref="fl-f"/>
      </object_component>
      <object_component id="oc-fc">
         <name>.debug_info</name>
         <load_address>0x378f9</load_address>
         <run_address>0x378f9</run_address>
         <size>0xe3</size>
         <input_file_ref idref="fl-10"/>
      </object_component>
      <object_component id="oc-100">
         <name>.debug_info</name>
         <load_address>0x379dc</load_address>
         <run_address>0x379dc</run_address>
         <size>0x268c</size>
         <input_file_ref idref="fl-11"/>
      </object_component>
      <object_component id="oc-106">
         <name>.debug_info</name>
         <load_address>0x3a068</load_address>
         <run_address>0x3a068</run_address>
         <size>0x3ea1</size>
         <input_file_ref idref="fl-12"/>
      </object_component>
      <object_component id="oc-125">
         <name>.debug_info</name>
         <load_address>0x3df09</load_address>
         <run_address>0x3df09</run_address>
         <size>0x9ce2</size>
         <input_file_ref idref="fl-13"/>
      </object_component>
      <object_component id="oc-12d">
         <name>.debug_info</name>
         <load_address>0x47beb</load_address>
         <run_address>0x47beb</run_address>
         <size>0x89aa</size>
         <input_file_ref idref="fl-14"/>
      </object_component>
      <object_component id="oc-136">
         <name>.debug_info</name>
         <load_address>0x50595</load_address>
         <run_address>0x50595</run_address>
         <size>0x11b</size>
         <input_file_ref idref="fl-2d"/>
      </object_component>
      <object_component id="oc-13c">
         <name>.debug_info</name>
         <load_address>0x506b0</load_address>
         <run_address>0x506b0</run_address>
         <size>0x11b</size>
         <input_file_ref idref="fl-2e"/>
      </object_component>
      <object_component id="oc-141">
         <name>.debug_info</name>
         <load_address>0x507cb</load_address>
         <run_address>0x507cb</run_address>
         <size>0xe08</size>
         <input_file_ref idref="fl-30"/>
      </object_component>
      <object_component id="oc-147">
         <name>.debug_info</name>
         <load_address>0x515d3</load_address>
         <run_address>0x515d3</run_address>
         <size>0x41d</size>
         <input_file_ref idref="fl-31"/>
      </object_component>
      <object_component id="oc-14d">
         <name>.debug_info</name>
         <load_address>0x519f0</load_address>
         <run_address>0x519f0</run_address>
         <size>0x465</size>
         <input_file_ref idref="fl-32"/>
      </object_component>
      <object_component id="oc-155">
         <name>.debug_info</name>
         <load_address>0x51e55</load_address>
         <run_address>0x51e55</run_address>
         <size>0x176</size>
         <input_file_ref idref="fl-33"/>
      </object_component>
      <object_component id="oc-15a">
         <name>.debug_info</name>
         <load_address>0x51fcb</load_address>
         <run_address>0x51fcb</run_address>
         <size>0x117</size>
         <input_file_ref idref="fl-34"/>
      </object_component>
      <object_component id="oc-15f">
         <name>.debug_info</name>
         <load_address>0x520e2</load_address>
         <run_address>0x520e2</run_address>
         <size>0x117</size>
         <input_file_ref idref="fl-35"/>
      </object_component>
      <object_component id="oc-164">
         <name>.debug_info</name>
         <load_address>0x521f9</load_address>
         <run_address>0x521f9</run_address>
         <size>0x125</size>
         <input_file_ref idref="fl-36"/>
      </object_component>
      <object_component id="oc-169">
         <name>.debug_info</name>
         <load_address>0x5231e</load_address>
         <run_address>0x5231e</run_address>
         <size>0x117</size>
         <input_file_ref idref="fl-37"/>
      </object_component>
      <object_component id="oc-16e">
         <name>.debug_info</name>
         <load_address>0x52435</load_address>
         <run_address>0x52435</run_address>
         <size>0x117</size>
         <input_file_ref idref="fl-38"/>
      </object_component>
      <object_component id="oc-173">
         <name>.debug_info</name>
         <load_address>0x5254c</load_address>
         <run_address>0x5254c</run_address>
         <size>0x117</size>
         <input_file_ref idref="fl-39"/>
      </object_component>
      <object_component id="oc-178">
         <name>.debug_info</name>
         <load_address>0x52663</load_address>
         <run_address>0x52663</run_address>
         <size>0x117</size>
         <input_file_ref idref="fl-3a"/>
      </object_component>
      <object_component id="oc-17d">
         <name>.debug_info</name>
         <load_address>0x5277a</load_address>
         <run_address>0x5277a</run_address>
         <size>0x117</size>
         <input_file_ref idref="fl-3b"/>
      </object_component>
      <object_component id="oc-182">
         <name>.debug_info</name>
         <load_address>0x52891</load_address>
         <run_address>0x52891</run_address>
         <size>0x123</size>
         <input_file_ref idref="fl-3c"/>
      </object_component>
      <object_component id="oc-187">
         <name>.debug_info</name>
         <load_address>0x529b4</load_address>
         <run_address>0x529b4</run_address>
         <size>0x123</size>
         <input_file_ref idref="fl-3d"/>
      </object_component>
      <object_component id="oc-18c">
         <name>.debug_info</name>
         <load_address>0x52ad7</load_address>
         <run_address>0x52ad7</run_address>
         <size>0x121</size>
         <input_file_ref idref="fl-3e"/>
      </object_component>
      <object_component id="oc-191">
         <name>.debug_info</name>
         <load_address>0x52bf8</load_address>
         <run_address>0x52bf8</run_address>
         <size>0x11b</size>
         <input_file_ref idref="fl-3f"/>
      </object_component>
      <object_component id="oc-196">
         <name>.debug_info</name>
         <load_address>0x52d13</load_address>
         <run_address>0x52d13</run_address>
         <size>0x11b</size>
         <input_file_ref idref="fl-40"/>
      </object_component>
      <object_component id="oc-19b">
         <name>.debug_info</name>
         <load_address>0x52e2e</load_address>
         <run_address>0x52e2e</run_address>
         <size>0x121</size>
         <input_file_ref idref="fl-41"/>
      </object_component>
      <object_component id="oc-1a0">
         <name>.debug_info</name>
         <load_address>0x52f4f</load_address>
         <run_address>0x52f4f</run_address>
         <size>0x1a8</size>
         <input_file_ref idref="fl-42"/>
      </object_component>
      <object_component id="oc-1a5">
         <name>.debug_info</name>
         <load_address>0x530f7</load_address>
         <run_address>0x530f7</run_address>
         <size>0x11a</size>
         <input_file_ref idref="fl-43"/>
      </object_component>
      <object_component id="oc-1aa">
         <name>.debug_info</name>
         <load_address>0x53211</load_address>
         <run_address>0x53211</run_address>
         <size>0x11a</size>
         <input_file_ref idref="fl-44"/>
      </object_component>
      <object_component id="oc-1ae">
         <name>.debug_info</name>
         <load_address>0x5332b</load_address>
         <run_address>0x5332b</run_address>
         <size>0x4d8</size>
         <input_file_ref idref="fl-45"/>
      </object_component>
      <object_component id="oc-1b3">
         <name>.debug_info</name>
         <load_address>0x53803</load_address>
         <run_address>0x53803</run_address>
         <size>0x3d3</size>
         <input_file_ref idref="fl-46"/>
      </object_component>
      <object_component id="oc-1b8">
         <name>.debug_info</name>
         <load_address>0x53bd6</load_address>
         <run_address>0x53bd6</run_address>
         <size>0x346</size>
         <input_file_ref idref="fl-47"/>
      </object_component>
      <object_component id="oc-1bd">
         <name>.debug_info</name>
         <load_address>0x53f1c</load_address>
         <run_address>0x53f1c</run_address>
         <size>0x343</size>
         <input_file_ref idref="fl-48"/>
      </object_component>
      <object_component id="oc-1c2">
         <name>.debug_info</name>
         <load_address>0x5425f</load_address>
         <run_address>0x5425f</run_address>
         <size>0x1c6</size>
         <input_file_ref idref="fl-49"/>
      </object_component>
      <object_component id="oc-1c6">
         <name>.debug_info</name>
         <load_address>0x54425</load_address>
         <run_address>0x54425</run_address>
         <size>0x4dd</size>
         <input_file_ref idref="fl-4a"/>
      </object_component>
      <object_component id="oc-1cd">
         <name>.debug_info</name>
         <load_address>0x54902</load_address>
         <run_address>0x54902</run_address>
         <size>0x465</size>
         <input_file_ref idref="fl-4b"/>
      </object_component>
      <object_component id="oc-1d2">
         <name>.debug_info</name>
         <load_address>0x54d67</load_address>
         <run_address>0x54d67</run_address>
         <size>0x400</size>
         <input_file_ref idref="fl-4c"/>
      </object_component>
      <object_component id="oc-1d7">
         <name>.debug_info</name>
         <load_address>0x55167</load_address>
         <run_address>0x55167</run_address>
         <size>0x375</size>
         <input_file_ref idref="fl-4d"/>
      </object_component>
      <object_component id="oc-1dd">
         <name>.debug_info</name>
         <load_address>0x554dc</load_address>
         <run_address>0x554dc</run_address>
         <size>0x117</size>
         <input_file_ref idref="fl-4e"/>
      </object_component>
      <object_component id="oc-276">
         <name>.debug_info</name>
         <load_address>0x555f3</load_address>
         <run_address>0x555f3</run_address>
         <size>0xa0</size>
      </object_component>
      <object_component id="oc-76">
         <name>.debug_frame</name>
         <load_address>0x0</load_address>
         <run_address>0x0</run_address>
         <size>0x88</size>
         <input_file_ref idref="fl-2"/>
      </object_component>
      <object_component id="oc-7d">
         <name>.debug_frame</name>
         <load_address>0x88</load_address>
         <run_address>0x88</run_address>
         <size>0x70</size>
         <input_file_ref idref="fl-3"/>
      </object_component>
      <object_component id="oc-87">
         <name>.debug_frame</name>
         <load_address>0xf8</load_address>
         <run_address>0xf8</run_address>
         <size>0xdc</size>
         <input_file_ref idref="fl-5"/>
      </object_component>
      <object_component id="oc-93">
         <name>.debug_frame</name>
         <load_address>0x1d4</load_address>
         <run_address>0x1d4</run_address>
         <size>0x20</size>
         <input_file_ref idref="fl-7"/>
      </object_component>
      <object_component id="oc-99">
         <name>.debug_frame</name>
         <load_address>0x1f4</load_address>
         <run_address>0x1f4</run_address>
         <size>0x8c0</size>
         <input_file_ref idref="fl-8"/>
      </object_component>
      <object_component id="oc-9e">
         <name>.debug_frame</name>
         <load_address>0xab4</load_address>
         <run_address>0xab4</run_address>
         <size>0x1a0</size>
         <input_file_ref idref="fl-9"/>
      </object_component>
      <object_component id="oc-e3">
         <name>.debug_frame</name>
         <load_address>0xc54</load_address>
         <run_address>0xc54</run_address>
         <size>0x50</size>
         <input_file_ref idref="fl-b"/>
      </object_component>
      <object_component id="oc-e8">
         <name>.debug_frame</name>
         <load_address>0xca4</load_address>
         <run_address>0xca4</run_address>
         <size>0x3c</size>
         <input_file_ref idref="fl-c"/>
      </object_component>
      <object_component id="oc-ed">
         <name>.debug_frame</name>
         <load_address>0xce0</load_address>
         <run_address>0xce0</run_address>
         <size>0x80</size>
         <input_file_ref idref="fl-d"/>
      </object_component>
      <object_component id="oc-f2">
         <name>.debug_frame</name>
         <load_address>0xd60</load_address>
         <run_address>0xd60</run_address>
         <size>0xe4</size>
         <input_file_ref idref="fl-e"/>
      </object_component>
      <object_component id="oc-f7">
         <name>.debug_frame</name>
         <load_address>0xe44</load_address>
         <run_address>0xe44</run_address>
         <size>0x150</size>
         <input_file_ref idref="fl-f"/>
      </object_component>
      <object_component id="oc-102">
         <name>.debug_frame</name>
         <load_address>0xf94</load_address>
         <run_address>0xf94</run_address>
         <size>0x54</size>
         <input_file_ref idref="fl-11"/>
      </object_component>
      <object_component id="oc-121">
         <name>.debug_frame</name>
         <load_address>0xfe8</load_address>
         <run_address>0xfe8</run_address>
         <size>0x154</size>
         <input_file_ref idref="fl-12"/>
      </object_component>
      <object_component id="oc-129">
         <name>.debug_frame</name>
         <load_address>0x113c</load_address>
         <run_address>0x113c</run_address>
         <size>0x1c8</size>
         <input_file_ref idref="fl-13"/>
      </object_component>
      <object_component id="oc-130">
         <name>.debug_frame</name>
         <load_address>0x1304</load_address>
         <run_address>0x1304</run_address>
         <size>0xac</size>
         <input_file_ref idref="fl-14"/>
      </object_component>
      <object_component id="oc-143">
         <name>.debug_frame</name>
         <load_address>0x13b0</load_address>
         <run_address>0x13b0</run_address>
         <size>0x58</size>
         <input_file_ref idref="fl-30"/>
      </object_component>
      <object_component id="oc-149">
         <name>.debug_frame</name>
         <load_address>0x1408</load_address>
         <run_address>0x1408</run_address>
         <size>0x48</size>
         <input_file_ref idref="fl-31"/>
      </object_component>
      <object_component id="oc-14f">
         <name>.debug_frame</name>
         <load_address>0x1450</load_address>
         <run_address>0x1450</run_address>
         <size>0x48</size>
         <input_file_ref idref="fl-32"/>
      </object_component>
      <object_component id="oc-1af">
         <name>.debug_frame</name>
         <load_address>0x1498</load_address>
         <run_address>0x1498</run_address>
         <size>0x58</size>
         <input_file_ref idref="fl-45"/>
      </object_component>
      <object_component id="oc-1b4">
         <name>.debug_frame</name>
         <load_address>0x14f0</load_address>
         <run_address>0x14f0</run_address>
         <size>0x38</size>
         <input_file_ref idref="fl-46"/>
      </object_component>
      <object_component id="oc-1b9">
         <name>.debug_frame</name>
         <load_address>0x1528</load_address>
         <run_address>0x1528</run_address>
         <size>0x38</size>
         <input_file_ref idref="fl-47"/>
      </object_component>
      <object_component id="oc-1be">
         <name>.debug_frame</name>
         <load_address>0x1560</load_address>
         <run_address>0x1560</run_address>
         <size>0x38</size>
         <input_file_ref idref="fl-48"/>
      </object_component>
      <object_component id="oc-1c9">
         <name>.debug_frame</name>
         <load_address>0x1598</load_address>
         <run_address>0x1598</run_address>
         <size>0x58</size>
         <input_file_ref idref="fl-4a"/>
      </object_component>
      <object_component id="oc-1ce">
         <name>.debug_frame</name>
         <load_address>0x15f0</load_address>
         <run_address>0x15f0</run_address>
         <size>0x68</size>
         <input_file_ref idref="fl-4b"/>
      </object_component>
      <object_component id="oc-1d3">
         <name>.debug_frame</name>
         <load_address>0x1658</load_address>
         <run_address>0x1658</run_address>
         <size>0x38</size>
         <input_file_ref idref="fl-4c"/>
      </object_component>
      <object_component id="oc-1d8">
         <name>.debug_frame</name>
         <load_address>0x1690</load_address>
         <run_address>0x1690</run_address>
         <size>0x38</size>
         <input_file_ref idref="fl-4d"/>
      </object_component>
      <object_component id="oc-77">
         <name>.debug_line</name>
         <load_address>0x0</load_address>
         <run_address>0x0</run_address>
         <size>0xbd</size>
         <input_file_ref idref="fl-2"/>
      </object_component>
      <object_component id="oc-7e">
         <name>.debug_line</name>
         <load_address>0xbd</load_address>
         <run_address>0xbd</run_address>
         <size>0x111</size>
         <input_file_ref idref="fl-3"/>
      </object_component>
      <object_component id="oc-88">
         <name>.debug_line</name>
         <load_address>0x1ce</load_address>
         <run_address>0x1ce</run_address>
         <size>0x1da</size>
         <input_file_ref idref="fl-5"/>
      </object_component>
      <object_component id="oc-8e">
         <name>.debug_line</name>
         <load_address>0x3a8</load_address>
         <run_address>0x3a8</run_address>
         <size>0x5f</size>
         <input_file_ref idref="fl-6"/>
      </object_component>
      <object_component id="oc-94">
         <name>.debug_line</name>
         <load_address>0x407</load_address>
         <run_address>0x407</run_address>
         <size>0x36</size>
         <input_file_ref idref="fl-7"/>
      </object_component>
      <object_component id="oc-9a">
         <name>.debug_line</name>
         <load_address>0x43d</load_address>
         <run_address>0x43d</run_address>
         <size>0x922</size>
         <input_file_ref idref="fl-8"/>
      </object_component>
      <object_component id="oc-9f">
         <name>.debug_line</name>
         <load_address>0xd5f</load_address>
         <run_address>0xd5f</run_address>
         <size>0x29a</size>
         <input_file_ref idref="fl-9"/>
      </object_component>
      <object_component id="oc-e4">
         <name>.debug_line</name>
         <load_address>0xff9</load_address>
         <run_address>0xff9</run_address>
         <size>0x84</size>
         <input_file_ref idref="fl-b"/>
      </object_component>
      <object_component id="oc-e9">
         <name>.debug_line</name>
         <load_address>0x107d</load_address>
         <run_address>0x107d</run_address>
         <size>0x68</size>
         <input_file_ref idref="fl-c"/>
      </object_component>
      <object_component id="oc-ee">
         <name>.debug_line</name>
         <load_address>0x10e5</load_address>
         <run_address>0x10e5</run_address>
         <size>0xb1</size>
         <input_file_ref idref="fl-d"/>
      </object_component>
      <object_component id="oc-f3">
         <name>.debug_line</name>
         <load_address>0x1196</load_address>
         <run_address>0x1196</run_address>
         <size>0x131</size>
         <input_file_ref idref="fl-e"/>
      </object_component>
      <object_component id="oc-f8">
         <name>.debug_line</name>
         <load_address>0x12c7</load_address>
         <run_address>0x12c7</run_address>
         <size>0x21d</size>
         <input_file_ref idref="fl-f"/>
      </object_component>
      <object_component id="oc-fd">
         <name>.debug_line</name>
         <load_address>0x14e4</load_address>
         <run_address>0x14e4</run_address>
         <size>0x46</size>
         <input_file_ref idref="fl-10"/>
      </object_component>
      <object_component id="oc-103">
         <name>.debug_line</name>
         <load_address>0x152a</load_address>
         <run_address>0x152a</run_address>
         <size>0xab</size>
         <input_file_ref idref="fl-11"/>
      </object_component>
      <object_component id="oc-122">
         <name>.debug_line</name>
         <load_address>0x15d5</load_address>
         <run_address>0x15d5</run_address>
         <size>0x4a8</size>
         <input_file_ref idref="fl-12"/>
      </object_component>
      <object_component id="oc-12a">
         <name>.debug_line</name>
         <load_address>0x1a7d</load_address>
         <run_address>0x1a7d</run_address>
         <size>0x465</size>
         <input_file_ref idref="fl-13"/>
      </object_component>
      <object_component id="oc-131">
         <name>.debug_line</name>
         <load_address>0x1ee2</load_address>
         <run_address>0x1ee2</run_address>
         <size>0xf8</size>
         <input_file_ref idref="fl-14"/>
      </object_component>
      <object_component id="oc-137">
         <name>.debug_line</name>
         <load_address>0x1fda</load_address>
         <run_address>0x1fda</run_address>
         <size>0x8c</size>
         <input_file_ref idref="fl-2d"/>
      </object_component>
      <object_component id="oc-13d">
         <name>.debug_line</name>
         <load_address>0x2066</load_address>
         <run_address>0x2066</run_address>
         <size>0x8c</size>
         <input_file_ref idref="fl-2e"/>
      </object_component>
      <object_component id="oc-144">
         <name>.debug_line</name>
         <load_address>0x20f2</load_address>
         <run_address>0x20f2</run_address>
         <size>0x1d8</size>
         <input_file_ref idref="fl-30"/>
      </object_component>
      <object_component id="oc-14a">
         <name>.debug_line</name>
         <load_address>0x22ca</load_address>
         <run_address>0x22ca</run_address>
         <size>0xb5</size>
         <input_file_ref idref="fl-31"/>
      </object_component>
      <object_component id="oc-150">
         <name>.debug_line</name>
         <load_address>0x237f</load_address>
         <run_address>0x237f</run_address>
         <size>0x73</size>
         <input_file_ref idref="fl-32"/>
      </object_component>
      <object_component id="oc-156">
         <name>.debug_line</name>
         <load_address>0x23f2</load_address>
         <run_address>0x23f2</run_address>
         <size>0x7d</size>
         <input_file_ref idref="fl-33"/>
      </object_component>
      <object_component id="oc-15b">
         <name>.debug_line</name>
[...]
         <object_component_ref idref="oc-1f0"/>
      </symbol>
      <symbol id="sm-39a">
         <name>_IntOsc2Sel</name>
         <value>0xd176</value>
         <object_component_ref idref="oc-1f0"/>
      </symbol>
      <symbol id="sm-39b">
         <name>_CsmUnlock</name>
         <value>0xd135</value>
         <object_component_ref idref="oc-1f0"/>
      </symbol>
      <symbol id="sm-39c">
         <name>_InitPll2</name>
         <value>0xd0b2</value>
         <object_component_ref idref="oc-1f0"/>
      </symbol>
      <symbol id="sm-39d">
         <name>_ServiceDog</name>
         <value>0xd04b</value>
         <object_component_ref idref="oc-1f0"/>
      </symbol>
      <symbol id="sm-39e">
         <name>_XtalOscSel</name>
         <value>0xd18a</value>
         <object_component_ref idref="oc-1f0"/>
      </symbol>
      <symbol id="sm-39f">
         <name>_InitSysCtrl</name>
         <value>0xd031</value>
         <object_component_ref idref="oc-1f0"/>
      </symbol>
      <symbol id="sm-3ab">
         <name>_DSP28x_usDelay</name>
         <value>0x253</value>
         <object_component_ref idref="oc-fb"/>
      </symbol>
      <symbol id="sm-3bf">
         <name>_MyCallbackCounter</name>
         <value>0xa578</value>
         <object_component_ref idref="oc-101"/>
      </symbol>
      <symbol id="sm-3c0">
         <name>_FlashControlParams</name>
         <value>0x1a2</value>
         <object_component_ref idref="oc-1ef"/>
      </symbol>
      <symbol id="sm-3c1">
         <name>_FlashStatus</name>
         <value>0xa57a</value>
         <object_component_ref idref="oc-101"/>
      </symbol>
      <symbol id="sm-3c2">
         <name>_MyCallbackFunction</name>
         <value>0x21c</value>
         <object_component_ref idref="oc-1ef"/>
      </symbol>
      <symbol id="sm-463">
         <name>_DriveTemp1</name>
         <value>0x115c</value>
         <object_component_ref idref="oc-115"/>
      </symbol>
      <symbol id="sm-464">
         <name>_DriveTemp2</name>
         <value>0x1182</value>
         <object_component_ref idref="oc-116"/>
      </symbol>
      <symbol id="sm-465">
         <name>_DriveTemp3</name>
         <value>0x11a8</value>
         <object_component_ref idref="oc-117"/>
      </symbol>
      <symbol id="sm-466">
         <name>_DriveTemp4</name>
         <value>0x11ce</value>
         <object_component_ref idref="oc-118"/>
      </symbol>
      <symbol id="sm-467">
         <name>_DriveTemp5</name>
         <value>0x11f4</value>
         <object_component_ref idref="oc-119"/>
      </symbol>
      <symbol id="sm-468">
         <name>_DriveTemp6</name>
         <value>0x121a</value>
         <object_component_ref idref="oc-11a"/>
      </symbol>
      <symbol id="sm-469">
         <name>_ClarkTransformationA</name>
         <value>0x1110</value>
         <object_component_ref idref="oc-10d"/>
      </symbol>
      <symbol id="sm-46a">
         <name>_IParkTransformationA</name>
         <value>0x10d8</value>
         <object_component_ref idref="oc-10f"/>
      </symbol>
      <symbol id="sm-46b">
         <name>_Cla1Task8</name>
         <value>0x1240</value>
         <object_component_ref idref="oc-109"/>
      </symbol>
      <symbol id="sm-46c">
         <name>_Cla1Task1</name>
         <value>0x125c</value>
         <object_component_ref idref="oc-107"/>
      </symbol>
      <symbol id="sm-46d">
         <name>_Cla1Task2</name>
         <value>0xf22</value>
         <object_component_ref idref="oc-108"/>
      </symbol>
      <symbol id="sm-46e">
         <name>_ParkTransformationA</name>
         <value>0x101a</value>
         <object_component_ref idref="oc-10e"/>
      </symbol>
      <symbol id="sm-46f">
         <name>_DriveAllOff</name>
         <value>0x1136</value>
         <object_component_ref idref="oc-114"/>
      </symbol>
      <symbol id="sm-470">
         <name>_PI_CUR_MACRO</name>
         <value>0x8ae</value>
         <object_component_ref idref="oc-11d"/>
      </symbol>
      <symbol id="sm-471">
         <name>_BLDC_PWM</name>
         <value>0x558</value>
         <object_component_ref idref="oc-112"/>
      </symbol>
      <symbol id="sm-472">
         <name>_GetCurrentA</name>
         <value>0x1274</value>
         <object_component_ref idref="oc-10a"/>
      </symbol>
      <symbol id="sm-473">
         <name>_InitDriverParam</name>
         <value>0xfac</value>
         <object_component_ref idref="oc-11b"/>
      </symbol>
      <symbol id="sm-474">
         <name>_RESET_PI_CUR</name>
         <value>0xe66</value>
         <object_component_ref idref="oc-11f"/>
      </symbol>
      <symbol id="sm-475">
         <name>_SVPWMA</name>
         <value>0x0</value>
         <object_component_ref idref="oc-110"/>
      </symbol>
      <symbol id="sm-476">
         <name>_ProcessCurrentLoopA</name>
         <value>0xbae</value>
         <object_component_ref idref="oc-10b"/>
      </symbol>
      <symbol id="sm-4ca">
         <name>_GetCanCommand</name>
         <value>0xc174</value>
         <object_component_ref idref="oc-1e7"/>
      </symbol>
      <symbol id="sm-4cb">
         <name>_CanTx</name>
         <value>0xc157</value>
         <object_component_ref idref="oc-1e7"/>
      </symbol>
      <symbol id="sm-4cc">
         <name>_GetEncoder</name>
         <value>0xc028</value>
         <object_component_ref idref="oc-1e7"/>
      </symbol>
      <symbol id="sm-4cd">
         <name>_F32toC</name>
         <value>0xc47d</value>
         <object_component_ref idref="oc-1e7"/>
      </symbol>
      <symbol id="sm-4ce">
         <name>_F32toC2</name>
         <value>0xc4a9</value>
         <object_component_ref idref="oc-1e7"/>
      </symbol>
      <symbol id="sm-4cf">
         <name>_GetTemp</name>
         <value>0xc505</value>
         <object_component_ref idref="oc-1e7"/>
      </symbol>
      <symbol id="sm-4d0">
         <name>_ECanaShadow</name>
         <value>0xa608</value>
         <object_component_ref idref="oc-127"/>
      </symbol>
      <symbol id="sm-4d1">
         <name>_GetSerialCommand</name>
         <value>0xc1df</value>
         <object_component_ref idref="oc-1e7"/>
      </symbol>
      <symbol id="sm-4d2">
         <name>_InitController</name>
         <value>0xc007</value>
         <object_component_ref idref="oc-1e7"/>
      </symbol>
      <symbol id="sm-4d3">
         <name>_ReturnDataToMc</name>
         <value>0xc39d</value>
         <object_component_ref idref="oc-1e7"/>
      </symbol>
      <symbol id="sm-4d4">
         <name>_CtoF32</name>
         <value>0xc463</value>
         <object_component_ref idref="oc-1e7"/>
      </symbol>
      <symbol id="sm-4d5">
         <name>_F32toC2_3</name>
         <value>0xc4d7</value>
         <object_component_ref idref="oc-1e7"/>
      </symbol>
      <symbol id="sm-4d6">
         <name>_ProcessEncoder</name>
         <value>0xc07d</value>
         <object_component_ref idref="oc-1e7"/>
      </symbol>
      <symbol id="sm-4d7">
         <name>_g_pRespond</name>
         <value>0xa606</value>
         <object_component_ref idref="oc-127"/>
      </symbol>
      <symbol id="sm-4d8">
         <name>_ProcessSerialCommand</name>
         <value>0xc228</value>
         <object_component_ref idref="oc-1e7"/>
      </symbol>
      <symbol id="sm-4d9">
         <name>_CheckFault</name>
         <value>0xc10a</value>
         <object_component_ref idref="oc-1e7"/>
      </symbol>
      <symbol id="sm-4da">
         <name>_SetParameters</name>
         <value>0xc000</value>
         <object_component_ref idref="oc-1e7"/>
      </symbol>
      <symbol id="sm-4db">
         <name>_g_pCommand</name>
         <value>0xa604</value>
         <object_component_ref idref="oc-127"/>
      </symbol>
      <symbol id="sm-4f6">
         <name>_main</name>
         <value>0xd5ef</value>
         <object_component_ref idref="oc-1e9"/>
      </symbol>
      <symbol id="sm-4f7">
         <name>_c_stDriverParamA</name>
         <value>0x258</value>
         <object_component_ref idref="oc-12e"/>
      </symbol>
      <symbol id="sm-4f8">
         <name>_epwm1_isr</name>
         <value>0xd2f2</value>
         <object_component_ref idref="oc-12f"/>
      </symbol>
      <symbol id="sm-4f9">
         <name>_InitCLA</name>
         <value>0xd656</value>
         <object_component_ref idref="oc-1e9"/>
      </symbol>
      <symbol id="sm-4fb">
         <name>_Flash2806x_Erase</name>
         <value>0x3ffebd</value>
      </symbol>
      <symbol id="sm-4fd">
         <name>_Flash2806x_Program</name>
         <value>0x3ffebb</value>
      </symbol>
      <symbol id="sm-4ff">
         <name>_Flash2806x_Verify</name>
         <value>0x3ffedf</value>
      </symbol>
      <symbol id="sm-50f">
         <name>_CLAcos</name>
         <value>0x1068</value>
         <object_component_ref idref="oc-134"/>
      </symbol>
      <symbol id="sm-51f">
         <name>_CLAsin</name>
         <value>0x10a0</value>
         <object_component_ref idref="oc-13a"/>
      </symbol>
      <symbol id="sm-523">
         <name>_CLAsincosTable_TwoPiDivTABLE_SIZE</name>
         <value>0x8d46</value>
         <object_component_ref idref="oc-140"/>
      </symbol>
      <symbol id="sm-524">
         <name>_CLAsincosTableEnd</name>
         <value>0x8d56</value>
         <object_component_ref idref="oc-140"/>
      </symbol>
      <symbol id="sm-525">
         <name>_CLAsinTable</name>
         <value>0x8c00</value>
         <object_component_ref idref="oc-140"/>
      </symbol>
      <symbol id="sm-526">
         <name>_CLAcosTableEnd</name>
         <value>0x8d42</value>
         <object_component_ref idref="oc-140"/>
      </symbol>
      <symbol id="sm-527">
         <name>_CLAsincosTable</name>
         <value>0x8c00</value>
         <object_component_ref idref="oc-140"/>
      </symbol>
      <symbol id="sm-528">
         <name>_CLAsincosTable_Sin0</name>
         <value>0x8c00</value>
         <object_component_ref idref="oc-140"/>
      </symbol>
      <symbol id="sm-529">
         <name>_CLAsinTableEnd</name>
         <value>0x8d00</value>
         <object_component_ref idref="oc-140"/>
      </symbol>
      <symbol id="sm-52a">
         <name>_CLAsincosTable_Coef1_pos</name>
         <value>0x8d4e</value>
         <object_component_ref idref="oc-140"/>
      </symbol>
      <symbol id="sm-52b">
         <name>_CLAsincosTable_TABLE_SIZEDivTwoPi</name>
         <value>0x8d44</value>
         <object_component_ref idref="oc-140"/>
      </symbol>
      <symbol id="sm-52c">
         <name>_CLAsincosTable_Cos0</name>
         <value>0x8c40</value>
         <object_component_ref idref="oc-140"/>
      </symbol>
      <symbol id="sm-52d">
         <name>_CLAsincosTable_TABLE_SIZE</name>
         <value>0x8d42</value>
         <object_component_ref idref="oc-140"/>
      </symbol>
      <symbol id="sm-52e">
         <name>_CLAcosTable</name>
         <value>0x8c40</value>
         <object_component_ref idref="oc-140"/>
      </symbol>
      <symbol id="sm-52f">
         <name>_CLAsincosTable_Coef3</name>
         <value>0x8d52</value>
         <object_component_ref idref="oc-140"/>
      </symbol>
      <symbol id="sm-530">
         <name>_CLAsincosTable_Coef2</name>
         <value>0x8d50</value>
         <object_component_ref idref="oc-140"/>
      </symbol>
      <symbol id="sm-531">
         <name>_CLAsincosTable_Coef1</name>
         <value>0x8d4c</value>
         <object_component_ref idref="oc-140"/>
      </symbol>
      <symbol id="sm-532">
         <name>_CLAsincosTable_Coef0</name>
         <value>0x8d4a</value>
         <object_component_ref idref="oc-140"/>
      </symbol>
      <symbol id="sm-533">
         <name>_CLAsincosTable_TABLE_MASK</name>
         <value>0x8d48</value>
         <object_component_ref idref="oc-140"/>
      </symbol>
      <symbol id="sm-534">
         <name>_CLAsincosTable_Coef3_neg</name>
         <value>0x8d54</value>
         <object_component_ref idref="oc-140"/>
      </symbol>
      <symbol id="sm-58e">
         <name>_powf</name>
         <value>0xc521</value>
         <object_component_ref idref="oc-1ec"/>
      </symbol>
      <symbol id="sm-58f">
         <name>_pow</name>
         <value>0xc521</value>
         <object_component_ref idref="oc-1ec"/>
      </symbol>
      <symbol id="sm-5aa">
         <name>_sqrtf</name>
         <value>0xd7f7</value>
         <object_component_ref idref="oc-1f9"/>
      </symbol>
      <symbol id="sm-5ab">
         <name>_sqrt</name>
         <value>0xd7f7</value>
         <object_component_ref idref="oc-1f9"/>
      </symbol>
      <symbol id="sm-5c4">
         <name>_scalbn</name>
         <value>0xd86c</value>
         <object_component_ref idref="oc-1fd"/>
      </symbol>
      <symbol id="sm-5c5">
         <name>_ldexp</name>
         <value>0xd86c</value>
         <object_component_ref idref="oc-1fd"/>
      </symbol>
      <symbol id="sm-5c6">
         <name>_scalbnf</name>
         <value>0xd86c</value>
         <object_component_ref idref="oc-1fd"/>
      </symbol>
      <symbol id="sm-5c7">
         <name>_ldexpf</name>
         <value>0xd86c</value>
         <object_component_ref idref="oc-1fd"/>
      </symbol>
      <symbol id="sm-5e2">
         <name>_c_int00</name>
         <value>0xd923</value>
         <object_component_ref idref="oc-70"/>
      </symbol>
      <symbol id="sm-5e3">
         <name>__stack</name>
         <value>0xa000</value>
         <object_component_ref idref="oc-153"/>
      </symbol>
      <symbol id="sm-5fa">
         <name>FD$$DIV</name>
         <value>0xd564</value>
         <object_component_ref idref="oc-159"/>
      </symbol>
      <symbol id="sm-60c">
         <name>FD$$MPY</name>
         <value>0xd679</value>
         <object_component_ref idref="oc-15e"/>
      </symbol>
      <symbol id="sm-618">
         <name>FD$$SUB</name>
         <value>0xdbaf</value>
         <object_component_ref idref="oc-163"/>
      </symbol>
      <symbol id="sm-632">
         <name>FS$$ADD</name>
         <value>0xd784</value>
         <object_component_ref idref="oc-168"/>
      </symbol>
      <symbol id="sm-633">
         <name>FS$$SUB</name>
         <value>0xd77f</value>
         <object_component_ref idref="oc-168"/>
      </symbol>
      <symbol id="sm-645">
         <name>FS$$CMP</name>
         <value>0xdb71</value>
         <object_component_ref idref="oc-16d"/>
      </symbol>
      <symbol id="sm-656">
         <name>FS$$DIV</name>
         <value>0xd6fc</value>
         <object_component_ref idref="oc-172"/>
      </symbol>
      <symbol id="sm-667">
         <name>FS$$MPY</name>
         <value>0xd8c9</value>
         <object_component_ref idref="oc-177"/>
      </symbol>
      <symbol id="sm-674">
         <name>FS$$NEG</name>
         <value>0xdbd8</value>
         <object_component_ref idref="oc-17c"/>
      </symbol>
      <symbol id="sm-687">
         <name>FS$$TOL</name>
         <value>0xda12</value>
         <object_component_ref idref="oc-181"/>
      </symbol>
      <symbol id="sm-698">
         <name>FS$$TOU</name>
         <value>0xdace</value>
         <object_component_ref idref="oc-186"/>
      </symbol>
      <symbol id="sm-6a7">
         <name>I$$TOFS</name>
         <value>0xdb24</value>
         <object_component_ref idref="oc-18b"/>
      </symbol>
      <symbol id="sm-6b8">
         <name>U$$TOFD</name>
         <value>0xdb88</value>
         <object_component_ref idref="oc-190"/>
      </symbol>
      <symbol id="sm-6c6">
         <name>U$$TOFS</name>
         <value>0xdb9f</value>
         <object_component_ref idref="oc-195"/>
      </symbol>
      <symbol id="sm-6d5">
         <name>L$$TOFS</name>
         <value>0xdb3e</value>
         <object_component_ref idref="oc-19a"/>
      </symbol>
      <symbol id="sm-6e1">
         <name>UL$$MOD</name>
         <value>0xd9e3</value>
         <object_component_ref idref="oc-19f"/>
      </symbol>
      <symbol id="sm-6e2">
         <name>L$$MOD</name>
         <value>0xd9ce</value>
         <object_component_ref idref="oc-19f"/>
      </symbol>
      <symbol id="sm-6e3">
         <name>L$$DIV</name>
         <value>0xd9bf</value>
         <object_component_ref idref="oc-19f"/>
      </symbol>
      <symbol id="sm-6e4">
         <name>UL$$DIV</name>
         <value>0xd9dc</value>
         <object_component_ref idref="oc-19f"/>
      </symbol>
      <symbol id="sm-6f4">
         <name>FS$$TOFD</name>
         <value>0xdb08</value>
         <object_component_ref idref="oc-1a4"/>
      </symbol>
      <symbol id="sm-704">
         <name>FD$$TOFS</name>
         <value>0xdaad</value>
         <object_component_ref idref="oc-1a9"/>
      </symbol>
      <symbol id="sm-713">
         <name>_copy_in</name>
         <value>0xda89</value>
         <object_component_ref idref="oc-1e2"/>
      </symbol>
      <symbol id="sm-724">
         <name>_memcpy</name>
         <value>0xdaeb</value>
         <object_component_ref idref="oc-1e8"/>
      </symbol>
      <symbol id="sm-730">
         <name>__system_pre_init</name>
         <value>0xdbdd</value>
         <object_component_ref idref="oc-1e1"/>
      </symbol>
      <symbol id="sm-73d">
         <name>__system_post_cinit</name>
         <value>0xdbdf</value>
         <object_component_ref idref="oc-1e3"/>
      </symbol>
      <symbol id="sm-747">
         <name>_errno</name>
         <value>0xa577</value>
         <object_component_ref idref="oc-1c4"/>
      </symbol>
      <symbol id="sm-75b">
         <name>C$$EXIT</name>
         <value>0xd9e9</value>
         <object_component_ref idref="oc-1e5"/>
      </symbol>
      <symbol id="sm-75c">
         <name>_exit</name>
         <value>0xd9eb</value>
         <object_component_ref idref="oc-1e5"/>
      </symbol>
      <symbol id="sm-75d">
         <name>___TI_cleanup_ptr</name>
         <value>0xa5e2</value>
         <object_component_ref idref="oc-1c8"/>
      </symbol>
      <symbol id="sm-75e">
         <name>___TI_enable_exit_profile_output</name>
         <value>0xa5e0</value>
         <object_component_ref idref="oc-1c8"/>
      </symbol>
      <symbol id="sm-75f">
         <name>_abort</name>
         <value>0xd9e9</value>
         <object_component_ref idref="oc-1e5"/>
      </symbol>
      <symbol id="sm-760">
         <name>___TI_dtors_ptr</name>
         <value>0xa5e4</value>
         <object_component_ref idref="oc-1c8"/>
      </symbol>
      <symbol id="sm-774">
         <name>__unlock</name>
         <value>0xa5ea</value>
         <object_component_ref idref="oc-1ff"/>
      </symbol>
      <symbol id="sm-775">
         <name>__lock</name>
         <value>0xa57e</value>
         <object_component_ref idref="oc-1ea"/>
      </symbol>
      <symbol id="sm-776">
         <name>__register_lock</name>
         <value>0xdbcb</value>
         <object_component_ref idref="oc-1f7"/>
      </symbol>
      <symbol id="sm-777">
         <name>__nop</name>
         <value>0xdbcf</value>
         <object_component_ref idref="oc-1f7"/>
      </symbol>
      <symbol id="sm-778">
         <name>__register_unlock</name>
         <value>0xdbc7</value>
         <object_component_ref idref="oc-1f7"/>
      </symbol>
      <symbol id="sm-787">
         <name>__args_main</name>
         <value>0xdb58</value>
         <object_component_ref idref="oc-1e4"/>
      </symbol>
      <symbol id="sm-793">
         <name>_copysignf</name>
         <value>0xdbbd</value>
         <object_component_ref idref="oc-200"/>
      </symbol>
      <symbol id="sm-794">
         <name>_copysign</name>
         <value>0xdbbd</value>
         <object_component_ref idref="oc-200"/>
      </symbol>
      <symbol id="sm-7af">
         <name>FD$$ADD</name>
         <value>0xd39a</value>
         <object_component_ref idref="oc-1dc"/>
      </symbol>
   </symbol_table>
   <title>Link errors: red sections failed placement,available memory ranges in purple</title>
</link_info>
