******************************************************************************
             TMS320C2000 Linker PC v18.1.8                     
******************************************************************************
>> Linked Fri Oct 16 19:42:42 2020

OUTPUT FILE NAME:   <RXST_HGD.out>
ENTRY POINT SYMBOL: "_c_int00"  address: 0000daff


MEMORY CONFIGURATION

         name            origin    length      used     unused   attr    fill
----------------------  --------  ---------  --------  --------  ----  --------
PAGE 0:
  BEGIN                 00000000   00000002  00000002  00000000  RWIX
  RAMM0                 00000050   000003b0  000002b8  000000f8  RWIX
  PRAML0                00008000   00000800  00000000  00000800  RWIX
  RAML3                 00009000   00001000  00000018  00000fe8  RWIX
  RAML5L8               0000c000   00008000  00001dac  00006254  RWIX
  OTP                   003d7800   00000400  00000000  00000400  RWIX
  FLASHD                003e8000   00004000  00000000  00004000  RWIX
  FLASHC                003ec000   00004000  00000000  00004000  RWIX
  FLASHA                003f4000   00003f80  00000000  00003f80  RWIX
  CSM_RSVD              003f7f80   00000076  00000000  00000076  RWIX
  BEGIN                 003f7ff6   00000002  00000000  00000002  RWIX
  CSM_PWL_PROG          003f7ff8   00000008  00000000  00000008  RWIX
  FPUTABLES             003fd860   000006a0  00000000  000006a0  RWIX
  FPUTABLES             003fd860   000006a0  00000000  000006a0  RWIX
  IQTABLES              003fdf00   00000b50  00000000  00000b50  RWIX
  IQTABLES              003fdf00   00000b50  00000000  00000b50  RWIX
  IQTABLES2             003fea50   0000008c  00000000  0000008c  RWIX
  IQTABLES2             003fea50   0000008c  00000000  0000008c  RWIX
  IQTABLES3             003feadc   000000aa  00000000  000000aa  RWIX
  IQTABLES3             003feadc   000000aa  00000000  000000aa  RWIX
  BOOTROM               003ff3b0   00000c10  00000000  00000c10  RWIX
  ROM                   003ff3b0   00000c10  00000000  00000c10  RWIX
  RESET                 003fffc0   00000002  00000000  00000002  RWIX
  RESET                 003fffc0   00000002  00000000  00000002  RWIX
  VECTORS               003fffc2   0000003e  00000000  0000003e  RWIX

PAGE 1:
  BOOT_RSVD             00000000   00000050  00000000  00000050  RWIX
  BOOT_RSVD             00000002   0000004e  00000000  0000004e  RWIX
  RAMM0                 00000050   000003b0  00000000  000003b0  RWIX
  RAMM1                 00000400   00000400  00000000  00000400  RWIX
  RAMM1                 00000480   00000380  00000000  00000380  RWIX
  DEV_EMU               00000880   00000105  00000004  00000101  RWIX
  SYS_PWR_CTL           00000985   00000003  00000003  00000000  RWIX
  FLASH_REGS            00000a80   00000060  00000008  00000058  RWIX
  CSM                   00000ae0   00000020  00000010  00000010  RWIX
  ADC_RESULT            00000b00   00000020  00000010  00000010  RWIX
  CPU_TIMER0            00000c00   00000008  00000008  00000000  RWIX
  CPU_TIMER1            00000c08   00000008  00000008  00000000  RWIX
  CPU_TIMER2            00000c10   00000008  00000008  00000000  RWIX
  PIE_CTRL              00000ce0   00000020  0000001a  00000006  RWIX
  PIE_VECT              00000d00   00000100  00000100  00000000  RWIX
  DMA                   00001000   00000200  000000e0  00000120  RWIX
  CLA1                  00001400   00000080  00000040  00000040  RWIX
  CLA1_MSGRAMLOW        00001480   00000080  0000006a  00000016  RWIX
  CLA1_MSGRAMHIGH       00001500   00000080  0000007e  00000002  RWIX
  USB0                  00004000   00001000  00000454  00000bac  RWIX
  McBSPA                00005000   00000040  00000024  0000001c  RWIX
  ECANA                 00006000   00000040  00000034  0000000c  RWIX
  ECANA_LAM             00006040   00000040  00000040  00000000  RWIX
  ECANA_MOTS            00006080   00000040  00000040  00000000  RWIX
  ECANA_MOTO            000060c0   00000040  00000040  00000000  RWIX
  ECANA_MBOX            00006100   00000100  00000100  00000000  RWIX
  COMP1                 00006400   00000020  00000014  0000000c  RWIX
  COMP2                 00006420   00000020  00000014  0000000c  RWIX
  COMP3                 00006440   00000020  00000014  0000000c  RWIX
  EPWM1                 00006800   00000040  00000040  00000000  RWIX
  EPWM2                 00006840   00000040  00000040  00000000  RWIX
  EPWM3                 00006880   00000040  00000040  00000000  RWIX
  EPWM4                 000068c0   00000040  00000040  00000000  RWIX
  EPWM5                 00006900   00000040  00000040  00000000  RWIX
  EPWM6                 00006940   00000040  00000040  00000000  RWIX
  EPWM7                 00006980   00000040  00000040  00000000  RWIX
  EPWM8                 000069c0   00000040  00000040  00000000  RWIX
  ECAP1                 00006a00   00000020  00000020  00000000  RWIX
  ECAP2                 00006a20   00000020  00000020  00000000  RWIX
  ECAP3                 00006a40   00000020  00000020  00000000  RWIX
  HRCAP1                00006ac0   00000020  00000020  00000000  RWIX
  HRCAP2                00006ae0   00000020  00000020  00000000  RWIX
  EQEP1                 00006b00   00000040  00000022  0000001e  RWIX
  EQEP2                 00006b40   00000040  00000022  0000001e  RWIX
  HRCAP3                00006c80   00000020  00000020  00000000  RWIX
  HRCAP4                00006ca0   00000020  00000020  00000000  RWIX
  GPIOCTRL              00006f80   00000040  00000040  00000000  RWIX
  GPIODAT               00006fc0   00000020  00000020  00000000  RWIX
  GPIOINT               00006fe0   00000020  00000020  00000000  RWIX
  SYSTEM                00007010   00000030  00000030  00000000  RWIX
  SPIA                  00007040   00000010  00000010  00000000  RWIX
  SCIA                  00007050   00000010  00000010  00000000  RWIX
  NMIINTRUPT            00007060   00000010  00000010  00000000  RWIX
  XINTRUPT              00007070   00000010  00000010  00000000  RWIX
  ADC                   00007100   00000080  00000050  00000030  RWIX
  SPIB                  00007740   00000010  00000010  00000000  RWIX
  SCIB                  00007750   00000010  00000010  00000000  RWIX
  I2CA                  00007900   00000040  00000022  0000001e  RWIX
  CLARAM2               00008000   00000800  00000000  00000800  RWIX
  CLARAM0               00008800   00000400  000001b2  0000024e  RWIX
  DRAML1                00008800   00000400  00000000  00000400  RWIX
  CLARAM1               00008c00   00000400  00000000  00000400  RWIX
  RAML2                 00008c00   00000400  00000000  00000400  RWIX
  RAML3                 00009000   00001000  00000000  00001000  RWIX
  RAML4                 0000a000   00002000  000006bc  00001944  RWIX
  RAML4                 0000a000   00002000  00000000  00002000  RWIX
  RAML5                 0000c000   00002000  00000000  00002000  RWIX
  RAML6                 0000e000   00002000  00000000  00002000  RWIX
  RAML7                 00010000   00002000  00000000  00002000  RWIX
  RAML8                 00012000   00002000  00000000  00002000  RWIX
  PARTID                003d7e80   00000001  00000001  00000000  RWIX
  FLASHB                003f0000   00004000  00000000  00004000  RWIX
  CSM_PWL               003f7ff8   00000008  00000008  00000000  RWIX


SECTION ALLOCATION MAP

 output                                  attributes/
section   page    origin      length       input sections
--------  ----  ----------  ----------   ----------------
codestart 
*          0    00000000    00000002     
                  00000000    00000002     F2806x_CodeStartBranch.obj (codestart)

.cinit     0    00000050    0000017d     
                  00000050    0000011d     F2806x_GlobalVariableDefs.obj (.cinit)
                  0000016d    00000024     main.obj (.cinit)
                  00000191    00000017     ServoModule.obj (.cinit)
                  000001a8    0000000e     rts2800_ml.lib : exit.c.obj (.cinit)
                  000001b6    00000007     AD7606.obj (.cinit)
                  000001bd    00000005     rts2800_ml.lib : _lock.c.obj (.cinit:__lock)
                  000001c2    00000005                    : _lock.c.obj (.cinit:__unlock)
                  000001c7    00000004                    : errno.c.obj (.cinit)
                  000001cb    00000002     --HOLE-- [fill = 0]

ramfuncs   0    000001cd    00000105     
                  000001cd    00000082     Flash28069API.obj (ramfuncs)
                  0000024f    0000007f     AD2S1210.obj (ramfuncs)
                  000002ce    00000004     F2806x_usDelay.obj (ramfuncs)

.text      0    0000c000    00001dac     
                  0000c000    00000539     ServoModule.obj (.text)
                  0000c539    0000041e     rts2800_ml.lib : e_powf.c.obj (.text)
                  0000c957    000002c4     F2806x_EPwm.obj (.text)
                  0000cc1b    000002b8     F2806x_Adc.obj (.text)
                  0000ced3    0000020a     main.obj (.text)
                  0000d0dd    000001cc     F2806x_DefaultIsr.obj (.text:retain)
                  0000d2a9    000001b7     main.obj (.text:retain)
                  0000d460    0000019e     F2806x_SysCtrl.obj (.text)
                  0000d5fe    0000009f     AD2S1210.obj (.text)
                  0000d69d    0000009c     rts2800_ml.lib : fd_add28.asm.obj (.text)
                  0000d739    00000091     F2806x_Spi.obj (.text)
                  0000d7ca    0000008b     rts2800_ml.lib : fd_div28.asm.obj (.text)
                  0000d855    00000083                    : fd_mpy28.asm.obj (.text)
                  0000d8d8    00000083                    : fs_div28.asm.obj (.text)
                  0000d95b    00000078                    : fs_add28.asm.obj (.text)
                  0000d9d3    00000075                    : e_sqrtf.c.obj (.text)
                  0000da48    0000005d                    : s_scalbnf.c.obj (.text)
                  0000daa5    0000005a                    : fs_mpy28.asm.obj (.text)
                  0000daff    00000054                    : boot28.asm.obj (.text)
                  0000db53    0000002a                    : l_div28.asm.obj (.text)
                  0000db7d    00000029                    : exit.c.obj (.text)
                  0000dba6    00000029                    : fs_tol28.asm.obj (.text)
                  0000dbcf    00000028     F2806x_PieCtrl.obj (.text)
                  0000dbf7    00000026     F2806x_PieVect.obj (.text)
                  0000dc1d    00000025     rts2800_ml.lib : fs_toi28.asm.obj (.text)
                  0000dc42    00000024                    : cpy_tbl.c.obj (.text)
                  0000dc66    00000021                    : fd_tofs28.asm.obj (.text)
                  0000dc87    0000001d                    : fs_tou28.asm.obj (.text)
                  0000dca4    0000001d                    : memcpy.c.obj (.text)
                  0000dcc1    0000001c                    : fs_tofd28.asm.obj (.text)
                  0000dcdd    0000001a                    : i_tofs28.asm.obj (.text)
                  0000dcf7    0000001a                    : l_tofs28.asm.obj (.text)
                  0000dd11    00000019                    : args_main.c.obj (.text)
                  0000dd2a    00000017                    : fs_cmp28.asm.obj (.text)
                  0000dd41    00000017                    : u_tofd28.asm.obj (.text)
                  0000dd58    00000013                    : ul_tofs28.asm.obj (.text)
                  0000dd6b    00000010                    : u_tofs28.asm.obj (.text)
                  0000dd7b    0000000e                    : fd_sub28.asm.obj (.text)
                  0000dd89    0000000a                    : s_copysignf.c.obj (.text)
                  0000dd93    00000009                    : _lock.c.obj (.text)
                  0000dd9c    00000008     F2806x_CodeStartBranch.obj (.text)
                  0000dda4    00000005     rts2800_ml.lib : fs_neg28.asm.obj (.text)
                  0000dda9    00000002                    : pre_init.c.obj (.text)
                  0000ddab    00000001                    : startup.c.obj (.text)

.pinit     0    00000050    00000000     UNINITIALIZED

.reset     0    003fffc0    00000002     DSECT
                  003fffc0    00000002     rts2800_ml.lib : boot28.asm.obj (.reset)

Flash28_API 
*          0    00008000    00000000     UNINITIALIZED

CLAscratch 
*          1    00008800    00000100     UNINITIALIZED
                  00008800    00000100     --HOLE--

.stack     1    0000a000    00000400     UNINITIALIZED
                  0000a000    00000400     --HOLE--

.ebss      1    0000a400    00000170     UNINITIALIZED
                  0000a400    000000e2     F2806x_GlobalVariableDefs.obj (.ebss)
                  0000a4e2    00000018     F2806x_CpuTimers.obj (.ebss)
                  0000a4fa    00000006     Flash28069API.obj (.ebss)
                  0000a500    00000040     ServoModule.obj (.ebss)
                  0000a540    0000000e     main.obj (.ebss)
                  0000a54e    0000000c     AD7606.obj (.ebss)
                  0000a55a    00000007     AD2S1210.obj (.ebss)
                  0000a561    00000001     rts2800_ml.lib : errno.c.obj (.ebss)
                  0000a562    00000006                    : exit.c.obj (.ebss)
                  0000a568    00000003     F2806x_Adc.obj (.ebss)
                  0000a56b    00000001     --HOLE--
                  0000a56c    00000002     rts2800_ml.lib : _lock.c.obj (.ebss:__lock)
                  0000a56e    00000002                    : _lock.c.obj (.ebss:__unlock)

.econst    1    0000a570    0000014c     
                  0000a570    00000100     F2806x_PieVect.obj (.econst:_PieVectTableInit)
                  0000a670    00000032     rts2800_ml.lib : e_powf.c.obj (.econst)
                  0000a6a2    00000006                    : s_scalbnf.c.obj (.econst)
                  0000a6a8    00000004     ServoModule.obj (.econst)
                  0000a6ac    00000004     rts2800_ml.lib : e_powf.c.obj (.econst:_bp)
                  0000a6b0    00000004                    : e_powf.c.obj (.econst:_dp_h)
                  0000a6b4    00000004                    : e_powf.c.obj (.econst:_dp_l)
                  0000a6b8    00000004                    : e_sqrtf.c.obj (.econst)

Cla1Prog   0    00009000    00000018     
                  00009000    00000008     Servo.obj (Cla1Prog:_Cla1Task1)
                  00009008    00000008     Servo.obj (Cla1Prog:_Cla1Task2)
                  00009010    00000008     Servo.obj (Cla1Prog:_Cla1Task8)

Cla1ToCpuMsgRAM 
*          1    00001480    0000006a     UNINITIALIZED
                  00001480    00000062     F2806x_GlobalVariableDefs.obj (Cla1ToCpuMsgRAM)
                  000014e2    00000008     CLAShareData.obj (Cla1ToCpuMsgRAM)

CpuToCla1MsgRAM 
*          1    00001500    0000007e     UNINITIALIZED
                  00001500    00000076     F2806x_GlobalVariableDefs.obj (CpuToCla1MsgRAM)
                  00001576    00000008     CLAShareData.obj (CpuToCla1MsgRAM)

Cla1DataRam0 
*          1    00008900    000000b2     UNINITIALIZED
                  00008900    000000b2     F2806x_GlobalVariableDefs.obj (Cla1DataRam0)

CLA1mathTables 
*          1    00008c00    00000000     UNINITIALIZED

.cinit     0    003f4000    00000000     UNINITIALIZED

.pinit     0    003f4000    00000000     UNINITIALIZED

ramfuncs   0    00008000    00000000     UNINITIALIZED

.reset     0    003fffc0    00000000     DSECT

vectors    0    003fffc2    00000000     DSECT

DevEmuRegsFile 
*          1    00000880    00000004     UNINITIALIZED
                  00000880    00000004     F2806x_GlobalVariableDefs.obj (DevEmuRegsFile)

SysPwrCtrlRegsFile 
*          1    00000985    00000003     UNINITIALIZED
                  00000985    00000003     F2806x_GlobalVariableDefs.obj (SysPwrCtrlRegsFile)

FlashRegsFile 
*          1    00000a80    00000008     UNINITIALIZED
                  00000a80    00000008     F2806x_GlobalVariableDefs.obj (FlashRegsFile)

CsmRegsFile 
*          1    00000ae0    00000010     UNINITIALIZED
                  00000ae0    00000010     F2806x_GlobalVariableDefs.obj (CsmRegsFile)

AdcResultFile 
*          1    00000b00    00000010     UNINITIALIZED
                  00000b00    00000010     F2806x_GlobalVariableDefs.obj (AdcResultFile)

CpuTimer0RegsFile 
*          1    00000c00    00000008     UNINITIALIZED
                  00000c00    00000008     F2806x_GlobalVariableDefs.obj (CpuTimer0RegsFile)

CpuTimer1RegsFile 
*          1    00000c08    00000008     UNINITIALIZED
                  00000c08    00000008     F2806x_GlobalVariableDefs.obj (CpuTimer1RegsFile)

CpuTimer2RegsFile 
*          1    00000c10    00000008     UNINITIALIZED
                  00000c10    00000008     F2806x_GlobalVariableDefs.obj (CpuTimer2RegsFile)

PieCtrlRegsFile 
*          1    00000ce0    0000001a     UNINITIALIZED
                  00000ce0    0000001a     F2806x_GlobalVariableDefs.obj (PieCtrlRegsFile)

PieVectTableFile 
*          1    00000d00    00000100     UNINITIALIZED
                  00000d00    00000100     F2806x_GlobalVariableDefs.obj (PieVectTableFile)

EmuKeyVar 
*          1    00000d00    00000001     UNINITIALIZED
                  00000d00    00000001     F2806x_GlobalVariableDefs.obj (EmuKeyVar)

EmuBModeVar 
*          1    00000d01    00000001     UNINITIALIZED
                  00000d01    00000001     F2806x_GlobalVariableDefs.obj (EmuBModeVar)

FlashCallbackVar 
*          1    00000d02    00000002     UNINITIALIZED
                  00000d02    00000002     F2806x_GlobalVariableDefs.obj (FlashCallbackVar)

FlashScalingVar 
*          1    00000d04    00000002     UNINITIALIZED
                  00000d04    00000002     F2806x_GlobalVariableDefs.obj (FlashScalingVar)

DmaRegsFile 
*          1    00001000    000000e0     UNINITIALIZED
                  00001000    000000e0     F2806x_GlobalVariableDefs.obj (DmaRegsFile)

Cla1RegsFile 
*          1    00001400    00000040     UNINITIALIZED
                  00001400    00000040     F2806x_GlobalVariableDefs.obj (Cla1RegsFile)

Usb0RegsFile 
*          1    00004000    00000454     UNINITIALIZED
                  00004000    00000454     F2806x_GlobalVariableDefs.obj (Usb0RegsFile)

McbspaRegsFile 
*          1    00005000    00000024     UNINITIALIZED
                  00005000    00000024     F2806x_GlobalVariableDefs.obj (McbspaRegsFile)

ECanaRegsFile 
*          1    00006000    00000034     UNINITIALIZED
                  00006000    00000034     F2806x_GlobalVariableDefs.obj (ECanaRegsFile)

ECanaLAMRegsFile 
*          1    00006040    00000040     UNINITIALIZED
                  00006040    00000040     F2806x_GlobalVariableDefs.obj (ECanaLAMRegsFile)

ECanaMOTSRegsFile 
*          1    00006080    00000040     UNINITIALIZED
                  00006080    00000040     F2806x_GlobalVariableDefs.obj (ECanaMOTSRegsFile)

ECanaMOTORegsFile 
*          1    000060c0    00000040     UNINITIALIZED
                  000060c0    00000040     F2806x_GlobalVariableDefs.obj (ECanaMOTORegsFile)

ECanaMboxesFile 
*          1    00006100    00000100     UNINITIALIZED
                  00006100    00000100     F2806x_GlobalVariableDefs.obj (ECanaMboxesFile)

Comp1RegsFile 
*          1    00006400    00000014     UNINITIALIZED
                  00006400    00000014     F2806x_GlobalVariableDefs.obj (Comp1RegsFile)

Comp2RegsFile 
*          1    00006420    00000014     UNINITIALIZED
                  00006420    00000014     F2806x_GlobalVariableDefs.obj (Comp2RegsFile)

Comp3RegsFile 
*          1    00006440    00000014     UNINITIALIZED
                  00006440    00000014     F2806x_GlobalVariableDefs.obj (Comp3RegsFile)

EPwm1RegsFile 
*          1    00006800    00000040     UNINITIALIZED
                  00006800    00000040     F2806x_GlobalVariableDefs.obj (EPwm1RegsFile)

EPwm2RegsFile 
*          1    00006840    00000040     UNINITIALIZED
                  00006840    00000040     F2806x_GlobalVariableDefs.obj (EPwm2RegsFile)

EPwm3RegsFile 
*          1    00006880    00000040     UNINITIALIZED
                  00006880    00000040     F2806x_GlobalVariableDefs.obj (EPwm3RegsFile)

EPwm4RegsFile 
*          1    000068c0    00000040     UNINITIALIZED
                  000068c0    00000040     F2806x_GlobalVariableDefs.obj (EPwm4RegsFile)

EPwm5RegsFile 
*          1    00006900    00000040     UNINITIALIZED
                  00006900    00000040     F2806x_GlobalVariableDefs.obj (EPwm5RegsFile)

EPwm6RegsFile 
*          1    00006940    00000040     UNINITIALIZED
                  00006940    00000040     F2806x_GlobalVariableDefs.obj (EPwm6RegsFile)

EPwm7RegsFile 
*          1    00006980    00000040     UNINITIALIZED
                  00006980    00000040     F2806x_GlobalVariableDefs.obj (EPwm7RegsFile)

EPwm8RegsFile 
*          1    000069c0    00000040     UNINITIALIZED
                  000069c0    00000040     F2806x_GlobalVariableDefs.obj (EPwm8RegsFile)

ECap1RegsFile 
*          1    00006a00    00000020     UNINITIALIZED
                  00006a00    00000020     F2806x_GlobalVariableDefs.obj (ECap1RegsFile)

ECap2RegsFile 
*          1    00006a20    00000020     UNINITIALIZED
                  00006a20    00000020     F2806x_GlobalVariableDefs.obj (ECap2RegsFile)

ECap3RegsFile 
*          1    00006a40    00000020     UNINITIALIZED
                  00006a40    00000020     F2806x_GlobalVariableDefs.obj (ECap3RegsFile)

HRCap1RegsFile 
*          1    00006ac0    00000020     UNINITIALIZED
                  00006ac0    00000020     F2806x_GlobalVariableDefs.obj (HRCap1RegsFile)

HRCap2RegsFile 
*          1    00006ae0    00000020     UNINITIALIZED
                  00006ae0    00000020     F2806x_GlobalVariableDefs.obj (HRCap2RegsFile)

EQep1RegsFile 
*          1    00006b00    00000022     UNINITIALIZED
                  00006b00    00000022     F2806x_GlobalVariableDefs.obj (EQep1RegsFile)

EQep2RegsFile 
*          1    00006b40    00000022     UNINITIALIZED
                  00006b40    00000022     F2806x_GlobalVariableDefs.obj (EQep2RegsFile)

HRCap3RegsFile 
*          1    00006c80    00000020     UNINITIALIZED
                  00006c80    00000020     F2806x_GlobalVariableDefs.obj (HRCap3RegsFile)

HRCap4RegsFile 
*          1    00006ca0    00000020     UNINITIALIZED
                  00006ca0    00000020     F2806x_GlobalVariableDefs.obj (HRCap4RegsFile)

GpioCtrlRegsFile 
*          1    00006f80    00000040     UNINITIALIZED
                  00006f80    00000040     F2806x_GlobalVariableDefs.obj (GpioCtrlRegsFile)

GpioDataRegsFile 
*          1    00006fc0    00000020     UNINITIALIZED
                  00006fc0    00000020     F2806x_GlobalVariableDefs.obj (GpioDataRegsFile)

GpioIntRegsFile 
*          1    00006fe0    00000020     UNINITIALIZED
                  00006fe0    00000020     F2806x_GlobalVariableDefs.obj (GpioIntRegsFile)

SysCtrlRegsFile 
*          1    00007010    00000030     UNINITIALIZED
                  00007010    00000030     F2806x_GlobalVariableDefs.obj (SysCtrlRegsFile)

SpiaRegsFile 
*          1    00007040    00000010     UNINITIALIZED
                  00007040    00000010     F2806x_GlobalVariableDefs.obj (SpiaRegsFile)

SciaRegsFile 
*          1    00007050    00000010     UNINITIALIZED
                  00007050    00000010     F2806x_GlobalVariableDefs.obj (SciaRegsFile)

NmiIntruptRegsFile 
*          1    00007060    00000010     UNINITIALIZED
                  00007060    00000010     F2806x_GlobalVariableDefs.obj (NmiIntruptRegsFile)

XIntruptRegsFile 
*          1    00007070    00000010     UNINITIALIZED
                  00007070    00000010     F2806x_GlobalVariableDefs.obj (XIntruptRegsFile)

AdcRegsFile 
*          1    00007100    00000050     UNINITIALIZED
                  00007100    00000050     F2806x_GlobalVariableDefs.obj (AdcRegsFile)

SpibRegsFile 
*          1    00007740    00000010     UNINITIALIZED
                  00007740    00000010     F2806x_GlobalVariableDefs.obj (SpibRegsFile)

ScibRegsFile 
*          1    00007750    00000010     UNINITIALIZED
                  00007750    00000010     F2806x_GlobalVariableDefs.obj (ScibRegsFile)

I2caRegsFile 
*          1    00007900    00000022     UNINITIALIZED
                  00007900    00000022     F2806x_GlobalVariableDefs.obj (I2caRegsFile)

PartIdRegsFile 
*          1    003d7e80    00000001     UNINITIALIZED
                  003d7e80    00000001     F2806x_GlobalVariableDefs.obj (PartIdRegsFile)

CsmPwlFile 
*          1    003f7ff8    00000008     UNINITIALIZED
                  003f7ff8    00000008     F2806x_GlobalVariableDefs.obj (CsmPwlFile)

ControlParams 
*          0    000002d2    00000036     
                  000002d2    00000036     main.obj (ControlParams)

MODULE SUMMARY

       Module                          code   initialized data   uninitialized data
       ------                          ----   ----------------   ------------------
    .\
       F2806x_GlobalVariableDefs.obj   0      285                4170              
       ServoModule.obj                 1337   27                 64                
       main.obj                        961    90                 14                
       F2806x_EPwm.obj                 708    0                  0                 
       F2806x_Adc.obj                  696    0                  3                 
       F2806x_DefaultIsr.obj           460    0                  0                 
       F2806x_SysCtrl.obj              414    0                  0                 
       F2806x_PieVect.obj              38     256                0                 
       AD2S1210.obj                    286    0                  7                 
       F2806x_Spi.obj                  145    0                  0                 
       Flash28069API.obj               130    0                  6                 
       F2806x_PieCtrl.obj              40     0                  0                 
       F2806x_CpuTimers.obj            0      0                  24                
       Servo.obj                       24     0                  0                 
       AD7606.obj                      0      7                  12                
       CLAShareData.obj                0      0                  16                
       F2806x_CodeStartBranch.obj      10     0                  0                 
       F2806x_usDelay.obj              4      0                  0                 
    +--+-------------------------------+------+------------------+--------------------+
       Total:                          5253   665                4316              
                                                                                   
    ../lib/rts2800_ml.lib
       e_powf.c.obj                    1054   62                 0                 
       fd_add28.asm.obj                156    0                  0                 
       fd_div28.asm.obj                139    0                  0                 
       fd_mpy28.asm.obj                131    0                  0                 
       fs_div28.asm.obj                131    0                  0                 
       e_sqrtf.c.obj                   117    4                  0                 
       fs_add28.asm.obj                120    0                  0                 
       s_scalbnf.c.obj                 93     6                  0                 
       fs_mpy28.asm.obj                90     0                  0                 
       boot28.asm.obj                  84     0                  0                 
       exit.c.obj                      41     14                 6                 
       l_div28.asm.obj                 42     0                  0                 
       fs_tol28.asm.obj                41     0                  0                 
       fs_toi28.asm.obj                37     0                  0                 
       cpy_tbl.c.obj                   36     0                  0                 
       fd_tofs28.asm.obj               33     0                  0                 
       fs_tou28.asm.obj                29     0                  0                 
       memcpy.c.obj                    29     0                  0                 
       fs_tofd28.asm.obj               28     0                  0                 
       i_tofs28.asm.obj                26     0                  0                 
       l_tofs28.asm.obj                26     0                  0                 
       args_main.c.obj                 25     0                  0                 
       _lock.c.obj                     9      10                 4                 
       fs_cmp28.asm.obj                23     0                  0                 
       u_tofd28.asm.obj                23     0                  0                 
       ul_tofs28.asm.obj               19     0                  0                 
       u_tofs28.asm.obj                16     0                  0                 
       fd_sub28.asm.obj                14     0                  0                 
       s_copysignf.c.obj               10     0                  0                 
       errno.c.obj                     0      4                  1                 
       fs_neg28.asm.obj                5      0                  0                 
       pre_init.c.obj                  2      0                  0                 
       startup.c.obj                   1      0                  0                 
    +--+-------------------------------+------+------------------+--------------------+
       Total:                          2630   100                11                
                                                                                   
       Stack:                          0      0                  1024              
    +--+-------------------------------+------+------------------+--------------------+
       Grand Total:                    7883   765                5351              


GLOBAL DATA SYMBOLS: SORTED BY DATA PAGE

address     data page           name
--------    ----------------    ----
000002d2       b (000002c0)     _c_stDriverParamA

00000880      22 (00000880)     _DevEmuRegs

00000985      26 (00000980)     _SysPwrCtrlRegs

00000a80      2a (00000a80)     _FlashRegs

00000ae0      2b (00000ac0)     _CsmRegs

00000b00      2c (00000b00)     _AdcResult

00000c00      30 (00000c00)     _CpuTimer0Regs
00000c08      30 (00000c00)     _CpuTimer1Regs
00000c10      30 (00000c00)     _CpuTimer2Regs

00000ce0      33 (00000cc0)     _PieCtrlRegs

00000d00      34 (00000d00)     _EmuKey
00000d00      34 (00000d00)     _PieVectTable
00000d01      34 (00000d00)     _EmuBMode
00000d02      34 (00000d00)     _Flash_CallbackPtr
00000d04      34 (00000d00)     _Flash_CPUScaleFactor

00001000      40 (00001000)     _DmaRegs

00001400      50 (00001400)     _Cla1Regs

00001480      52 (00001480)     _g_stClaToCpuData
0000149a      52 (00001480)     _g_piCurqLoopA

000014c0      53 (000014c0)     _g_piCurdLoopA
000014e2      53 (000014c0)     _g_fMeaCurrentQ
000014e4      53 (000014c0)     _g_fMeaCurrentD
000014e6      53 (000014c0)     _g_CosEleAngleA
000014e8      53 (000014c0)     _g_SinEleAngleA

00001500      54 (00001500)     _g_stCpuToClaData

00001540      55 (00001540)     _g_stDriverParamA
00001576      55 (00001540)     _g_fMeaCurrentW
00001578      55 (00001540)     _g_fMeaCurrentV
0000157a      55 (00001540)     _g_fMeaCurrentU
0000157c      55 (00001540)     _EleAngleA

00004000     100 (00004000)     _Usb0Regs

00005000     140 (00005000)     _McbspaRegs

00006000     180 (00006000)     _ECanaRegs

00006040     181 (00006040)     _ECanaLAMRegs

00006080     182 (00006080)     _ECanaMOTSRegs

000060c0     183 (000060c0)     _ECanaMOTORegs

00006100     184 (00006100)     _ECanaMboxes

00006400     190 (00006400)     _Comp1Regs
00006420     190 (00006400)     _Comp2Regs

00006440     191 (00006440)     _Comp3Regs

00006800     1a0 (00006800)     _EPwm1Regs

00006840     1a1 (00006840)     _EPwm2Regs

00006880     1a2 (00006880)     _EPwm3Regs

000068c0     1a3 (000068c0)     _EPwm4Regs

00006900     1a4 (00006900)     _EPwm5Regs

00006940     1a5 (00006940)     _EPwm6Regs

00006980     1a6 (00006980)     _EPwm7Regs

000069c0     1a7 (000069c0)     _EPwm8Regs

00006a00     1a8 (00006a00)     _ECap1Regs
00006a20     1a8 (00006a00)     _ECap2Regs

00006a40     1a9 (00006a40)     _ECap3Regs

00006ac0     1ab (00006ac0)     _HRCap1Regs
00006ae0     1ab (00006ac0)     _HRCap2Regs

00006b00     1ac (00006b00)     _EQep1Regs

00006b40     1ad (00006b40)     _EQep2Regs

00006c80     1b2 (00006c80)     _HRCap3Regs
00006ca0     1b2 (00006c80)     _HRCap4Regs

00006f80     1be (00006f80)     _GpioCtrlRegs

00006fc0     1bf (00006fc0)     _GpioDataRegs
00006fe0     1bf (00006fc0)     _GpioIntRegs

00007010     1c0 (00007000)     _SysCtrlRegs

00007040     1c1 (00007040)     _SpiaRegs
00007050     1c1 (00007040)     _SciaRegs
00007060     1c1 (00007040)     _NmiIntruptRegs
00007070     1c1 (00007040)     _XIntruptRegs

00007100     1c4 (00007100)     _AdcRegs

00007740     1dd (00007740)     _SpibRegs
00007750     1dd (00007740)     _ScibRegs

00007900     1e4 (00007900)     _I2caRegs

00008900     224 (00008900)     _ClarkeA
0000890a     224 (00008900)     _IparkA
00008918     224 (00008900)     _ParkA
00008926     224 (00008900)     _g_lpfPwmPercent

00008940     225 (00008940)     _g_lpfRefCurrentQ
00008952     225 (00008940)     _Svgen_dqA

00008980     226 (00008980)     _g_stMotorCurrentA

0000a000     280 (0000a000)     __stack

0000a400     290 (0000a400)     _g_iSendCount
0000a401     290 (0000a400)     _g_bSendFlag
0000a402     290 (0000a400)     _iRevData
0000a403     290 (0000a400)     _g_iPosCnt
0000a404     290 (0000a400)     _TimeSequence
0000a405     290 (0000a400)     _g_iRecvCount
0000a406     290 (0000a400)     _g_iRefreshCount
0000a407     290 (0000a400)     _g_bNewCommandArrived
0000a408     290 (0000a400)     _iChecksum
0000a409     290 (0000a400)     _g_iSendStateCount
0000a40a     290 (0000a400)     _g_iEPwmTZIntCount
0000a40b     290 (0000a400)     _g_iMotorTemp
0000a40c     290 (0000a400)     _g_iNewDataTimeCount
0000a40d     290 (0000a400)     _g_iDriverTemp
0000a40e     290 (0000a400)     _errVel
0000a410     290 (0000a400)     _g_iPosRef
0000a412     290 (0000a400)     _g_iMeaDCVoltage
0000a414     290 (0000a400)     _g_stCommand
0000a41e     290 (0000a400)     _g_stPositionDataA

0000a440     291 (0000a440)     _g_piCurLoopA

0000a480     292 (0000a480)     _g_piCurLoopB

0000a4c0     293 (0000a4c0)     _g_stRespond
0000a4e2     293 (0000a4c0)     _CpuTimer1
0000a4ea     293 (0000a4c0)     _CpuTimer2
0000a4f2     293 (0000a4c0)     _CpuTimer0
0000a4fa     293 (0000a4c0)     _MyCallbackCounter
0000a4fc     293 (0000a4c0)     _FlashStatus

0000a501     294 (0000a500)     _g_iPostest
0000a504     294 (0000a500)     _g_pCommand
0000a508     294 (0000a500)     _g_pRespond
0000a50a     294 (0000a500)     _g_fVdctest
0000a50c     294 (0000a500)     _ECanaShadow

0000a540     295 (0000a540)     _SampleFlag
0000a541     295 (0000a540)     _temp1
0000a542     295 (0000a540)     _index
0000a543     295 (0000a540)     _temp2
0000a544     295 (0000a540)     _HallTest
0000a545     295 (0000a540)     _SampleSize
0000a546     295 (0000a540)     _SumB
0000a548     295 (0000a540)     _SumA
0000a54a     295 (0000a540)     _SumD
0000a54c     295 (0000a540)     _SumC
0000a54e     295 (0000a540)     _g_fMeaCurrentOffsetV
0000a550     295 (0000a540)     _g_fMeaCurrentOffsetU
0000a552     295 (0000a540)     _g_fMeaDCVoltageOffset
0000a554     295 (0000a540)     _g_fMeaCurrentOffsetW
0000a556     295 (0000a540)     _AD_sample
0000a55a     295 (0000a540)     _AD2S1210_Resolver
0000a561     295 (0000a540)     _errno
0000a562     295 (0000a540)     ___TI_enable_exit_profile_output
0000a564     295 (0000a540)     ___TI_cleanup_ptr
0000a566     295 (0000a540)     ___TI_dtors_ptr
0000a568     295 (0000a540)     _g_iMeaDCVoltageOffset
0000a569     295 (0000a540)     _g_iDriverTempOffset
0000a56a     295 (0000a540)     _g_iMotorTempOffset
0000a56c     295 (0000a540)     __lock
0000a56e     295 (0000a540)     __unlock
0000a570     295 (0000a540)     _PieVectTableInit

003d7e80    f5fa (003d7e80)     _PartIdRegs

003f7ff8    fdff (003f7fc0)     _CsmPwl


GLOBAL SYMBOLS: SORTED ALPHABETICALLY BY Name 

page  address   name                            
----  -------   ----                            
0     0000c000  .text                           
0     0000db7d  C$$EXIT                         
abs   00000100  CLA_SCRATCHPAD_SIZE             
0     0000d69d  FD$$ADD                         
0     0000d7ca  FD$$DIV                         
0     0000d855  FD$$MPY                         
0     0000dd7b  FD$$SUB                         
0     0000dc66  FD$$TOFS                        
0     0000d960  FS$$ADD                         
0     0000dd2a  FS$$CMP                         
0     0000d8d8  FS$$DIV                         
0     0000daa5  FS$$MPY                         
0     0000dda4  FS$$NEG                         
0     0000d95b  FS$$SUB                         
0     0000dcc1  FS$$TOFD                        
0     0000dc1d  FS$$TOI                         
0     0000dba6  FS$$TOL                         
0     0000dc87  FS$$TOU                         
0     0000dcdd  I$$TOFS                         
0     0000db53  L$$DIV                          
0     0000db62  L$$MOD                          
0     0000dcf7  L$$TOFS                         
0     0000dd41  U$$TOFD                         
0     0000dd6b  U$$TOFS                         
0     0000db70  UL$$DIV                         
0     0000db77  UL$$MOD                         
0     0000dd58  UL$$TOFS                        
0     0000d669  _AD2S1210_ClearFault            
0     0000d5fe  _AD2S1210_Init                  
0     0000024f  _AD2S1210_Read                  
1     0000a55a  _AD2S1210_Resolver              
0     0000d68d  _AD2S1210_SetPara               
0     0000d13c  _ADCINT1_ISR                    
0     0000d141  _ADCINT2_ISR                    
0     0000d245  _ADCINT3_ISR                    
0     0000d24a  _ADCINT4_ISR                    
0     0000d24f  _ADCINT5_ISR                    
0     0000d254  _ADCINT6_ISR                    
0     0000d259  _ADCINT7_ISR                    
0     0000d25e  _ADCINT8_ISR                    
0     0000d150  _ADCINT9_ISR                    
1     0000a556  _AD_sample                      
0     0000cccc  _AdcChanSelect                  
0     0000cd41  _AdcConversion                  
0     0000cca5  _AdcOffsetSelfCal               
1     00007100  _AdcRegs                        
1     00000b00  _AdcResult                      
0     0000d263  _CLA1_INT1_ISR                  
0     0000d268  _CLA1_INT2_ISR                  
0     0000d26d  _CLA1_INT3_ISR                  
0     0000d272  _CLA1_INT4_ISR                  
0     0000d277  _CLA1_INT5_ISR                  
0     0000d27c  _CLA1_INT6_ISR                  
0     0000d281  _CLA1_INT7_ISR                  
0     0000d286  _CLA1_INT8_ISR                  
0     0000c140  _CanTx                          
0     0000c105  _CheckFault                     
0     00009000  _Cla1Prog_Start                 
1     00001400  _Cla1Regs                       
0     00009000  _Cla1Task1                      
0     00009008  _Cla1Task2                      
0     00009010  _Cla1Task8                      
0     00009018  _Cla1funcsLoadEnd               
abs   00000018  _Cla1funcsLoadSize              
0     00009000  _Cla1funcsLoadStart             
0     00009000  _Cla1funcsRunStart              
1     00008c00  _Cla1mathTablesLoadEnd          
abs   00000000  _Cla1mathTablesLoadSize         
1     00008c00  _Cla1mathTablesLoadStart        
1     00008c00  _Cla1mathTablesRunStart         
1     00008900  _ClarkeA                        
1     00006400  _Comp1Regs                      
1     00006420  _Comp2Regs                      
1     00006440  _Comp3Regs                      
1     0000a4f2  _CpuTimer0                      
1     00000c00  _CpuTimer0Regs                  
1     0000a4e2  _CpuTimer1                      
1     00000c08  _CpuTimer1Regs                  
1     0000a4ea  _CpuTimer2                      
1     00000c10  _CpuTimer2Regs                  
1     003f7ff8  _CsmPwl                         
1     00000ae0  _CsmRegs                        
0     0000d564  _CsmUnlock                      
0     0000c47b  _CtoF32                         
0     0000d0e7  _DATALOG_ISR                    
0     0000d1ff  _DINTCH1_ISR                    
0     0000d204  _DINTCH2_ISR                    
0     0000d209  _DINTCH3_ISR                    
0     0000d20e  _DINTCH4_ISR                    
0     0000d213  _DINTCH5_ISR                    
0     0000d218  _DINTCH6_ISR                    
0     000002ce  _DSP28x_usDelay                 
1     00000880  _DevEmuRegs                     
0     0000d484  _DisableDog                     
1     00001000  _DmaRegs                        
0     0000d23b  _ECAN0INTA_ISR                  
0     0000d240  _ECAN1INTA_ISR                  
0     0000d1af  _ECAP1_INT_ISR                  
0     0000d1b4  _ECAP2_INT_ISR                  
0     0000d1b9  _ECAP3_INT_ISR                  
1     00006040  _ECanaLAMRegs                   
1     000060c0  _ECanaMOTORegs                  
1     00006080  _ECanaMOTSRegs                  
1     00006100  _ECanaMboxes                    
1     00006000  _ECanaRegs                      
1     0000a50c  _ECanaShadow                    
1     00006a00  _ECap1Regs                      
1     00006a20  _ECap2Regs                      
1     00006a40  _ECap3Regs                      
0     0000d29a  _EMPTY_ISR                      
0     0000d0f1  _EMUINT_ISR                     
0     0000d187  _EPWM1_INT_ISR                  
0     0000d15f  _EPWM1_TZINT_ISR                
0     0000d18c  _EPWM2_INT_ISR                  
0     0000d164  _EPWM2_TZINT_ISR                
0     0000d191  _EPWM3_INT_ISR                  
0     0000d169  _EPWM3_TZINT_ISR                
0     0000d196  _EPWM4_INT_ISR                  
0     0000d16e  _EPWM4_TZINT_ISR                
0     0000d19b  _EPWM5_INT_ISR                  
0     0000d173  _EPWM5_TZINT_ISR                
0     0000d1a0  _EPWM6_INT_ISR                  
0     0000d178  _EPWM6_TZINT_ISR                
0     0000d1a5  _EPWM7_INT_ISR                  
0     0000d17d  _EPWM7_TZINT_ISR                
0     0000d1aa  _EPWM8_INT_ISR                  
0     0000d182  _EPWM8_TZINT_ISR                
1     00006800  _EPwm1Regs                      
1     00006840  _EPwm2Regs                      
1     00006880  _EPwm3Regs                      
1     000068c0  _EPwm4Regs                      
1     00006900  _EPwm5Regs                      
1     00006940  _EPwm6Regs                      
1     00006980  _EPwm7Regs                      
1     000069c0  _EPwm8Regs                      
0     0000d1c8  _EQEP1_INT_ISR                  
0     0000d1cd  _EQEP2_INT_ISR                  
1     00006b00  _EQep1Regs                      
1     00006b40  _EQep2Regs                      
1     0000157c  _EleAngleA                      
1     00000d01  _EmuBMode                       
1     00000d00  _EmuKey                         
0     0000dbee  _EnableInterrupts               
0     0000d5d5  _ExtOscSel                      
0     0000c495  _F32toC                         
0     0000c4c1  _F32toC2                        
0     0000c4ef  _F32toC2_3                      
abs   003ffebd  _Flash2806x_Erase               
abs   003ffebb  _Flash2806x_Program             
abs   003ffedf  _Flash2806x_Verify              
0     00008000  _Flash28_API_LoadEnd            
0     00008000  _Flash28_API_LoadStart          
0     00008000  _Flash28_API_RunStart           
0     000001cd  _FlashControlParams             
1     00000a80  _FlashRegs                      
1     0000a4fc  _FlashStatus                    
1     00000d04  _Flash_CPUScaleFactor           
1     00000d02  _Flash_CallbackPtr              
0     0000c15d  _GetCanCommand                  
0     0000c028  _GetEncoder                     
0     0000c1c8  _GetSerialCommand               
0     0000c51d  _GetTemp                        
1     00006f80  _GpioCtrlRegs                   
1     00006fc0  _GpioDataRegs                   
1     00006fe0  _GpioIntRegs                    
0     0000d1be  _HRCAP1_INT_ISR                 
0     0000d1c3  _HRCAP2_INT_ISR                 
0     0000d1d2  _HRCAP3_INT_ISR                 
0     0000d1d7  _HRCAP4_INT_ISR                 
1     00006ac0  _HRCap1Regs                     
1     00006ae0  _HRCap2Regs                     
1     00006c80  _HRCap3Regs                     
1     00006ca0  _HRCap4Regs                     
1     0000a544  _HallTest                       
0     0000d21d  _I2CINT1A_ISR                   
0     0000d222  _I2CINT2A_ISR                   
1     00007900  _I2caRegs                       
0     0000d0fb  _ILLEGAL_ISR                    
0     0000d0dd  _INT13_ISR                      
0     0000d0e2  _INT14_ISR                      
0     0000cc1b  _InitAdc                        
0     0000cc4c  _InitAdcAio                     
0     0000cf12  _InitCLA                        
0     0000c007  _InitController                 
0     0000cf35  _InitDriverParam                
0     0000c957  _InitEPwm                       
0     0000ca4d  _InitEPwm1                      
0     0000c987  _InitEPwm1Gpio                  
0     0000ca98  _InitEPwm2                      
0     0000c999  _InitEPwm2Gpio                  
0     0000caf2  _InitEPwm3                      
0     0000c9ab  _InitEPwm3Gpio                  
0     0000cb4c  _InitEPwm4                      
0     0000c9bf  _InitEPwm4Gpio                  
0     0000cb81  _InitEPwm5                      
0     0000c9d3  _InitEPwm5Gpio                  
0     0000c9e5  _InitEPwm6Gpio                  
0     0000cbb6  _InitEPwm7                      
0     0000c9f7  _InitEPwm7Gpio                  
0     0000ca09  _InitEPwm8Gpio                  
0     0000c976  _InitEPwmGpio                   
0     0000ca1b  _InitEPwmSyncGpio               
0     0000d50f  _InitPeripheralClocks           
0     0000dbcf  _InitPieCtrl                    
0     0000dbf7  _InitPieVectTable               
0     0000d48c  _InitPll                        
0     0000d4e1  _InitPll2                       
0     0000d739  _InitSpi                        
0     0000d744  _InitSpiGpio                    
0     0000d749  _InitSpiaGpio                   
0     0000d76d  _InitSpibGpio                   
0     0000d460  _InitSysCtrl                    
0     0000ca2c  _InitTzGpio                     
0     0000d595  _IntOsc1Sel                     
0     0000d5a5  _IntOsc2Sel                     
1     0000890a  _IparkA                         
0     0000d295  _LUF_ISR                        
0     0000d290  _LVF_ISR                        
0     0000d1f5  _MRINTA_ISR                     
0     0000d1fa  _MXINTA_ISR                     
1     00005000  _McbspaRegs                     
0     0000d5eb  _MemCopy                        
1     0000a4fa  _MyCallbackCounter              
0     00000247  _MyCallbackFunction             
0     0000d0f6  _NMI_ISR                        
1     00007060  _NmiIntruptRegs                 
0     0000d29f  _PIE_RESERVED                   
0     0000cf96  _PI_CUR_MACRO                   
1     00008918  _ParkA                          
1     003d7e80  _PartIdRegs                     
1     00000ce0  _PieCtrlRegs                    
1     00000d00  _PieVectTable                   
1     0000a570  _PieVectTableInit               
0     0000c078  _ProcessEncoder                 
0     0000c211  _ProcessSerialCommand           
0     0000d0b2  _RESET_PI_CUR                   
0     0000d0ec  _RTOSINT_ISR                    
0     00008000  _RamfuncsLoadEnd                
0     00008000  _RamfuncsLoadStart              
0     00008000  _RamfuncsRunStart               
0     0000c3ae  _ReturnDataToMc                 
0     0000d227  _SCIRXINTA_ISR                  
0     0000d231  _SCIRXINTB_ISR                  
0     0000d22c  _SCITXINTA_ISR                  
0     0000d236  _SCITXINTB_ISR                  
0     0000d1e1  _SPIRXINTA_ISR                  
0     0000d1eb  _SPIRXINTB_ISR                  
0     0000d1e6  _SPITXINTA_ISR                  
0     0000d1f0  _SPITXINTB_ISR                  
1     0000a540  _SampleFlag                     
1     0000a545  _SampleSize                     
1     00007050  _SciaRegs                       
1     00007750  _ScibRegs                       
0     0000d47a  _ServiceDog                     
0     0000c000  _SetParameters                  
1     00007040  _SpiaRegs                       
0     0000d785  _Spia_init                      
0     0000d79e  _Spia_xmit                      
1     00007740  _SpibRegs                       
0     0000d7ab  _Spib_init                      
1     0000a548  _SumA                           
1     0000a546  _SumB                           
1     0000a54c  _SumC                           
1     0000a54a  _SumD                           
1     00008952  _Svgen_dqA                      
1     00007010  _SysCtrlRegs                    
1     00000985  _SysPwrCtrlRegs                 
0     0000d155  _TINT0_ISR                      
1     0000a404  _TimeSequence                   
0     0000d1dc  _USB0_INT_ISR                   
0     0000d12d  _USER10_ISR                     
0     0000d132  _USER11_ISR                     
0     0000d137  _USER12_ISR                     
0     0000d100  _USER1_ISR                      
0     0000d105  _USER2_ISR                      
0     0000d10a  _USER3_ISR                      
0     0000d10f  _USER4_ISR                      
0     0000d114  _USER5_ISR                      
0     0000d119  _USER6_ISR                      
0     0000d11e  _USER7_ISR                      
0     0000d123  _USER8_ISR                      
0     0000d128  _USER9_ISR                      
1     00004000  _Usb0Regs                       
0     0000ced2  _User_AdcOffset                 
0     0000ce67  _User_InitADC                   
0     0000d15a  _WAKEINT_ISR                    
0     0000d146  _XINT1_ISR                      
0     0000d14b  _XINT2_ISR                      
0     0000d28b  _XINT3_ISR                      
1     00007070  _XIntruptRegs                   
0     0000d5b9  _XtalOscSel                     
1     0000a400  __STACK_END                     
abs   00000400  __STACK_SIZE                    
1     0000a564  ___TI_cleanup_ptr               
1     0000a566  ___TI_dtors_ptr                 
1     0000a562  ___TI_enable_exit_profile_output
abs   ffffffff  ___TI_pprof_out_hndl            
abs   ffffffff  ___TI_prof_data_size            
abs   ffffffff  ___TI_prof_data_start           
abs   ffffffff  ___binit__                      
abs   ffffffff  ___c_args__                     
0     00000050  ___cinit__                      
0     0000ddac  ___etext__                      
abs   ffffffff  ___pinit__                      
0     0000c000  ___text__                       
0     0000dd11  __args_main                     
1     0000a56c  __lock                          
0     0000dd9b  __nop                           
0     0000dd97  __register_lock                 
0     0000dd93  __register_unlock               
1     0000a000  __stack                         
0     0000ddab  __system_post_cinit             
0     0000dda9  __system_pre_init               
1     0000a56e  __unlock                        
0     0000db7d  _abort                          
0     0000daff  _c_int00                        
0     000002d2  _c_stDriverParamA               
0     0000dc42  _copy_in                        
0     0000dd89  _copysign                       
0     0000dd89  _copysignf                      
0     0000d2a9  _epwm1_isr                      
1     0000a40e  _errVel                         
1     0000a561  _errno                          
0     0000db7f  _exit                           
1     000014e6  _g_CosEleAngleA                 
1     000014e8  _g_SinEleAngleA                 
1     0000a407  _g_bNewCommandArrived           
1     0000a401  _g_bSendFlag                    
1     000014e4  _g_fMeaCurrentD                 
1     0000a550  _g_fMeaCurrentOffsetU           
1     0000a54e  _g_fMeaCurrentOffsetV           
1     0000a554  _g_fMeaCurrentOffsetW           
1     000014e2  _g_fMeaCurrentQ                 
1     0000157a  _g_fMeaCurrentU                 
1     00001578  _g_fMeaCurrentV                 
1     00001576  _g_fMeaCurrentW                 
1     0000a552  _g_fMeaDCVoltageOffset          
1     0000a50a  _g_fVdctest                     
1     0000a40d  _g_iDriverTemp                  
1     0000a569  _g_iDriverTempOffset            
1     0000a40a  _g_iEPwmTZIntCount              
1     0000a412  _g_iMeaDCVoltage                
1     0000a568  _g_iMeaDCVoltageOffset          
1     0000a40b  _g_iMotorTemp                   
1     0000a56a  _g_iMotorTempOffset             
1     0000a40c  _g_iNewDataTimeCount            
1     0000a403  _g_iPosCnt                      
1     0000a410  _g_iPosRef                      
1     0000a501  _g_iPostest                     
1     0000a405  _g_iRecvCount                   
1     0000a406  _g_iRefreshCount                
1     0000a400  _g_iSendCount                   
1     0000a409  _g_iSendStateCount              
1     00008926  _g_lpfPwmPercent                
1     00008940  _g_lpfRefCurrentQ               
1     0000a504  _g_pCommand                     
1     0000a508  _g_pRespond                     
1     0000a440  _g_piCurLoopA                   
1     0000a480  _g_piCurLoopB                   
1     000014c0  _g_piCurdLoopA                  
1     0000149a  _g_piCurqLoopA                  
1     00001480  _g_stClaToCpuData               
1     0000a414  _g_stCommand                    
1     00001500  _g_stCpuToClaData               
1     00001540  _g_stDriverParamA               
1     00008980  _g_stMotorCurrentA              
1     0000a41e  _g_stPositionDataA              
1     0000a4c0  _g_stRespond                    
1     0000a408  _iChecksum                      
1     0000a402  _iRevData                       
1     0000a542  _index                          
0     0000da48  _ldexp                          
0     0000da48  _ldexpf                         
0     0000ced3  _main                           
0     0000dca4  _memcpy                         
0     0000c539  _pow                            
0     0000c539  _powf                           
0     0000d2a4  _rsvd_ISR                       
0     0000da48  _scalbn                         
0     0000da48  _scalbnf                        
0     0000d7c2  _spi_fifo_init                  
0     0000d9d3  _sqrt                           
0     0000d9d3  _sqrtf                          
1     0000a541  _temp1                          
1     0000a543  _temp2                          
abs   ffffffff  binit                           
0     00000050  cinit                           
0     00000000  code_start                      
0     0000ddac  etext                           
abs   ffffffff  pinit                           


GLOBAL SYMBOLS: SORTED BY Symbol Address 

page  address   name                            
----  -------   ----                            
0     00000000  code_start                      
0     00000050  ___cinit__                      
0     00000050  cinit                           
0     000001cd  _FlashControlParams             
0     00000247  _MyCallbackFunction             
0     0000024f  _AD2S1210_Read                  
0     000002ce  _DSP28x_usDelay                 
0     000002d2  _c_stDriverParamA               
0     00008000  _Flash28_API_LoadEnd            
0     00008000  _Flash28_API_LoadStart          
0     00008000  _Flash28_API_RunStart           
0     00008000  _RamfuncsLoadEnd                
0     00008000  _RamfuncsLoadStart              
0     00008000  _RamfuncsRunStart               
0     00009000  _Cla1Prog_Start                 
0     00009000  _Cla1Task1                      
0     00009000  _Cla1funcsLoadStart             
0     00009000  _Cla1funcsRunStart              
0     00009008  _Cla1Task2                      
0     00009010  _Cla1Task8                      
0     00009018  _Cla1funcsLoadEnd               
0     0000c000  .text                           
0     0000c000  _SetParameters                  
0     0000c000  ___text__                       
0     0000c007  _InitController                 
0     0000c028  _GetEncoder                     
0     0000c078  _ProcessEncoder                 
0     0000c105  _CheckFault                     
0     0000c140  _CanTx                          
0     0000c15d  _GetCanCommand                  
0     0000c1c8  _GetSerialCommand               
0     0000c211  _ProcessSerialCommand           
0     0000c3ae  _ReturnDataToMc                 
0     0000c47b  _CtoF32                         
0     0000c495  _F32toC                         
0     0000c4c1  _F32toC2                        
0     0000c4ef  _F32toC2_3                      
0     0000c51d  _GetTemp                        
0     0000c539  _pow                            
0     0000c539  _powf                           
0     0000c957  _InitEPwm                       
0     0000c976  _InitEPwmGpio                   
0     0000c987  _InitEPwm1Gpio                  
0     0000c999  _InitEPwm2Gpio                  
0     0000c9ab  _InitEPwm3Gpio                  
0     0000c9bf  _InitEPwm4Gpio                  
0     0000c9d3  _InitEPwm5Gpio                  
0     0000c9e5  _InitEPwm6Gpio                  
0     0000c9f7  _InitEPwm7Gpio                  
0     0000ca09  _InitEPwm8Gpio                  
0     0000ca1b  _InitEPwmSyncGpio               
0     0000ca2c  _InitTzGpio                     
0     0000ca4d  _InitEPwm1                      
0     0000ca98  _InitEPwm2                      
0     0000caf2  _InitEPwm3                      
0     0000cb4c  _InitEPwm4                      
0     0000cb81  _InitEPwm5                      
0     0000cbb6  _InitEPwm7                      
0     0000cc1b  _InitAdc                        
0     0000cc4c  _InitAdcAio                     
0     0000cca5  _AdcOffsetSelfCal               
0     0000cccc  _AdcChanSelect                  
0     0000cd41  _AdcConversion                  
0     0000ce67  _User_InitADC                   
0     0000ced2  _User_AdcOffset                 
0     0000ced3  _main                           
0     0000cf12  _InitCLA                        
0     0000cf35  _InitDriverParam                
0     0000cf96  _PI_CUR_MACRO                   
0     0000d0b2  _RESET_PI_CUR                   
0     0000d0dd  _INT13_ISR                      
0     0000d0e2  _INT14_ISR                      
0     0000d0e7  _DATALOG_ISR                    
0     0000d0ec  _RTOSINT_ISR                    
0     0000d0f1  _EMUINT_ISR                     
0     0000d0f6  _NMI_ISR                        
0     0000d0fb  _ILLEGAL_ISR                    
0     0000d100  _USER1_ISR                      
0     0000d105  _USER2_ISR                      
0     0000d10a  _USER3_ISR                      
0     0000d10f  _USER4_ISR                      
0     0000d114  _USER5_ISR                      
0     0000d119  _USER6_ISR                      
0     0000d11e  _USER7_ISR                      
0     0000d123  _USER8_ISR                      
0     0000d128  _USER9_ISR                      
0     0000d12d  _USER10_ISR                     
0     0000d132  _USER11_ISR                     
0     0000d137  _USER12_ISR                     
0     0000d13c  _ADCINT1_ISR                    
0     0000d141  _ADCINT2_ISR                    
0     0000d146  _XINT1_ISR                      
0     0000d14b  _XINT2_ISR                      
0     0000d150  _ADCINT9_ISR                    
0     0000d155  _TINT0_ISR                      
0     0000d15a  _WAKEINT_ISR                    
0     0000d15f  _EPWM1_TZINT_ISR                
0     0000d164  _EPWM2_TZINT_ISR                
0     0000d169  _EPWM3_TZINT_ISR                
0     0000d16e  _EPWM4_TZINT_ISR                
0     0000d173  _EPWM5_TZINT_ISR                
0     0000d178  _EPWM6_TZINT_ISR                
0     0000d17d  _EPWM7_TZINT_ISR                
0     0000d182  _EPWM8_TZINT_ISR                
0     0000d187  _EPWM1_INT_ISR                  
0     0000d18c  _EPWM2_INT_ISR                  
0     0000d191  _EPWM3_INT_ISR                  
0     0000d196  _EPWM4_INT_ISR                  
0     0000d19b  _EPWM5_INT_ISR                  
0     0000d1a0  _EPWM6_INT_ISR                  
0     0000d1a5  _EPWM7_INT_ISR                  
0     0000d1aa  _EPWM8_INT_ISR                  
0     0000d1af  _ECAP1_INT_ISR                  
0     0000d1b4  _ECAP2_INT_ISR                  
0     0000d1b9  _ECAP3_INT_ISR                  
0     0000d1be  _HRCAP1_INT_ISR                 
0     0000d1c3  _HRCAP2_INT_ISR                 
0     0000d1c8  _EQEP1_INT_ISR                  
0     0000d1cd  _EQEP2_INT_ISR                  
0     0000d1d2  _HRCAP3_INT_ISR                 
0     0000d1d7  _HRCAP4_INT_ISR                 
0     0000d1dc  _USB0_INT_ISR                   
0     0000d1e1  _SPIRXINTA_ISR                  
0     0000d1e6  _SPITXINTA_ISR                  
0     0000d1eb  _SPIRXINTB_ISR                  
0     0000d1f0  _SPITXINTB_ISR                  
0     0000d1f5  _MRINTA_ISR                     
0     0000d1fa  _MXINTA_ISR                     
0     0000d1ff  _DINTCH1_ISR                    
0     0000d204  _DINTCH2_ISR                    
0     0000d209  _DINTCH3_ISR                    
0     0000d20e  _DINTCH4_ISR                    
0     0000d213  _DINTCH5_ISR                    
0     0000d218  _DINTCH6_ISR                    
0     0000d21d  _I2CINT1A_ISR                   
0     0000d222  _I2CINT2A_ISR                   
0     0000d227  _SCIRXINTA_ISR                  
0     0000d22c  _SCITXINTA_ISR                  
0     0000d231  _SCIRXINTB_ISR                  
0     0000d236  _SCITXINTB_ISR                  
0     0000d23b  _ECAN0INTA_ISR                  
0     0000d240  _ECAN1INTA_ISR                  
0     0000d245  _ADCINT3_ISR                    
0     0000d24a  _ADCINT4_ISR                    
0     0000d24f  _ADCINT5_ISR                    
0     0000d254  _ADCINT6_ISR                    
0     0000d259  _ADCINT7_ISR                    
0     0000d25e  _ADCINT8_ISR                    
0     0000d263  _CLA1_INT1_ISR                  
0     0000d268  _CLA1_INT2_ISR                  
0     0000d26d  _CLA1_INT3_ISR                  
0     0000d272  _CLA1_INT4_ISR                  
0     0000d277  _CLA1_INT5_ISR                  
0     0000d27c  _CLA1_INT6_ISR                  
0     0000d281  _CLA1_INT7_ISR                  
0     0000d286  _CLA1_INT8_ISR                  
0     0000d28b  _XINT3_ISR                      
0     0000d290  _LVF_ISR                        
0     0000d295  _LUF_ISR                        
0     0000d29a  _EMPTY_ISR                      
0     0000d29f  _PIE_RESERVED                   
0     0000d2a4  _rsvd_ISR                       
0     0000d2a9  _epwm1_isr                      
0     0000d460  _InitSysCtrl                    
0     0000d47a  _ServiceDog                     
0     0000d484  _DisableDog                     
0     0000d48c  _InitPll                        
0     0000d4e1  _InitPll2                       
0     0000d50f  _InitPeripheralClocks           
0     0000d564  _CsmUnlock                      
0     0000d595  _IntOsc1Sel                     
0     0000d5a5  _IntOsc2Sel                     
0     0000d5b9  _XtalOscSel                     
0     0000d5d5  _ExtOscSel                      
0     0000d5eb  _MemCopy                        
0     0000d5fe  _AD2S1210_Init                  
0     0000d669  _AD2S1210_ClearFault            
0     0000d68d  _AD2S1210_SetPara               
0     0000d69d  FD$$ADD                         
0     0000d739  _InitSpi                        
0     0000d744  _InitSpiGpio                    
0     0000d749  _InitSpiaGpio                   
0     0000d76d  _InitSpibGpio                   
0     0000d785  _Spia_init                      
0     0000d79e  _Spia_xmit                      
0     0000d7ab  _Spib_init                      
0     0000d7c2  _spi_fifo_init                  
0     0000d7ca  FD$$DIV                         
0     0000d855  FD$$MPY                         
0     0000d8d8  FS$$DIV                         
0     0000d95b  FS$$SUB                         
0     0000d960  FS$$ADD                         
0     0000d9d3  _sqrt                           
0     0000d9d3  _sqrtf                          
0     0000da48  _ldexp                          
0     0000da48  _ldexpf                         
0     0000da48  _scalbn                         
0     0000da48  _scalbnf                        
0     0000daa5  FS$$MPY                         
0     0000daff  _c_int00                        
0     0000db53  L$$DIV                          
0     0000db62  L$$MOD                          
0     0000db70  UL$$DIV                         
0     0000db77  UL$$MOD                         
0     0000db7d  C$$EXIT                         
0     0000db7d  _abort                          
0     0000db7f  _exit                           
0     0000dba6  FS$$TOL                         
0     0000dbcf  _InitPieCtrl                    
0     0000dbee  _EnableInterrupts               
0     0000dbf7  _InitPieVectTable               
0     0000dc1d  FS$$TOI                         
0     0000dc42  _copy_in                        
0     0000dc66  FD$$TOFS                        
0     0000dc87  FS$$TOU                         
0     0000dca4  _memcpy                         
0     0000dcc1  FS$$TOFD                        
0     0000dcdd  I$$TOFS                         
0     0000dcf7  L$$TOFS                         
0     0000dd11  __args_main                     
0     0000dd2a  FS$$CMP                         
0     0000dd41  U$$TOFD                         
0     0000dd58  UL$$TOFS                        
0     0000dd6b  U$$TOFS                         
0     0000dd7b  FD$$SUB                         
0     0000dd89  _copysign                       
0     0000dd89  _copysignf                      
0     0000dd93  __register_unlock               
0     0000dd97  __register_lock                 
0     0000dd9b  __nop                           
0     0000dda4  FS$$NEG                         
0     0000dda9  __system_pre_init               
0     0000ddab  __system_post_cinit             
0     0000ddac  ___etext__                      
0     0000ddac  etext                           
1     00000880  _DevEmuRegs                     
1     00000985  _SysPwrCtrlRegs                 
1     00000a80  _FlashRegs                      
1     00000ae0  _CsmRegs                        
1     00000b00  _AdcResult                      
1     00000c00  _CpuTimer0Regs                  
1     00000c08  _CpuTimer1Regs                  
1     00000c10  _CpuTimer2Regs                  
1     00000ce0  _PieCtrlRegs                    
1     00000d00  _EmuKey                         
1     00000d00  _PieVectTable                   
1     00000d01  _EmuBMode                       
1     00000d02  _Flash_CallbackPtr              
1     00000d04  _Flash_CPUScaleFactor           
1     00001000  _DmaRegs                        
1     00001400  _Cla1Regs                       
1     00001480  _g_stClaToCpuData               
1     0000149a  _g_piCurqLoopA                  
1     000014c0  _g_piCurdLoopA                  
1     000014e2  _g_fMeaCurrentQ                 
1     000014e4  _g_fMeaCurrentD                 
1     000014e6  _g_CosEleAngleA                 
1     000014e8  _g_SinEleAngleA                 
1     00001500  _g_stCpuToClaData               
1     00001540  _g_stDriverParamA               
1     00001576  _g_fMeaCurrentW                 
1     00001578  _g_fMeaCurrentV                 
1     0000157a  _g_fMeaCurrentU                 
1     0000157c  _EleAngleA                      
1     00004000  _Usb0Regs                       
1     00005000  _McbspaRegs                     
1     00006000  _ECanaRegs                      
1     00006040  _ECanaLAMRegs                   
1     00006080  _ECanaMOTSRegs                  
1     000060c0  _ECanaMOTORegs                  
1     00006100  _ECanaMboxes                    
1     00006400  _Comp1Regs                      
1     00006420  _Comp2Regs                      
1     00006440  _Comp3Regs                      
1     00006800  _EPwm1Regs                      
1     00006840  _EPwm2Regs                      
1     00006880  _EPwm3Regs                      
1     000068c0  _EPwm4Regs                      
1     00006900  _EPwm5Regs                      
1     00006940  _EPwm6Regs                      
1     00006980  _EPwm7Regs                      
1     000069c0  _EPwm8Regs                      
1     00006a00  _ECap1Regs                      
1     00006a20  _ECap2Regs                      
1     00006a40  _ECap3Regs                      
1     00006ac0  _HRCap1Regs                     
1     00006ae0  _HRCap2Regs                     
1     00006b00  _EQep1Regs                      
1     00006b40  _EQep2Regs                      
1     00006c80  _HRCap3Regs                     
1     00006ca0  _HRCap4Regs                     
1     00006f80  _GpioCtrlRegs                   
1     00006fc0  _GpioDataRegs                   
1     00006fe0  _GpioIntRegs                    
1     00007010  _SysCtrlRegs                    
1     00007040  _SpiaRegs                       
1     00007050  _SciaRegs                       
1     00007060  _NmiIntruptRegs                 
1     00007070  _XIntruptRegs                   
1     00007100  _AdcRegs                        
1     00007740  _SpibRegs                       
1     00007750  _ScibRegs                       
1     00007900  _I2caRegs                       
1     00008900  _ClarkeA                        
1     0000890a  _IparkA                         
1     00008918  _ParkA                          
1     00008926  _g_lpfPwmPercent                
1     00008940  _g_lpfRefCurrentQ               
1     00008952  _Svgen_dqA                      
1     00008980  _g_stMotorCurrentA              
1     00008c00  _Cla1mathTablesLoadEnd          
1     00008c00  _Cla1mathTablesLoadStart        
1     00008c00  _Cla1mathTablesRunStart         
1     0000a000  __stack                         
1     0000a400  __STACK_END                     
1     0000a400  _g_iSendCount                   
1     0000a401  _g_bSendFlag                    
1     0000a402  _iRevData                       
1     0000a403  _g_iPosCnt                      
1     0000a404  _TimeSequence                   
1     0000a405  _g_iRecvCount                   
1     0000a406  _g_iRefreshCount                
1     0000a407  _g_bNewCommandArrived           
1     0000a408  _iChecksum                      
1     0000a409  _g_iSendStateCount              
1     0000a40a  _g_iEPwmTZIntCount              
1     0000a40b  _g_iMotorTemp                   
1     0000a40c  _g_iNewDataTimeCount            
1     0000a40d  _g_iDriverTemp                  
1     0000a40e  _errVel                         
1     0000a410  _g_iPosRef                      
1     0000a412  _g_iMeaDCVoltage                
1     0000a414  _g_stCommand                    
1     0000a41e  _g_stPositionDataA              
1     0000a440  _g_piCurLoopA                   
1     0000a480  _g_piCurLoopB                   
1     0000a4c0  _g_stRespond                    
1     0000a4e2  _CpuTimer1                      
1     0000a4ea  _CpuTimer2                      
1     0000a4f2  _CpuTimer0                      
1     0000a4fa  _MyCallbackCounter              
1     0000a4fc  _FlashStatus                    
1     0000a501  _g_iPostest                     
1     0000a504  _g_pCommand                     
1     0000a508  _g_pRespond                     
1     0000a50a  _g_fVdctest                     
1     0000a50c  _ECanaShadow                    
1     0000a540  _SampleFlag                     
1     0000a541  _temp1                          
1     0000a542  _index                          
1     0000a543  _temp2                          
1     0000a544  _HallTest                       
1     0000a545  _SampleSize                     
1     0000a546  _SumB                           
1     0000a548  _SumA                           
1     0000a54a  _SumD                           
1     0000a54c  _SumC                           
1     0000a54e  _g_fMeaCurrentOffsetV           
1     0000a550  _g_fMeaCurrentOffsetU           
1     0000a552  _g_fMeaDCVoltageOffset          
1     0000a554  _g_fMeaCurrentOffsetW           
1     0000a556  _AD_sample                      
1     0000a55a  _AD2S1210_Resolver              
1     0000a561  _errno                          
1     0000a562  ___TI_enable_exit_profile_output
1     0000a564  ___TI_cleanup_ptr               
1     0000a566  ___TI_dtors_ptr                 
1     0000a568  _g_iMeaDCVoltageOffset          
1     0000a569  _g_iDriverTempOffset            
1     0000a56a  _g_iMotorTempOffset             
1     0000a56c  __lock                          
1     0000a56e  __unlock                        
1     0000a570  _PieVectTableInit               
1     003d7e80  _PartIdRegs                     
1     003f7ff8  _CsmPwl                         
abs   00000000  _Cla1mathTablesLoadSize         
abs   00000018  _Cla1funcsLoadSize              
abs   00000100  CLA_SCRATCHPAD_SIZE             
abs   00000400  __STACK_SIZE                    
abs   003ffebb  _Flash2806x_Program             
abs   003ffebd  _Flash2806x_Erase               
abs   003ffedf  _Flash2806x_Verify              
abs   ffffffff  ___TI_pprof_out_hndl            
abs   ffffffff  ___TI_prof_data_size            
abs   ffffffff  ___TI_prof_data_start           
abs   ffffffff  ___binit__                      
abs   ffffffff  ___c_args__                     
abs   ffffffff  ___pinit__                      
abs   ffffffff  binit                           
abs   ffffffff  pinit                           

[390 symbols]
