******************************************************************************
             TMS320C2000 Linker PC v20.2.1                     
******************************************************************************
>> Linked Sun Aug  9 16:23:42 2020

OUTPUT FILE NAME:   <RXST_HGD.out>
ENTRY POINT SYMBOL: "_c_int00"  address: 003f59fd


MEMORY CONFIGURATION

         name            origin    length      used     unused   attr    fill
----------------------  --------  ---------  --------  --------  ----  --------
PAGE 0:
  RAMM0                 00000050   000003b0  00000000  000003b0  RWIX
  CLAPROGRAM            00009000   00001000  00000018  00000fe8  RWIX
  RAML5L8               0000c000   00008000  00000696  0000796a  RWIX
  OTP                   003d7800   00000400  00000000  00000400  RWIX
  FLASHG                003dc000   00004000  00000000  00004000  RWIX
  FLASHF                003e0000   00004000  00000587  00003a79  RWIX
  FLASHD                003e8000   00004000  00000127  00003ed9  RWIX
  FLASHC                003ec000   00004000  00000036  00003fca  RWIX
  FLASHA                003f4000   00003f80  00001f57  00002029  RWIX
  CSM_RSVD              003f7f80   00000076  00000000  00000076  RWIX
  BEGIN                 003f7ff6   00000002  00000002  00000000  RWIX
  CSM_PWL_P0            003f7ff8   00000008  00000000  00000008  RWIX
  FPUTABLES             003fd860   000006a0  00000000  000006a0  RWIX
  IQTABLES              003fdf00   00000b50  00000000  00000b50  RWIX
  IQTABLES2             003fea50   0000008c  00000000  0000008c  RWIX
  IQTABLES3             003feadc   000000aa  00000000  000000aa  RWIX
  ROM                   003ff3b0   00000c10  00000000  00000c10  RWIX
  RESET                 003fffc0   00000002  00000000  00000002  RWIX
  VECTORS               003fffc2   0000003e  00000000  0000003e  RWIX

PAGE 1:
  BOOT_RSVD             00000000   00000050  00000000  00000050  RWIX
  RAMM1                 00000400   00000400  00000000  00000400  RWIX
  DEV_EMU               00000880   00000105  00000004  00000101  RWIX
  SYS_PWR_CTL           00000985   00000003  00000003  00000000  RWIX
  FLASH_REGS            00000a80   00000060  00000008  00000058  RWIX
  CSM                   00000ae0   00000020  00000010  00000010  RWIX
  ADC_RESULT            00000b00   00000020  00000010  00000010  RWIX
  CPU_TIMER0            00000c00   00000008  00000008  00000000  RWIX
  CPU_TIMER1            00000c08   00000008  00000008  00000000  RWIX
  CPU_TIMER2            00000c10   00000008  00000008  00000000  RWIX
  PIE_CTRL              00000ce0   00000020  0000001a  00000006  RWIX
  PIE_VECT              00000d00   00000100  00000100  00000000  RWIX
  DMA                   00001000   00000200  000000e0  00000120  RWIX
  CLA1                  00001400   00000080  00000040  00000040  RWIX
  CLA1_MSGRAMLOW        00001480   00000080  0000006a  00000016  RWIX
  CLA1_MSGRAMHIGH       00001500   00000080  0000007e  00000002  RWIX
  USB0                  00004000   00001000  00000454  00000bac  RWIX
  McBSPA                00005000   00000040  00000024  0000001c  RWIX
  ECANA                 00006000   00000040  00000034  0000000c  RWIX
  ECANA_LAM             00006040   00000040  00000040  00000000  RWIX
  ECANA_MOTS            00006080   00000040  00000040  00000000  RWIX
  ECANA_MOTO            000060c0   00000040  00000040  00000000  RWIX
  ECANA_MBOX            00006100   00000100  00000100  00000000  RWIX
  COMP1                 00006400   00000020  00000014  0000000c  RWIX
  COMP2                 00006420   00000020  00000014  0000000c  RWIX
  COMP3                 00006440   00000020  00000014  0000000c  RWIX
  EPWM1                 00006800   00000040  00000040  00000000  RWIX
  EPWM2                 00006840   00000040  00000040  00000000  RWIX
  EPWM3                 00006880   00000040  00000040  00000000  RWIX
  EPWM4                 000068c0   00000040  00000040  00000000  RWIX
  EPWM5                 00006900   00000040  00000040  00000000  RWIX
  EPWM6                 00006940   00000040  00000040  00000000  RWIX
  EPWM7                 00006980   00000040  00000040  00000000  RWIX
  EPWM8                 000069c0   00000040  00000040  00000000  RWIX
  ECAP1                 00006a00   00000020  00000020  00000000  RWIX
  ECAP2                 00006a20   00000020  00000020  00000000  RWIX
  ECAP3                 00006a40   00000020  00000020  00000000  RWIX
  HRCAP1                00006ac0   00000020  00000020  00000000  RWIX
  HRCAP2                00006ae0   00000020  00000020  00000000  RWIX
  EQEP1                 00006b00   00000040  00000022  0000001e  RWIX
  EQEP2                 00006b40   00000040  00000022  0000001e  RWIX
  HRCAP3                00006c80   00000020  00000020  00000000  RWIX
  HRCAP4                00006ca0   00000020  00000020  00000000  RWIX
  GPIOCTRL              00006f80   00000040  00000040  00000000  RWIX
  GPIODAT               00006fc0   00000020  00000020  00000000  RWIX
  GPIOINT               00006fe0   00000020  00000020  00000000  RWIX
  SYSTEM                00007010   00000030  00000030  00000000  RWIX
  SPIA                  00007040   00000010  00000010  00000000  RWIX
  SCIA                  00007050   00000010  00000010  00000000  RWIX
  NMIINTRUPT            00007060   00000010  00000010  00000000  RWIX
  XINTRUPT              00007070   00000010  00000010  00000000  RWIX
  ADC                   00007100   00000080  00000050  00000030  RWIX
  SPIB                  00007740   00000010  00000010  00000000  RWIX
  SCIB                  00007750   00000010  00000010  00000000  RWIX
  I2CA                  00007900   00000040  00000022  0000001e  RWIX
  CLARAM2               00008000   00000800  00000000  00000800  RWIX
  CLARAM0               00008800   00000400  000000b2  0000034e  RWIX
  CLARAM1               00008c00   00000400  00000000  00000400  RWIX
  RAML4                 0000a000   00002000  0000046c  00001b94  RWIX
  USB_RAM               00040000   00000800  00000000  00000800  RWIX
  PARTID                003d7e80   00000001  00000001  00000000  RWIX
  FLASHH                003d8000   00004000  00000000  00004000  RWIX
  FLASHE                003e4000   00004000  00000000  00004000  RWIX
  FLASHB                003f0000   00004000  00000000  00004000  RWIX
  CSM_PWL               003f7ff8   00000008  00000008  00000000  RWIX


SECTION ALLOCATION MAP

 output                                  attributes/
section   page    origin      length       input sections
--------  ----  ----------  ----------   ----------------
Flash28_API 
*          0    003e0000    00000587     RUN ADDR = 0000c000
                  003e0000    00000028     Flash2806x_API_V100.lib : Flash28_Erase.obj (.econst)
                  003e0028    000000e1                             : Flash28_Prog.obj (.text)
                  003e0109    000000c7                             : Flash28_Erase.obj (.text)
                  003e01d0    0000009a                             : Flash28_Erase_Pulse.obj (.text)
                  003e026a    00000084                             : Flash28_Internals.obj (.text)
                  003e02ee    00000080                             : Flash28_Prog_Pulse.obj (.text)
                  003e036e    0000007d                             : Flash28_Compact_Pulse.obj (.text)
                  003e03eb    0000005c                             : Flash28_EraseSector.obj (.text)
                  003e0447    00000054                             : Flash28_CompactSector.obj (.text)
                  003e049b    00000041                             : Flash28_ClearLoop.obj (.text)
                  003e04dc    00000039                             : Flash28_Verify.obj (.text)
                  003e0515    00000034                             : Flash28_ClearSector.obj (.text)
                  003e0549    00000016                             : Flash28_Init.obj (.text)
                  003e055f    00000014                             : Flash28_Utils.obj (.text)
                  003e0573    0000000d                             : Flash28_Delay.obj (.text)
                  003e0580    00000007                             : Flash28_DisInt.obj (.text)

ramfuncs   0    003e8018    0000010f     RUN ADDR = 0000c587
                  003e8018    00000079     Flash28069API.obj (ramfuncs)
                  003e8091    00000075     AD2S1210.obj (ramfuncs)
                  003e8106    0000001d     F2806x_SysCtrl.obj (ramfuncs)
                  003e8123    00000004     F2806x_usDelay.obj (ramfuncs)

.cinit     0    003f5c95    00000176     
                  003f5c95    0000011d     F2806x_GlobalVariableDefs.obj (.cinit)
                  003f5db2    00000024     main.obj (.cinit)
                  003f5dd6    00000017     ServoModule.obj (.cinit)
                  003f5ded    0000000e     rts2800_ml.lib : exit.c.obj (.cinit)
                  003f5dfb    00000005                    : _lock.c.obj (.cinit:__lock)
                  003f5e00    00000005                    : _lock.c.obj (.cinit:__unlock)
                  003f5e05    00000004                    : errno.c.obj (.cinit)
                  003f5e09    00000002     --HOLE-- [fill = 0]

codestart 
*          0    003f7ff6    00000002     
                  003f7ff6    00000002     F2806x_CodeStartBranch.obj (codestart)

.pinit     0    003f4000    00000000     UNINITIALIZED

.text      0    003f4000    00001c95     
                  003f4000    00000499     ServoModule.obj (.text)
                  003f4499    0000041e     rts2800_ml.lib : e_powf.c.obj (.text)
                  003f48b7    0000031f     F2806x_EPwm.obj (.text)
                  003f4bd6    00000272     F2806x_Adc.obj (.text)
                  003f4e48    000001cc     F2806x_DefaultIsr.obj (.text:retain)
                  003f5014    000001a4     main.obj (.text:retain)
                  003f51b8    0000019c     F2806x_SysCtrl.obj (.text)
                  003f5354    0000019c     main.obj (.text)
                  003f54f0    0000009f     AD2S1210.obj (.text)
                  003f558f    0000009d     F2806x_Spi.obj (.text)
                  003f562c    0000009c     rts2800_ml.lib : fd_add28.asm.obj (.text)
                  003f56c8    0000008b                    : fd_div28.asm.obj (.text)
                  003f5753    00000083                    : fd_mpy28.asm.obj (.text)
                  003f57d6    00000083                    : fs_div28.asm.obj (.text)
                  003f5859    00000078                    : fs_add28.asm.obj (.text)
                  003f58d1    00000075                    : e_sqrtf.c.obj (.text)
                  003f5946    0000005d                    : s_scalbnf.c.obj (.text)
                  003f59a3    0000005a                    : fs_mpy28.asm.obj (.text)
                  003f59fd    00000054                    : boot28.asm.obj (.text)
                  003f5a51    0000002a                    : l_div28.asm.obj (.text)
                  003f5a7b    00000029                    : exit.c.obj (.text)
                  003f5aa4    00000029                    : fs_tol28.asm.obj (.text)
                  003f5acd    00000028     F2806x_PieCtrl.obj (.text)
                  003f5af5    00000025     rts2800_ml.lib : fs_toi28.asm.obj (.text)
                  003f5b1a    00000024                    : cpy_tbl.c.obj (.text)
                  003f5b3e    00000021                    : fd_tofs28.asm.obj (.text)
                  003f5b5f    0000001d                    : fs_tou28.asm.obj (.text)
                  003f5b7c    0000001d                    : memcpy.c.obj (.text)
                  003f5b99    0000001c                    : fs_tofd28.asm.obj (.text)
                  003f5bb5    0000001a                    : i_tofs28.asm.obj (.text)
                  003f5bcf    0000001a                    : l_tofs28.asm.obj (.text)
                  003f5be9    00000019                    : args_main.c.obj (.text)
                  003f5c02    00000017                    : fs_cmp28.asm.obj (.text)
                  003f5c19    00000017                    : u_tofd28.asm.obj (.text)
                  003f5c30    00000013                    : ul_tofs28.asm.obj (.text)
                  003f5c43    00000011     F2806x_PieVect.obj (.text)
                  003f5c54    00000010     rts2800_ml.lib : u_tofs28.asm.obj (.text)
                  003f5c64    0000000e                    : fd_sub28.asm.obj (.text)
                  003f5c72    0000000a                    : s_copysignf.c.obj (.text)
                  003f5c7c    00000009                    : _lock.c.obj (.text)
                  003f5c85    00000008     F2806x_CodeStartBranch.obj (.text)
                  003f5c8d    00000005     rts2800_ml.lib : fs_neg28.asm.obj (.text)
                  003f5c92    00000002                    : pre_init.c.obj (.text)
                  003f5c94    00000001                    : startup.c.obj (.text)

.econst    0    003f5e0c    0000014c     
                  003f5e0c    00000100     F2806x_PieVect.obj (.econst:_PieVectTableInit)
                  003f5f0c    00000032     rts2800_ml.lib : e_powf.c.obj (.econst)
                  003f5f3e    00000006                    : s_scalbnf.c.obj (.econst)
                  003f5f44    00000004     ServoModule.obj (.econst)
                  003f5f48    00000004     rts2800_ml.lib : e_powf.c.obj (.econst:_bp)
                  003f5f4c    00000004                    : e_powf.c.obj (.econst:_dp_h)
                  003f5f50    00000004                    : e_powf.c.obj (.econst:_dp_l)
                  003f5f54    00000004                    : e_sqrtf.c.obj (.econst)

Cla1Prog   0    003e8000    00000018     RUN ADDR = 00009000
                  003e8000    00000008     Servo.obj (Cla1Prog:_Cla1Task1)
                  003e8008    00000008     Servo.obj (Cla1Prog:_Cla1Task2)
                  003e8010    00000008     Servo.obj (Cla1Prog:_Cla1Task8)

CLA1mathTables 
*          1    00008c00    00000000     UNINITIALIZED

.stack     1    0000a000    00000300     UNINITIALIZED
                  0000a000    00000300     --HOLE--

.ebss      1    0000a300    0000016c     UNINITIALIZED
                  0000a300    000000e2     F2806x_GlobalVariableDefs.obj (.ebss)
                  0000a3e2    00000018     F2806x_CpuTimers.obj (.ebss)
                  0000a3fa    00000006     Flash28069API.obj (.ebss)
                  0000a400    00000040     ServoModule.obj (.ebss)
                  0000a440    0000000e     main.obj (.ebss)
                  0000a44e    00000008     AD7606.obj (.ebss)
                  0000a456    00000007     AD2S1210.obj (.ebss)
                  0000a45d    00000001     rts2800_ml.lib : errno.c.obj (.ebss)
                  0000a45e    00000006                    : exit.c.obj (.ebss)
                  0000a464    00000003     F2806x_Adc.obj (.ebss)
                  0000a467    00000001     --HOLE--
                  0000a468    00000002     rts2800_ml.lib : _lock.c.obj (.ebss:__lock)
                  0000a46a    00000002                    : _lock.c.obj (.ebss:__unlock)

ControlParams 
*          0    003ec000    00000036     
                  003ec000    00000036     main.obj (ControlParams)

DevEmuRegsFile 
*          1    00000880    00000004     UNINITIALIZED
                  00000880    00000004     F2806x_GlobalVariableDefs.obj (DevEmuRegsFile)

SysPwrCtrlRegsFile 
*          1    00000985    00000003     UNINITIALIZED
                  00000985    00000003     F2806x_GlobalVariableDefs.obj (SysPwrCtrlRegsFile)

FlashRegsFile 
*          1    00000a80    00000008     UNINITIALIZED
                  00000a80    00000008     F2806x_GlobalVariableDefs.obj (FlashRegsFile)

CsmRegsFile 
*          1    00000ae0    00000010     UNINITIALIZED
                  00000ae0    00000010     F2806x_GlobalVariableDefs.obj (CsmRegsFile)

AdcResultFile 
*          1    00000b00    00000010     UNINITIALIZED
                  00000b00    00000010     F2806x_GlobalVariableDefs.obj (AdcResultFile)

CpuTimer0RegsFile 
*          1    00000c00    00000008     UNINITIALIZED
                  00000c00    00000008     F2806x_GlobalVariableDefs.obj (CpuTimer0RegsFile)

CpuTimer1RegsFile 
*          1    00000c08    00000008     UNINITIALIZED
                  00000c08    00000008     F2806x_GlobalVariableDefs.obj (CpuTimer1RegsFile)

CpuTimer2RegsFile 
*          1    00000c10    00000008     UNINITIALIZED
                  00000c10    00000008     F2806x_GlobalVariableDefs.obj (CpuTimer2RegsFile)

PieCtrlRegsFile 
*          1    00000ce0    0000001a     UNINITIALIZED
                  00000ce0    0000001a     F2806x_GlobalVariableDefs.obj (PieCtrlRegsFile)

DmaRegsFile 
*          1    00001000    000000e0     UNINITIALIZED
                  00001000    000000e0     F2806x_GlobalVariableDefs.obj (DmaRegsFile)

Cla1ToCpuMsgRAM 
*          1    00001480    0000006a     UNINITIALIZED
                  00001480    00000062     F2806x_GlobalVariableDefs.obj (Cla1ToCpuMsgRAM)
                  000014e2    00000008     CLAShareData.obj (Cla1ToCpuMsgRAM)

CpuToCla1MsgRAM 
*          1    00001500    0000007e     UNINITIALIZED
                  00001500    00000076     F2806x_GlobalVariableDefs.obj (CpuToCla1MsgRAM)
                  00001576    00000008     CLAShareData.obj (CpuToCla1MsgRAM)

Cla1DataRam0 
*          1    00008800    000000b2     UNINITIALIZED
                  00008800    000000b2     F2806x_GlobalVariableDefs.obj (Cla1DataRam0)

.reset     0    003fffc0    00000002     DSECT
                  003fffc0    00000002     rts2800_ml.lib : boot28.asm.obj (.reset)

vectors    0    003fffc2    00000000     DSECT

PieVectTableFile 
*          1    00000d00    00000100     UNINITIALIZED
                  00000d00    00000100     F2806x_GlobalVariableDefs.obj (PieVectTableFile)

EmuKeyVar 
*          1    00000d00    00000001     UNINITIALIZED
                  00000d00    00000001     F2806x_GlobalVariableDefs.obj (EmuKeyVar)

EmuBModeVar 
*          1    00000d01    00000001     UNINITIALIZED
                  00000d01    00000001     F2806x_GlobalVariableDefs.obj (EmuBModeVar)

FlashCallbackVar 
*          1    00000d02    00000002     UNINITIALIZED
                  00000d02    00000002     F2806x_GlobalVariableDefs.obj (FlashCallbackVar)

FlashScalingVar 
*          1    00000d04    00000002     UNINITIALIZED
                  00000d04    00000002     F2806x_GlobalVariableDefs.obj (FlashScalingVar)

Cla1RegsFile 
*          1    00001400    00000040     UNINITIALIZED
                  00001400    00000040     F2806x_GlobalVariableDefs.obj (Cla1RegsFile)

Usb0RegsFile 
*          1    00004000    00000454     UNINITIALIZED
                  00004000    00000454     F2806x_GlobalVariableDefs.obj (Usb0RegsFile)

McbspaRegsFile 
*          1    00005000    00000024     UNINITIALIZED
                  00005000    00000024     F2806x_GlobalVariableDefs.obj (McbspaRegsFile)

ECanaRegsFile 
*          1    00006000    00000034     UNINITIALIZED
                  00006000    00000034     F2806x_GlobalVariableDefs.obj (ECanaRegsFile)

ECanaLAMRegsFile 
*          1    00006040    00000040     UNINITIALIZED
                  00006040    00000040     F2806x_GlobalVariableDefs.obj (ECanaLAMRegsFile)

ECanaMOTSRegsFile 
*          1    00006080    00000040     UNINITIALIZED
                  00006080    00000040     F2806x_GlobalVariableDefs.obj (ECanaMOTSRegsFile)

ECanaMOTORegsFile 
*          1    000060c0    00000040     UNINITIALIZED
                  000060c0    00000040     F2806x_GlobalVariableDefs.obj (ECanaMOTORegsFile)

ECanaMboxesFile 
*          1    00006100    00000100     UNINITIALIZED
                  00006100    00000100     F2806x_GlobalVariableDefs.obj (ECanaMboxesFile)

Comp1RegsFile 
*          1    00006400    00000014     UNINITIALIZED
                  00006400    00000014     F2806x_GlobalVariableDefs.obj (Comp1RegsFile)

Comp2RegsFile 
*          1    00006420    00000014     UNINITIALIZED
                  00006420    00000014     F2806x_GlobalVariableDefs.obj (Comp2RegsFile)

Comp3RegsFile 
*          1    00006440    00000014     UNINITIALIZED
                  00006440    00000014     F2806x_GlobalVariableDefs.obj (Comp3RegsFile)

EPwm1RegsFile 
*          1    00006800    00000040     UNINITIALIZED
                  00006800    00000040     F2806x_GlobalVariableDefs.obj (EPwm1RegsFile)

EPwm2RegsFile 
*          1    00006840    00000040     UNINITIALIZED
                  00006840    00000040     F2806x_GlobalVariableDefs.obj (EPwm2RegsFile)

EPwm3RegsFile 
*          1    00006880    00000040     UNINITIALIZED
                  00006880    00000040     F2806x_GlobalVariableDefs.obj (EPwm3RegsFile)

EPwm4RegsFile 
*          1    000068c0    00000040     UNINITIALIZED
                  000068c0    00000040     F2806x_GlobalVariableDefs.obj (EPwm4RegsFile)

EPwm5RegsFile 
*          1    00006900    00000040     UNINITIALIZED
                  00006900    00000040     F2806x_GlobalVariableDefs.obj (EPwm5RegsFile)

EPwm6RegsFile 
*          1    00006940    00000040     UNINITIALIZED
                  00006940    00000040     F2806x_GlobalVariableDefs.obj (EPwm6RegsFile)

EPwm7RegsFile 
*          1    00006980    00000040     UNINITIALIZED
                  00006980    00000040     F2806x_GlobalVariableDefs.obj (EPwm7RegsFile)

EPwm8RegsFile 
*          1    000069c0    00000040     UNINITIALIZED
                  000069c0    00000040     F2806x_GlobalVariableDefs.obj (EPwm8RegsFile)

ECap1RegsFile 
*          1    00006a00    00000020     UNINITIALIZED
                  00006a00    00000020     F2806x_GlobalVariableDefs.obj (ECap1RegsFile)

ECap2RegsFile 
*          1    00006a20    00000020     UNINITIALIZED
                  00006a20    00000020     F2806x_GlobalVariableDefs.obj (ECap2RegsFile)

ECap3RegsFile 
*          1    00006a40    00000020     UNINITIALIZED
                  00006a40    00000020     F2806x_GlobalVariableDefs.obj (ECap3RegsFile)

HRCap1RegsFile 
*          1    00006ac0    00000020     UNINITIALIZED
                  00006ac0    00000020     F2806x_GlobalVariableDefs.obj (HRCap1RegsFile)

HRCap2RegsFile 
*          1    00006ae0    00000020     UNINITIALIZED
                  00006ae0    00000020     F2806x_GlobalVariableDefs.obj (HRCap2RegsFile)

EQep1RegsFile 
*          1    00006b00    00000022     UNINITIALIZED
                  00006b00    00000022     F2806x_GlobalVariableDefs.obj (EQep1RegsFile)

EQep2RegsFile 
*          1    00006b40    00000022     UNINITIALIZED
                  00006b40    00000022     F2806x_GlobalVariableDefs.obj (EQep2RegsFile)

HRCap3RegsFile 
*          1    00006c80    00000020     UNINITIALIZED
                  00006c80    00000020     F2806x_GlobalVariableDefs.obj (HRCap3RegsFile)

HRCap4RegsFile 
*          1    00006ca0    00000020     UNINITIALIZED
                  00006ca0    00000020     F2806x_GlobalVariableDefs.obj (HRCap4RegsFile)

GpioCtrlRegsFile 
*          1    00006f80    00000040     UNINITIALIZED
                  00006f80    00000040     F2806x_GlobalVariableDefs.obj (GpioCtrlRegsFile)

GpioDataRegsFile 
*          1    00006fc0    00000020     UNINITIALIZED
                  00006fc0    00000020     F2806x_GlobalVariableDefs.obj (GpioDataRegsFile)

GpioIntRegsFile 
*          1    00006fe0    00000020     UNINITIALIZED
                  00006fe0    00000020     F2806x_GlobalVariableDefs.obj (GpioIntRegsFile)

SysCtrlRegsFile 
*          1    00007010    00000030     UNINITIALIZED
                  00007010    00000030     F2806x_GlobalVariableDefs.obj (SysCtrlRegsFile)

SpiaRegsFile 
*          1    00007040    00000010     UNINITIALIZED
                  00007040    00000010     F2806x_GlobalVariableDefs.obj (SpiaRegsFile)

SciaRegsFile 
*          1    00007050    00000010     UNINITIALIZED
                  00007050    00000010     F2806x_GlobalVariableDefs.obj (SciaRegsFile)

NmiIntruptRegsFile 
*          1    00007060    00000010     UNINITIALIZED
                  00007060    00000010     F2806x_GlobalVariableDefs.obj (NmiIntruptRegsFile)

XIntruptRegsFile 
*          1    00007070    00000010     UNINITIALIZED
                  00007070    00000010     F2806x_GlobalVariableDefs.obj (XIntruptRegsFile)

AdcRegsFile 
*          1    00007100    00000050     UNINITIALIZED
                  00007100    00000050     F2806x_GlobalVariableDefs.obj (AdcRegsFile)

SpibRegsFile 
*          1    00007740    00000010     UNINITIALIZED
                  00007740    00000010     F2806x_GlobalVariableDefs.obj (SpibRegsFile)

ScibRegsFile 
*          1    00007750    00000010     UNINITIALIZED
                  00007750    00000010     F2806x_GlobalVariableDefs.obj (ScibRegsFile)

I2caRegsFile 
*          1    00007900    00000022     UNINITIALIZED
                  00007900    00000022     F2806x_GlobalVariableDefs.obj (I2caRegsFile)

PartIdRegsFile 
*          1    003d7e80    00000001     UNINITIALIZED
                  003d7e80    00000001     F2806x_GlobalVariableDefs.obj (PartIdRegsFile)

CsmPwlFile 
*          1    003f7ff8    00000008     UNINITIALIZED
                  003f7ff8    00000008     F2806x_GlobalVariableDefs.obj (CsmPwlFile)

MODULE SUMMARY

       Module                          code    initialized data   uninitialized data
       ------                          ----    ----------------   ------------------
    .\
       F2806x_GlobalVariableDefs.obj   0       285                4170              
       ServoModule.obj                 1177    27                 64                
       main.obj                        832     90                 14                
       F2806x_EPwm.obj                 799     0                  0                 
       F2806x_Adc.obj                  626     0                  3                 
       F2806x_SysCtrl.obj              470     0                  0                 
       F2806x_DefaultIsr.obj           460     0                  0                 
       AD2S1210.obj                    393     0                  7                 
       F2806x_PieVect.obj              17      256                0                 
       Flash28069API.obj               242     0                  6                 
       F2806x_Spi.obj                  157     0                  0                 
       Servo.obj                       48      0                  0                 
       F2806x_PieCtrl.obj              40      0                  0                 
       F2806x_CpuTimers.obj            0       0                  24                
       CLAShareData.obj                0       0                  16                
       F2806x_CodeStartBranch.obj      10      0                  0                 
       AD7606.obj                      0       0                  8                 
       F2806x_usDelay.obj              8       0                  0                 
    +--+-------------------------------+-------+------------------+--------------------+
       Total:                          5279    658                4312              
                                                                                    
    ../lib/rts2800_ml.lib
       e_powf.c.obj                    1054    62                 0                 
       fd_add28.asm.obj                156     0                  0                 
       fd_div28.asm.obj                139     0                  0                 
       fd_mpy28.asm.obj                131     0                  0                 
       fs_div28.asm.obj                131     0                  0                 
       e_sqrtf.c.obj                   117     4                  0                 
       fs_add28.asm.obj                120     0                  0                 
       s_scalbnf.c.obj                 93      6                  0                 
       fs_mpy28.asm.obj                90      0                  0                 
       boot28.asm.obj                  84      0                  0                 
       exit.c.obj                      41      14                 6                 
       l_div28.asm.obj                 42      0                  0                 
       fs_tol28.asm.obj                41      0                  0                 
       fs_toi28.asm.obj                37      0                  0                 
       cpy_tbl.c.obj                   36      0                  0                 
       fd_tofs28.asm.obj               33      0                  0                 
       fs_tou28.asm.obj                29      0                  0                 
       memcpy.c.obj                    29      0                  0                 
       fs_tofd28.asm.obj               28      0                  0                 
       i_tofs28.asm.obj                26      0                  0                 
       l_tofs28.asm.obj                26      0                  0                 
       args_main.c.obj                 25      0                  0                 
       _lock.c.obj                     9       10                 4                 
       fs_cmp28.asm.obj                23      0                  0                 
       u_tofd28.asm.obj                23      0                  0                 
       ul_tofs28.asm.obj               19      0                  0                 
       u_tofs28.asm.obj                16      0                  0                 
       fd_sub28.asm.obj                14      0                  0                 
       s_copysignf.c.obj               10      0                  0                 
       errno.c.obj                     0       4                  1                 
       fs_neg28.asm.obj                5       0                  0                 
       pre_init.c.obj                  2       0                  0                 
       startup.c.obj                   1       0                  0                 
    +--+-------------------------------+-------+------------------+--------------------+
       Total:                          2630    100                11                
                                                                                    
    C:/Users/qianj/workspace_v10/RXST_HGD/lib/Flash2806x_API_V100.lib
       Flash28_Erase.obj               398     80                 0                 
       Flash28_Prog.obj                450     0                  0                 
       Flash28_Erase_Pulse.obj         308     0                  0                 
       Flash28_Internals.obj           264     0                  0                 
       Flash28_Prog_Pulse.obj          256     0                  0                 
       Flash28_Compact_Pulse.obj       250     0                  0                 
       Flash28_EraseSector.obj         184     0                  0                 
       Flash28_CompactSector.obj       168     0                  0                 
       Flash28_ClearLoop.obj           130     0                  0                 
       Flash28_Verify.obj              114     0                  0                 
       Flash28_ClearSector.obj         104     0                  0                 
       Flash28_Init.obj                44      0                  0                 
       Flash28_Utils.obj               40      0                  0                 
       Flash28_Delay.obj               26      0                  0                 
       Flash28_DisInt.obj              14      0                  0                 
    +--+-------------------------------+-------+------------------+--------------------+
       Total:                          2750    80                 0                 
                                                                                    
       Stack:                          0       0                  768               
    +--+-------------------------------+-------+------------------+--------------------+
       Grand Total:                    10659   838                5091              


GLOBAL DATA SYMBOLS: SORTED BY DATA PAGE

address     data page           name
--------    ----------------    ----
00000880      22 (00000880)     _DevEmuRegs

00000985      26 (00000980)     _SysPwrCtrlRegs

00000a80      2a (00000a80)     _FlashRegs

00000ae0      2b (00000ac0)     _CsmRegs

00000b00      2c (00000b00)     _AdcResult

00000c00      30 (00000c00)     _CpuTimer0Regs
00000c08      30 (00000c00)     _CpuTimer1Regs
00000c10      30 (00000c00)     _CpuTimer2Regs

00000ce0      33 (00000cc0)     _PieCtrlRegs

00000d00      34 (00000d00)     _EmuKey
00000d00      34 (00000d00)     _PieVectTable
00000d01      34 (00000d00)     _EmuBMode
00000d02      34 (00000d00)     _Flash_CallbackPtr
00000d04      34 (00000d00)     _Flash_CPUScaleFactor

00001000      40 (00001000)     _DmaRegs

00001400      50 (00001400)     _Cla1Regs

00001480      52 (00001480)     _g_stClaToCpuData
0000149a      52 (00001480)     _g_piCurdLoopA

000014c0      53 (000014c0)     _g_piCurqLoopA
000014e2      53 (000014c0)     _g_SinEleAngleA
000014e4      53 (000014c0)     _g_CosEleAngleA
000014e6      53 (000014c0)     _g_fMeaCurrentD
000014e8      53 (000014c0)     _g_fMeaCurrentQ

00001500      54 (00001500)     _g_stCpuToClaData

00001540      55 (00001540)     _g_stDriverParamA
00001576      55 (00001540)     _EleAngleA
00001578      55 (00001540)     _g_fMeaCurrentU
0000157a      55 (00001540)     _g_fMeaCurrentV
0000157c      55 (00001540)     _g_fMeaCurrentW

00004000     100 (00004000)     _Usb0Regs

00005000     140 (00005000)     _McbspaRegs

00006000     180 (00006000)     _ECanaRegs

00006040     181 (00006040)     _ECanaLAMRegs

00006080     182 (00006080)     _ECanaMOTSRegs

000060c0     183 (000060c0)     _ECanaMOTORegs

00006100     184 (00006100)     _ECanaMboxes

00006400     190 (00006400)     _Comp1Regs
00006420     190 (00006400)     _Comp2Regs

00006440     191 (00006440)     _Comp3Regs

00006800     1a0 (00006800)     _EPwm1Regs

00006840     1a1 (00006840)     _EPwm2Regs

00006880     1a2 (00006880)     _EPwm3Regs

000068c0     1a3 (000068c0)     _EPwm4Regs

00006900     1a4 (00006900)     _EPwm5Regs

00006940     1a5 (00006940)     _EPwm6Regs

00006980     1a6 (00006980)     _EPwm7Regs

000069c0     1a7 (000069c0)     _EPwm8Regs

00006a00     1a8 (00006a00)     _ECap1Regs
00006a20     1a8 (00006a00)     _ECap2Regs

00006a40     1a9 (00006a40)     _ECap3Regs

00006ac0     1ab (00006ac0)     _HRCap1Regs
00006ae0     1ab (00006ac0)     _HRCap2Regs

00006b00     1ac (00006b00)     _EQep1Regs

00006b40     1ad (00006b40)     _EQep2Regs

00006c80     1b2 (00006c80)     _HRCap3Regs
00006ca0     1b2 (00006c80)     _HRCap4Regs

00006f80     1be (00006f80)     _GpioCtrlRegs

00006fc0     1bf (00006fc0)     _GpioDataRegs
00006fe0     1bf (00006fc0)     _GpioIntRegs

00007010     1c0 (00007000)     _SysCtrlRegs

00007040     1c1 (00007040)     _SpiaRegs
00007050     1c1 (00007040)     _SciaRegs
00007060     1c1 (00007040)     _NmiIntruptRegs
00007070     1c1 (00007040)     _XIntruptRegs

00007100     1c4 (00007100)     _AdcRegs

00007740     1dd (00007740)     _SpibRegs
00007750     1dd (00007740)     _ScibRegs

00007900     1e4 (00007900)     _I2caRegs

00008800     220 (00008800)     _ClarkeA
0000880a     220 (00008800)     _ParkA
00008818     220 (00008800)     _IparkA
00008826     220 (00008800)     _g_lpfPwmPercent

00008840     221 (00008840)     _g_lpfRefCurrentQ
00008852     221 (00008840)     _Svgen_dqA

00008880     222 (00008880)     _g_stMotorCurrentA

0000a000     280 (0000a000)     __stack

0000a300     28c (0000a300)     _g_iRefreshCount
0000a301     28c (0000a300)     _g_iSendStateCount
0000a302     28c (0000a300)     _g_bNewCommandArrived
0000a303     28c (0000a300)     _iRevData
0000a304     28c (0000a300)     _g_iRecvCount
0000a305     28c (0000a300)     _g_iSendCount
0000a306     28c (0000a300)     _g_bSendFlag
0000a307     28c (0000a300)     _iChecksum
0000a308     28c (0000a300)     _g_iPosCnt
0000a309     28c (0000a300)     _TimeSequence
0000a30a     28c (0000a300)     _g_iNewDataTimeCount
0000a30b     28c (0000a300)     _g_iEPwmTZIntCount
0000a30c     28c (0000a300)     _g_iMotorTemp
0000a30d     28c (0000a300)     _g_iDriverTemp
0000a30e     28c (0000a300)     _g_iMeaDCVoltage
0000a310     28c (0000a300)     _errVel
0000a312     28c (0000a300)     _g_iPosRef
0000a314     28c (0000a300)     _g_stCommand
0000a31e     28c (0000a300)     _g_stPositionDataA

0000a340     28d (0000a340)     _g_piCurLoopA

0000a380     28e (0000a380)     _g_piCurLoopB

0000a3c0     28f (0000a3c0)     _g_stRespond
0000a3e2     28f (0000a3c0)     _CpuTimer0
0000a3ea     28f (0000a3c0)     _CpuTimer1
0000a3f2     28f (0000a3c0)     _CpuTimer2
0000a3fa     28f (0000a3c0)     _MyCallbackCounter
0000a3fc     28f (0000a3c0)     _FlashStatus

0000a400     290 (0000a400)     _g_iPostest
0000a404     290 (0000a400)     _g_pCommand
0000a406     290 (0000a400)     _g_pRespond
0000a408     290 (0000a400)     _g_fVdctest
0000a40c     290 (0000a400)     _ECanaShadow

0000a440     291 (0000a440)     _temp1
0000a441     291 (0000a440)     _temp2
0000a442     291 (0000a440)     _index
0000a443     291 (0000a440)     _SampleSize
0000a444     291 (0000a440)     _SampleFlag
0000a445     291 (0000a440)     _HallTest
0000a446     291 (0000a440)     _SumA
0000a448     291 (0000a440)     _SumB
0000a44a     291 (0000a440)     _SumC
0000a44c     291 (0000a440)     _SumD
0000a44e     291 (0000a440)     _g_fMeaCurrentOffsetU
0000a450     291 (0000a440)     _g_fMeaCurrentOffsetV
0000a452     291 (0000a440)     _g_fMeaCurrentOffsetW
0000a454     291 (0000a440)     _g_fMeaDCVoltageOffset
0000a456     291 (0000a440)     _AD2S1210_Resolver
0000a45d     291 (0000a440)     _errno
0000a45e     291 (0000a440)     ___TI_enable_exit_profile_output
0000a460     291 (0000a440)     ___TI_cleanup_ptr
0000a462     291 (0000a440)     ___TI_dtors_ptr
0000a464     291 (0000a440)     _g_iMotorTempOffset
0000a465     291 (0000a440)     _g_iDriverTempOffset
0000a466     291 (0000a440)     _g_iMeaDCVoltageOffset
0000a468     291 (0000a440)     __lock
0000a46a     291 (0000a440)     __unlock

0000c028     300 (0000c000)     _Flash2806x_Program

0000c109     304 (0000c100)     _Flash2806x_Erase

0000c1d0     307 (0000c1c0)     _Fl28x_EraseVerify

0000c218     308 (0000c200)     _Fl28x_ErasePulse

0000c26a     309 (0000c240)     _Fl28x_LeaveCmdMode
0000c277     309 (0000c240)     _Fl28x_EnterCmdMode

0000c29c     30a (0000c280)     _Fl28x_FlashRegSleep
0000c2bb     30a (0000c280)     _Fl28x_OpenPulse

0000c2cc     30b (0000c2c0)     _Fl28x_ClosePulse
0000c2e3     30b (0000c2c0)     _Fl28x_MaskAll
0000c2ee     30b (0000c2c0)     _Fl28x_ProgVerify

0000c32c     30c (0000c300)     _Fl28x_ProgPulse

0000c36e     30d (0000c340)     _Fl28x_CompactVerify

0000c3a8     30e (0000c380)     _Fl28x_CompactPulse

0000c3eb     30f (0000c3c0)     _Fl2806x_EraseSector

0000c447     311 (0000c440)     _Fl2806x_CompactSector

0000c49b     312 (0000c480)     _Fl28x_ClearLoop

0000c4dc     313 (0000c4c0)     _Flash2806x_Verify

0000c515     314 (0000c500)     _Fl2806x_ClearSector

0000c549     315 (0000c540)     _Fl2806x_Init
0000c55f     315 (0000c540)     _Fl28x_WatchDogDisable
0000c567     315 (0000c540)     _Fl28x_DisableNMI
0000c573     315 (0000c540)     _Fl28x_Delay

0000c580     316 (0000c580)     _Fl28x_DisableInt
0000c584     316 (0000c580)     _Fl28x_RestoreInt

003d7e80    f5fa (003d7e80)     _PartIdRegs

003ec000    fb00 (003ec000)     _c_stDriverParamA

003f5e0c    fd78 (003f5e00)     _PieVectTableInit

003f7ff8    fdff (003f7fc0)     _CsmPwl


GLOBAL SYMBOLS: SORTED ALPHABETICALLY BY Name 

page  address   name                            
----  -------   ----                            
0     003f4000  .text                           
0     003f5a7b  C$$EXIT                         
0     003f562c  FD$$ADD                         
0     003f56c8  FD$$DIV                         
0     003f5753  FD$$MPY                         
0     003f5c64  FD$$SUB                         
0     003f5b3e  FD$$TOFS                        
0     003f585e  FS$$ADD                         
0     003f5c02  FS$$CMP                         
0     003f57d6  FS$$DIV                         
0     003f59a3  FS$$MPY                         
0     003f5c8d  FS$$NEG                         
0     003f5859  FS$$SUB                         
0     003f5b99  FS$$TOFD                        
0     003f5af5  FS$$TOI                         
0     003f5aa4  FS$$TOL                         
0     003f5b5f  FS$$TOU                         
0     003f5bb5  I$$TOFS                         
0     003f5a51  L$$DIV                          
0     003f5a60  L$$MOD                          
0     003f5bcf  L$$TOFS                         
0     003f5c19  U$$TOFD                         
0     003f5c54  U$$TOFS                         
0     003f5a6e  UL$$DIV                         
0     003f5a75  UL$$MOD                         
0     003f5c30  UL$$TOFS                        
0     003f54ff  _AD2S1210_ClearFault            
0     003f5529  _AD2S1210_Init                  
0     0000c600  _AD2S1210_Read                  
1     0000a456  _AD2S1210_Resolver              
0     003f54f0  _AD2S1210_SetPara               
0     003f500f  _ADCINT1_ISR                    
0     003f500a  _ADCINT2_ISR                    
0     003f5005  _ADCINT3_ISR                    
0     003f5000  _ADCINT4_ISR                    
0     003f4ffb  _ADCINT5_ISR                    
0     003f4ff6  _ADCINT6_ISR                    
0     003f4ff1  _ADCINT7_ISR                    
0     003f4fec  _ADCINT8_ISR                    
0     003f4fe7  _ADCINT9_ISR                    
0     003f4cb3  _AdcChanSelect                  
0     003f4d0b  _AdcConversion                  
0     003f4df4  _AdcOffsetSelfCal               
1     00007100  _AdcRegs                        
1     00000b00  _AdcResult                      
0     003f4fe2  _CLA1_INT1_ISR                  
0     003f4fdd  _CLA1_INT2_ISR                  
0     003f4fd8  _CLA1_INT3_ISR                  
0     003f4fd3  _CLA1_INT4_ISR                  
0     003f4fce  _CLA1_INT5_ISR                  
0     003f4fc9  _CLA1_INT6_ISR                  
0     003f4fc4  _CLA1_INT7_ISR                  
0     003f4fbf  _CLA1_INT8_ISR                  
abs   00000000  _CLA1mathTablesLoadSize         
1     00008c00  _CLA1mathTablesLoadStart        
1     00008c00  _CLA1mathTablesRunStart         
0     003f447a  _CanTx                          
0     003f4443  _CheckFault                     
abs   00000018  _Cla1ProgLoadSize               
0     003e8000  _Cla1ProgLoadStart              
0     00009000  _Cla1ProgRunStart               
1     00001400  _Cla1Regs                       
0     00009000  _Cla1Task1                      
0     00009008  _Cla1Task2                      
0     00009010  _Cla1Task8                      
1     00008800  _ClarkeA                        
1     00006400  _Comp1Regs                      
1     00006420  _Comp2Regs                      
1     00006440  _Comp3Regs                      
1     0000a3e2  _CpuTimer0                      
1     00000c00  _CpuTimer0Regs                  
1     0000a3ea  _CpuTimer1                      
1     00000c08  _CpuTimer1Regs                  
1     0000a3f2  _CpuTimer2                      
1     00000c10  _CpuTimer2Regs                  
1     003f7ff8  _CsmPwl                         
1     00000ae0  _CsmRegs                        
0     003f5327  _CsmUnlock                      
0     003f411d  _CtoF32                         
0     003f4fba  _DATALOG_ISR                    
0     003f4fb5  _DINTCH1_ISR                    
0     003f4fb0  _DINTCH2_ISR                    
0     003f4fab  _DINTCH3_ISR                    
0     003f4fa6  _DINTCH4_ISR                    
0     003f4fa1  _DINTCH5_ISR                    
0     003f4f9c  _DINTCH6_ISR                    
0     0000c692  _DSP28x_usDelay                 
1     00000880  _DevEmuRegs                     
0     003f5212  _DisableDog                     
1     00001000  _DmaRegs                        
0     003f4f97  _ECAN0INTA_ISR                  
0     003f4f92  _ECAN1INTA_ISR                  
0     003f4f8d  _ECAP1_INT_ISR                  
0     003f4f88  _ECAP2_INT_ISR                  
0     003f4f83  _ECAP3_INT_ISR                  
1     00006040  _ECanaLAMRegs                   
1     000060c0  _ECanaMOTORegs                  
1     00006080  _ECanaMOTSRegs                  
1     00006100  _ECanaMboxes                    
1     00006000  _ECanaRegs                      
1     0000a40c  _ECanaShadow                    
1     00006a00  _ECap1Regs                      
1     00006a20  _ECap2Regs                      
1     00006a40  _ECap3Regs                      
0     003f4f7e  _EMPTY_ISR                      
0     003f4f79  _EMUINT_ISR                     
0     003f4f74  _EPWM1_INT_ISR                  
0     003f4f6f  _EPWM1_TZINT_ISR                
0     003f4f6a  _EPWM2_INT_ISR                  
0     003f4f65  _EPWM2_TZINT_ISR                
0     003f4f60  _EPWM3_INT_ISR                  
0     003f4f5b  _EPWM3_TZINT_ISR                
0     003f4f56  _EPWM4_INT_ISR                  
0     003f4f51  _EPWM4_TZINT_ISR                
0     003f4f4c  _EPWM5_INT_ISR                  
0     003f4f47  _EPWM5_TZINT_ISR                
0     003f4f42  _EPWM6_INT_ISR                  
0     003f4f3d  _EPWM6_TZINT_ISR                
0     003f4f38  _EPWM7_INT_ISR                  
0     003f4f33  _EPWM7_TZINT_ISR                
0     003f4f2e  _EPWM8_INT_ISR                  
0     003f4f29  _EPWM8_TZINT_ISR                
1     00006800  _EPwm1Regs                      
1     00006840  _EPwm2Regs                      
1     00006880  _EPwm3Regs                      
1     000068c0  _EPwm4Regs                      
1     00006900  _EPwm5Regs                      
1     00006940  _EPwm6Regs                      
1     00006980  _EPwm7Regs                      
1     000069c0  _EPwm8Regs                      
0     003f4f24  _EQEP1_INT_ISR                  
0     003f4f1f  _EQEP2_INT_ISR                  
1     00006b00  _EQep1Regs                      
1     00006b40  _EQep2Regs                      
1     00001576  _EleAngleA                      
1     00000d01  _EmuBMode                       
1     00000d00  _EmuKey                         
0     003f5aec  _EnableInterrupts               
0     003f530f  _ExtOscSel                      
0     003f4432  _F32toC                         
0     003f4007  _F32toC2                        
0     003f4034  _F32toC2_3                      
0     0000c515  _Fl2806x_ClearSector            
0     0000c447  _Fl2806x_CompactSector          
0     0000c3eb  _Fl2806x_EraseSector            
0     0000c549  _Fl2806x_Init                   
0     0000c49b  _Fl28x_ClearLoop                
0     0000c2cc  _Fl28x_ClosePulse               
0     0000c3a8  _Fl28x_CompactPulse             
0     0000c36e  _Fl28x_CompactVerify            
0     0000c573  _Fl28x_Delay                    
0     0000c580  _Fl28x_DisableInt               
0     0000c567  _Fl28x_DisableNMI               
0     0000c277  _Fl28x_EnterCmdMode             
0     0000c218  _Fl28x_ErasePulse               
0     0000c1d0  _Fl28x_EraseVerify              
0     0000c29c  _Fl28x_FlashRegSleep            
0     0000c26a  _Fl28x_LeaveCmdMode             
0     0000c2e3  _Fl28x_MaskAll                  
0     0000c2bb  _Fl28x_OpenPulse                
0     0000c32c  _Fl28x_ProgPulse                
0     0000c2ee  _Fl28x_ProgVerify               
0     0000c584  _Fl28x_RestoreInt               
0     0000c55f  _Fl28x_WatchDogDisable          
0     0000c109  _Flash2806x_Erase               
0     0000c028  _Flash2806x_Program             
0     0000c4dc  _Flash2806x_Verify              
0     003e0587  _Flash28_API_LoadEnd            
0     003e0000  _Flash28_API_LoadStart          
0     0000c000  _Flash28_API_RunStart           
0     0000c58f  _FlashControlParams             
1     00000a80  _FlashRegs                      
1     0000a3fc  _FlashStatus                    
1     00000d04  _Flash_CPUScaleFactor           
1     00000d02  _Flash_CallbackPtr              
0     003f43cf  _GetCanCommand                  
0     003f425c  _GetEncoder                     
0     003f4385  _GetSerialCommand               
0     003f4369  _GetTemp                        
1     00006f80  _GpioCtrlRegs                   
1     00006fc0  _GpioDataRegs                   
1     00006fe0  _GpioIntRegs                    
0     003f4f1a  _HRCAP1_INT_ISR                 
0     003f4f15  _HRCAP2_INT_ISR                 
0     003f4f10  _HRCAP3_INT_ISR                 
0     003f4f0b  _HRCAP4_INT_ISR                 
1     00006ac0  _HRCap1Regs                     
1     00006ae0  _HRCap2Regs                     
1     00006c80  _HRCap3Regs                     
1     00006ca0  _HRCap4Regs                     
1     0000a445  _HallTest                       
0     003f4f06  _I2CINT1A_ISR                   
0     003f4f01  _I2CINT2A_ISR                   
1     00007900  _I2caRegs                       
0     003f4efc  _ILLEGAL_ISR                    
0     003f4ef7  _INT13_ISR                      
0     003f4ef2  _INT14_ISR                      
0     003f4e19  _InitAdc                        
0     003f4c4d  _InitAdcAio                     
0     003f53a6  _InitCLA                        
0     003f4348  _InitController                 
0     003f5354  _InitDriverParam                
0     003f4bb7  _InitEPwm                       
0     003f4b66  _InitEPwm1                      
0     003f48f4  _InitEPwm1Gpio                  
0     003f4b02  _InitEPwm2                      
0     003f490a  _InitEPwm2Gpio                  
0     003f4a9e  _InitEPwm3                      
0     003f4920  _InitEPwm3Gpio                  
0     003f4a65  _InitEPwm4                      
0     003f4938  _InitEPwm4Gpio                  
0     003f4a2c  _InitEPwm5                      
0     003f4950  _InitEPwm5Gpio                  
0     003f4966  _InitEPwm6Gpio                  
0     003f49bb  _InitEPwm7                      
0     003f497c  _InitEPwm7Gpio                  
0     003f4993  _InitEPwm8Gpio                  
0     003f49aa  _InitEPwmGpio                   
0     003f48dc  _InitEPwmSyncGpio               
0     0000c675  _InitFlash                      
0     003f526c  _InitPeripheralClocks           
0     003f5acd  _InitPieCtrl                    
0     003f5c43  _InitPieVectTable               
0     003f521a  _InitPll                        
0     003f52e2  _InitPll2                       
0     003f5621  _InitSpi                        
0     003f561c  _InitSpiGpio                    
0     003f55f0  _InitSpiaGpio                   
0     003f55d4  _InitSpibGpio                   
0     003f52ca  _InitSysCtrl                    
0     003f48b7  _InitTzGpio                     
0     003f5202  _IntOsc1Sel                     
0     003f51ee  _IntOsc2Sel                     
1     00008818  _IparkA                         
0     003f4eed  _LUF_ISR                        
0     003f4ee8  _LVF_ISR                        
0     003f4ee3  _MRINTA_ISR                     
0     003f4ede  _MXINTA_ISR                     
1     00005000  _McbspaRegs                     
0     003f51de  _MemCopy                        
1     0000a3fa  _MyCallbackCounter              
0     0000c587  _MyCallbackFunction             
0     003f4ed9  _NMI_ISR                        
1     00007060  _NmiIntruptRegs                 
0     003f4ed4  _PIE_RESERVED                   
0     003f5439  _PI_CUR_MACRO                   
1     0000880a  _ParkA                          
1     003d7e80  _PartIdRegs                     
1     00000ce0  _PieCtrlRegs                    
1     00000d00  _PieVectTable                   
0     003f5e0c  _PieVectTableInit               
0     003f42b2  _ProcessEncoder                 
0     003f4129  _ProcessSerialCommand           
0     003f54d9  _RESET_PI_CUR                   
0     003f4ecf  _RTOSINT_ISR                    
abs   0000010f  _RamfuncsLoadSize               
0     003e8018  _RamfuncsLoadStart              
0     0000c587  _RamfuncsRunStart               
0     003f4061  _ReturnDataToMc                 
0     003f4eca  _SCIRXINTA_ISR                  
0     003f4ec5  _SCIRXINTB_ISR                  
0     003f4ec0  _SCITXINTA_ISR                  
0     003f4ebb  _SCITXINTB_ISR                  
0     003f4eb6  _SPIRXINTA_ISR                  
0     003f4eb1  _SPIRXINTB_ISR                  
0     003f4eac  _SPITXINTA_ISR                  
0     003f4ea7  _SPITXINTB_ISR                  
1     0000a444  _SampleFlag                     
1     0000a443  _SampleSize                     
1     00007050  _SciaRegs                       
1     00007750  _ScibRegs                       
0     003f51d4  _ServiceDog                     
0     003f4000  _SetParameters                  
1     00007040  _SpiaRegs                       
0     003f55b8  _Spia_init                      
0     003f55b1  _Spia_xmit                      
1     00007740  _SpibRegs                       
0     003f5597  _Spib_init                      
1     0000a446  _SumA                           
1     0000a448  _SumB                           
1     0000a44a  _SumC                           
1     0000a44c  _SumD                           
1     00008852  _Svgen_dqA                      
1     00007010  _SysCtrlRegs                    
1     00000985  _SysPwrCtrlRegs                 
0     003f4ea2  _TINT0_ISR                      
1     0000a309  _TimeSequence                   
0     003f4e9d  _USB0_INT_ISR                   
0     003f4e98  _USER10_ISR                     
0     003f4e93  _USER11_ISR                     
0     003f4e8e  _USER12_ISR                     
0     003f4e89  _USER1_ISR                      
0     003f4e84  _USER2_ISR                      
0     003f4e7f  _USER3_ISR                      
0     003f4e7a  _USER4_ISR                      
0     003f4e75  _USER5_ISR                      
0     003f4e70  _USER6_ISR                      
0     003f4e6b  _USER7_ISR                      
0     003f4e66  _USER8_ISR                      
0     003f4e61  _USER9_ISR                      
1     00004000  _Usb0Regs                       
0     003f4c4c  _User_AdcOffset                 
0     003f4bd6  _User_InitADC                   
0     003f4e5c  _WAKEINT_ISR                    
0     003f4e57  _XINT1_ISR                      
0     003f4e52  _XINT2_ISR                      
0     003f4e4d  _XINT3_ISR                      
1     00007070  _XIntruptRegs                   
0     003f51b8  _XtalOscSel                     
1     0000a300  __STACK_END                     
abs   00000300  __STACK_SIZE                    
1     0000a460  ___TI_cleanup_ptr               
1     0000a462  ___TI_dtors_ptr                 
1     0000a45e  ___TI_enable_exit_profile_output
abs   ffffffff  ___TI_pprof_out_hndl            
abs   ffffffff  ___TI_prof_data_size            
abs   ffffffff  ___TI_prof_data_start           
abs   ffffffff  ___binit__                      
abs   ffffffff  ___c_args__                     
0     003f5c95  ___cinit__                      
0     003f5c95  ___etext__                      
abs   ffffffff  ___pinit__                      
0     003f4000  ___text__                       
0     003f5be9  __args_main                     
1     0000a468  __lock                          
0     003f5c84  __nop                           
0     003f5c80  __register_lock                 
0     003f5c7c  __register_unlock               
1     0000a000  __stack                         
0     003f5c94  __system_post_cinit             
0     003f5c92  __system_pre_init               
1     0000a46a  __unlock                        
0     003f5a7b  _abort                          
0     003f59fd  _c_int00                        
0     003ec000  _c_stDriverParamA               
0     003f5b1a  _copy_in                        
0     003f5c72  _copysign                       
0     003f5c72  _copysignf                      
0     003f5014  _epwm1_isr                      
1     0000a310  _errVel                         
1     0000a45d  _errno                          
0     003f5a7d  _exit                           
1     000014e4  _g_CosEleAngleA                 
1     000014e2  _g_SinEleAngleA                 
1     0000a302  _g_bNewCommandArrived           
1     0000a306  _g_bSendFlag                    
1     000014e6  _g_fMeaCurrentD                 
1     0000a44e  _g_fMeaCurrentOffsetU           
1     0000a450  _g_fMeaCurrentOffsetV           
1     0000a452  _g_fMeaCurrentOffsetW           
1     000014e8  _g_fMeaCurrentQ                 
1     00001578  _g_fMeaCurrentU                 
1     0000157a  _g_fMeaCurrentV                 
1     0000157c  _g_fMeaCurrentW                 
1     0000a454  _g_fMeaDCVoltageOffset          
1     0000a408  _g_fVdctest                     
1     0000a30d  _g_iDriverTemp                  
1     0000a465  _g_iDriverTempOffset            
1     0000a30b  _g_iEPwmTZIntCount              
1     0000a30e  _g_iMeaDCVoltage                
1     0000a466  _g_iMeaDCVoltageOffset          
1     0000a30c  _g_iMotorTemp                   
1     0000a464  _g_iMotorTempOffset             
1     0000a30a  _g_iNewDataTimeCount            
1     0000a308  _g_iPosCnt                      
1     0000a312  _g_iPosRef                      
1     0000a400  _g_iPostest                     
1     0000a304  _g_iRecvCount                   
1     0000a300  _g_iRefreshCount                
1     0000a305  _g_iSendCount                   
1     0000a301  _g_iSendStateCount              
1     00008826  _g_lpfPwmPercent                
1     00008840  _g_lpfRefCurrentQ               
1     0000a404  _g_pCommand                     
1     0000a406  _g_pRespond                     
1     0000a340  _g_piCurLoopA                   
1     0000a380  _g_piCurLoopB                   
1     0000149a  _g_piCurdLoopA                  
1     000014c0  _g_piCurqLoopA                  
1     00001480  _g_stClaToCpuData               
1     0000a314  _g_stCommand                    
1     00001500  _g_stCpuToClaData               
1     00001540  _g_stDriverParamA               
1     00008880  _g_stMotorCurrentA              
1     0000a31e  _g_stPositionDataA              
1     0000a3c0  _g_stRespond                    
1     0000a307  _iChecksum                      
1     0000a303  _iRevData                       
1     0000a442  _index                          
0     003f5946  _ldexp                          
0     003f5946  _ldexpf                         
0     003f53cf  _main                           
0     003f5b7c  _memcpy                         
0     003f4499  _pow                            
0     003f4499  _powf                           
0     003f4e48  _rsvd_ISR                       
0     003f5946  _scalbn                         
0     003f5946  _scalbnf                        
0     003f558f  _spi_fifo_init                  
0     003f58d1  _sqrt                           
0     003f58d1  _sqrtf                          
1     0000a440  _temp1                          
1     0000a441  _temp2                          
abs   ffffffff  binit                           
0     003f5c95  cinit                           
0     003f7ff6  code_start                      
0     003f5c95  etext                           
abs   ffffffff  pinit                           


GLOBAL SYMBOLS: SORTED BY Symbol Address 

page  address   name                            
----  -------   ----                            
0     00009000  _Cla1ProgRunStart               
0     00009000  _Cla1Task1                      
0     00009008  _Cla1Task2                      
0     00009010  _Cla1Task8                      
0     0000c000  _Flash28_API_RunStart           
0     0000c028  _Flash2806x_Program             
0     0000c109  _Flash2806x_Erase               
0     0000c1d0  _Fl28x_EraseVerify              
0     0000c218  _Fl28x_ErasePulse               
0     0000c26a  _Fl28x_LeaveCmdMode             
0     0000c277  _Fl28x_EnterCmdMode             
0     0000c29c  _Fl28x_FlashRegSleep            
0     0000c2bb  _Fl28x_OpenPulse                
0     0000c2cc  _Fl28x_ClosePulse               
0     0000c2e3  _Fl28x_MaskAll                  
0     0000c2ee  _Fl28x_ProgVerify               
0     0000c32c  _Fl28x_ProgPulse                
0     0000c36e  _Fl28x_CompactVerify            
0     0000c3a8  _Fl28x_CompactPulse             
0     0000c3eb  _Fl2806x_EraseSector            
0     0000c447  _Fl2806x_CompactSector          
0     0000c49b  _Fl28x_ClearLoop                
0     0000c4dc  _Flash2806x_Verify              
0     0000c515  _Fl2806x_ClearSector            
0     0000c549  _Fl2806x_Init                   
0     0000c55f  _Fl28x_WatchDogDisable          
0     0000c567  _Fl28x_DisableNMI               
0     0000c573  _Fl28x_Delay                    
0     0000c580  _Fl28x_DisableInt               
0     0000c584  _Fl28x_RestoreInt               
0     0000c587  _MyCallbackFunction             
0     0000c587  _RamfuncsRunStart               
0     0000c58f  _FlashControlParams             
0     0000c600  _AD2S1210_Read                  
0     0000c675  _InitFlash                      
0     0000c692  _DSP28x_usDelay                 
0     003e0000  _Flash28_API_LoadStart          
0     003e0587  _Flash28_API_LoadEnd            
0     003e8000  _Cla1ProgLoadStart              
0     003e8018  _RamfuncsLoadStart              
0     003ec000  _c_stDriverParamA               
0     003f4000  .text                           
0     003f4000  _SetParameters                  
0     003f4000  ___text__                       
0     003f4007  _F32toC2                        
0     003f4034  _F32toC2_3                      
0     003f4061  _ReturnDataToMc                 
0     003f411d  _CtoF32                         
0     003f4129  _ProcessSerialCommand           
0     003f425c  _GetEncoder                     
0     003f42b2  _ProcessEncoder                 
0     003f4348  _InitController                 
0     003f4369  _GetTemp                        
0     003f4385  _GetSerialCommand               
0     003f43cf  _GetCanCommand                  
0     003f4432  _F32toC                         
0     003f4443  _CheckFault                     
0     003f447a  _CanTx                          
0     003f4499  _pow                            
0     003f4499  _powf                           
0     003f48b7  _InitTzGpio                     
0     003f48dc  _InitEPwmSyncGpio               
0     003f48f4  _InitEPwm1Gpio                  
0     003f490a  _InitEPwm2Gpio                  
0     003f4920  _InitEPwm3Gpio                  
0     003f4938  _InitEPwm4Gpio                  
0     003f4950  _InitEPwm5Gpio                  
0     003f4966  _InitEPwm6Gpio                  
0     003f497c  _InitEPwm7Gpio                  
0     003f4993  _InitEPwm8Gpio                  
0     003f49aa  _InitEPwmGpio                   
0     003f49bb  _InitEPwm7                      
0     003f4a2c  _InitEPwm5                      
0     003f4a65  _InitEPwm4                      
0     003f4a9e  _InitEPwm3                      
0     003f4b02  _InitEPwm2                      
0     003f4b66  _InitEPwm1                      
0     003f4bb7  _InitEPwm                       
0     003f4bd6  _User_InitADC                   
0     003f4c4c  _User_AdcOffset                 
0     003f4c4d  _InitAdcAio                     
0     003f4cb3  _AdcChanSelect                  
0     003f4d0b  _AdcConversion                  
0     003f4df4  _AdcOffsetSelfCal               
0     003f4e19  _InitAdc                        
0     003f4e48  _rsvd_ISR                       
0     003f4e4d  _XINT3_ISR                      
0     003f4e52  _XINT2_ISR                      
0     003f4e57  _XINT1_ISR                      
0     003f4e5c  _WAKEINT_ISR                    
0     003f4e61  _USER9_ISR                      
0     003f4e66  _USER8_ISR                      
0     003f4e6b  _USER7_ISR                      
0     003f4e70  _USER6_ISR                      
0     003f4e75  _USER5_ISR                      
0     003f4e7a  _USER4_ISR                      
0     003f4e7f  _USER3_ISR                      
0     003f4e84  _USER2_ISR                      
0     003f4e89  _USER1_ISR                      
0     003f4e8e  _USER12_ISR                     
0     003f4e93  _USER11_ISR                     
0     003f4e98  _USER10_ISR                     
0     003f4e9d  _USB0_INT_ISR                   
0     003f4ea2  _TINT0_ISR                      
0     003f4ea7  _SPITXINTB_ISR                  
0     003f4eac  _SPITXINTA_ISR                  
0     003f4eb1  _SPIRXINTB_ISR                  
0     003f4eb6  _SPIRXINTA_ISR                  
0     003f4ebb  _SCITXINTB_ISR                  
0     003f4ec0  _SCITXINTA_ISR                  
0     003f4ec5  _SCIRXINTB_ISR                  
0     003f4eca  _SCIRXINTA_ISR                  
0     003f4ecf  _RTOSINT_ISR                    
0     003f4ed4  _PIE_RESERVED                   
0     003f4ed9  _NMI_ISR                        
0     003f4ede  _MXINTA_ISR                     
0     003f4ee3  _MRINTA_ISR                     
0     003f4ee8  _LVF_ISR                        
0     003f4eed  _LUF_ISR                        
0     003f4ef2  _INT14_ISR                      
0     003f4ef7  _INT13_ISR                      
0     003f4efc  _ILLEGAL_ISR                    
0     003f4f01  _I2CINT2A_ISR                   
0     003f4f06  _I2CINT1A_ISR                   
0     003f4f0b  _HRCAP4_INT_ISR                 
0     003f4f10  _HRCAP3_INT_ISR                 
0     003f4f15  _HRCAP2_INT_ISR                 
0     003f4f1a  _HRCAP1_INT_ISR                 
0     003f4f1f  _EQEP2_INT_ISR                  
0     003f4f24  _EQEP1_INT_ISR                  
0     003f4f29  _EPWM8_TZINT_ISR                
0     003f4f2e  _EPWM8_INT_ISR                  
0     003f4f33  _EPWM7_TZINT_ISR                
0     003f4f38  _EPWM7_INT_ISR                  
0     003f4f3d  _EPWM6_TZINT_ISR                
0     003f4f42  _EPWM6_INT_ISR                  
0     003f4f47  _EPWM5_TZINT_ISR                
0     003f4f4c  _EPWM5_INT_ISR                  
0     003f4f51  _EPWM4_TZINT_ISR                
0     003f4f56  _EPWM4_INT_ISR                  
0     003f4f5b  _EPWM3_TZINT_ISR                
0     003f4f60  _EPWM3_INT_ISR                  
0     003f4f65  _EPWM2_TZINT_ISR                
0     003f4f6a  _EPWM2_INT_ISR                  
0     003f4f6f  _EPWM1_TZINT_ISR                
0     003f4f74  _EPWM1_INT_ISR                  
0     003f4f79  _EMUINT_ISR                     
0     003f4f7e  _EMPTY_ISR                      
0     003f4f83  _ECAP3_INT_ISR                  
0     003f4f88  _ECAP2_INT_ISR                  
0     003f4f8d  _ECAP1_INT_ISR                  
0     003f4f92  _ECAN1INTA_ISR                  
0     003f4f97  _ECAN0INTA_ISR                  
0     003f4f9c  _DINTCH6_ISR                    
0     003f4fa1  _DINTCH5_ISR                    
0     003f4fa6  _DINTCH4_ISR                    
0     003f4fab  _DINTCH3_ISR                    
0     003f4fb0  _DINTCH2_ISR                    
0     003f4fb5  _DINTCH1_ISR                    
0     003f4fba  _DATALOG_ISR                    
0     003f4fbf  _CLA1_INT8_ISR                  
0     003f4fc4  _CLA1_INT7_ISR                  
0     003f4fc9  _CLA1_INT6_ISR                  
0     003f4fce  _CLA1_INT5_ISR                  
0     003f4fd3  _CLA1_INT4_ISR                  
0     003f4fd8  _CLA1_INT3_ISR                  
0     003f4fdd  _CLA1_INT2_ISR                  
0     003f4fe2  _CLA1_INT1_ISR                  
0     003f4fe7  _ADCINT9_ISR                    
0     003f4fec  _ADCINT8_ISR                    
0     003f4ff1  _ADCINT7_ISR                    
0     003f4ff6  _ADCINT6_ISR                    
0     003f4ffb  _ADCINT5_ISR                    
0     003f5000  _ADCINT4_ISR                    
0     003f5005  _ADCINT3_ISR                    
0     003f500a  _ADCINT2_ISR                    
0     003f500f  _ADCINT1_ISR                    
0     003f5014  _epwm1_isr                      
0     003f51b8  _XtalOscSel                     
0     003f51d4  _ServiceDog                     
0     003f51de  _MemCopy                        
0     003f51ee  _IntOsc2Sel                     
0     003f5202  _IntOsc1Sel                     
0     003f5212  _DisableDog                     
0     003f521a  _InitPll                        
0     003f526c  _InitPeripheralClocks           
0     003f52ca  _InitSysCtrl                    
0     003f52e2  _InitPll2                       
0     003f530f  _ExtOscSel                      
0     003f5327  _CsmUnlock                      
0     003f5354  _InitDriverParam                
0     003f53a6  _InitCLA                        
0     003f53cf  _main                           
0     003f5439  _PI_CUR_MACRO                   
0     003f54d9  _RESET_PI_CUR                   
0     003f54f0  _AD2S1210_SetPara               
0     003f54ff  _AD2S1210_ClearFault            
0     003f5529  _AD2S1210_Init                  
0     003f558f  _spi_fifo_init                  
0     003f5597  _Spib_init                      
0     003f55b1  _Spia_xmit                      
0     003f55b8  _Spia_init                      
0     003f55d4  _InitSpibGpio                   
0     003f55f0  _InitSpiaGpio                   
0     003f561c  _InitSpiGpio                    
0     003f5621  _InitSpi                        
0     003f562c  FD$$ADD                         
0     003f56c8  FD$$DIV                         
0     003f5753  FD$$MPY                         
0     003f57d6  FS$$DIV                         
0     003f5859  FS$$SUB                         
0     003f585e  FS$$ADD                         
0     003f58d1  _sqrt                           
0     003f58d1  _sqrtf                          
0     003f5946  _ldexp                          
0     003f5946  _ldexpf                         
0     003f5946  _scalbn                         
0     003f5946  _scalbnf                        
0     003f59a3  FS$$MPY                         
0     003f59fd  _c_int00                        
0     003f5a51  L$$DIV                          
0     003f5a60  L$$MOD                          
0     003f5a6e  UL$$DIV                         
0     003f5a75  UL$$MOD                         
0     003f5a7b  C$$EXIT                         
0     003f5a7b  _abort                          
0     003f5a7d  _exit                           
0     003f5aa4  FS$$TOL                         
0     003f5acd  _InitPieCtrl                    
0     003f5aec  _EnableInterrupts               
0     003f5af5  FS$$TOI                         
0     003f5b1a  _copy_in                        
0     003f5b3e  FD$$TOFS                        
0     003f5b5f  FS$$TOU                         
0     003f5b7c  _memcpy                         
0     003f5b99  FS$$TOFD                        
0     003f5bb5  I$$TOFS                         
0     003f5bcf  L$$TOFS                         
0     003f5be9  __args_main                     
0     003f5c02  FS$$CMP                         
0     003f5c19  U$$TOFD                         
0     003f5c30  UL$$TOFS                        
0     003f5c43  _InitPieVectTable               
0     003f5c54  U$$TOFS                         
0     003f5c64  FD$$SUB                         
0     003f5c72  _copysign                       
0     003f5c72  _copysignf                      
0     003f5c7c  __register_unlock               
0     003f5c80  __register_lock                 
0     003f5c84  __nop                           
0     003f5c8d  FS$$NEG                         
0     003f5c92  __system_pre_init               
0     003f5c94  __system_post_cinit             
0     003f5c95  ___cinit__                      
0     003f5c95  ___etext__                      
0     003f5c95  cinit                           
0     003f5c95  etext                           
0     003f5e0c  _PieVectTableInit               
0     003f7ff6  code_start                      
1     00000880  _DevEmuRegs                     
1     00000985  _SysPwrCtrlRegs                 
1     00000a80  _FlashRegs                      
1     00000ae0  _CsmRegs                        
1     00000b00  _AdcResult                      
1     00000c00  _CpuTimer0Regs                  
1     00000c08  _CpuTimer1Regs                  
1     00000c10  _CpuTimer2Regs                  
1     00000ce0  _PieCtrlRegs                    
1     00000d00  _EmuKey                         
1     00000d00  _PieVectTable                   
1     00000d01  _EmuBMode                       
1     00000d02  _Flash_CallbackPtr              
1     00000d04  _Flash_CPUScaleFactor           
1     00001000  _DmaRegs                        
1     00001400  _Cla1Regs                       
1     00001480  _g_stClaToCpuData               
1     0000149a  _g_piCurdLoopA                  
1     000014c0  _g_piCurqLoopA                  
1     000014e2  _g_SinEleAngleA                 
1     000014e4  _g_CosEleAngleA                 
1     000014e6  _g_fMeaCurrentD                 
1     000014e8  _g_fMeaCurrentQ                 
1     00001500  _g_stCpuToClaData               
1     00001540  _g_stDriverParamA               
1     00001576  _EleAngleA                      
1     00001578  _g_fMeaCurrentU                 
1     0000157a  _g_fMeaCurrentV                 
1     0000157c  _g_fMeaCurrentW                 
1     00004000  _Usb0Regs                       
1     00005000  _McbspaRegs                     
1     00006000  _ECanaRegs                      
1     00006040  _ECanaLAMRegs                   
1     00006080  _ECanaMOTSRegs                  
1     000060c0  _ECanaMOTORegs                  
1     00006100  _ECanaMboxes                    
1     00006400  _Comp1Regs                      
1     00006420  _Comp2Regs                      
1     00006440  _Comp3Regs                      
1     00006800  _EPwm1Regs                      
1     00006840  _EPwm2Regs                      
1     00006880  _EPwm3Regs                      
1     000068c0  _EPwm4Regs                      
1     00006900  _EPwm5Regs                      
1     00006940  _EPwm6Regs                      
1     00006980  _EPwm7Regs                      
1     000069c0  _EPwm8Regs                      
1     00006a00  _ECap1Regs                      
1     00006a20  _ECap2Regs                      
1     00006a40  _ECap3Regs                      
1     00006ac0  _HRCap1Regs                     
1     00006ae0  _HRCap2Regs                     
1     00006b00  _EQep1Regs                      
1     00006b40  _EQep2Regs                      
1     00006c80  _HRCap3Regs                     
1     00006ca0  _HRCap4Regs                     
1     00006f80  _GpioCtrlRegs                   
1     00006fc0  _GpioDataRegs                   
1     00006fe0  _GpioIntRegs                    
1     00007010  _SysCtrlRegs                    
1     00007040  _SpiaRegs                       
1     00007050  _SciaRegs                       
1     00007060  _NmiIntruptRegs                 
1     00007070  _XIntruptRegs                   
1     00007100  _AdcRegs                        
1     00007740  _SpibRegs                       
1     00007750  _ScibRegs                       
1     00007900  _I2caRegs                       
1     00008800  _ClarkeA                        
1     0000880a  _ParkA                          
1     00008818  _IparkA                         
1     00008826  _g_lpfPwmPercent                
1     00008840  _g_lpfRefCurrentQ               
1     00008852  _Svgen_dqA                      
1     00008880  _g_stMotorCurrentA              
1     00008c00  _CLA1mathTablesLoadStart        
1     00008c00  _CLA1mathTablesRunStart         
1     0000a000  __stack                         
1     0000a300  __STACK_END                     
1     0000a300  _g_iRefreshCount                
1     0000a301  _g_iSendStateCount              
1     0000a302  _g_bNewCommandArrived           
1     0000a303  _iRevData                       
1     0000a304  _g_iRecvCount                   
1     0000a305  _g_iSendCount                   
1     0000a306  _g_bSendFlag                    
1     0000a307  _iChecksum                      
1     0000a308  _g_iPosCnt                      
1     0000a309  _TimeSequence                   
1     0000a30a  _g_iNewDataTimeCount            
1     0000a30b  _g_iEPwmTZIntCount              
1     0000a30c  _g_iMotorTemp                   
1     0000a30d  _g_iDriverTemp                  
1     0000a30e  _g_iMeaDCVoltage                
1     0000a310  _errVel                         
1     0000a312  _g_iPosRef                      
1     0000a314  _g_stCommand                    
1     0000a31e  _g_stPositionDataA              
1     0000a340  _g_piCurLoopA                   
1     0000a380  _g_piCurLoopB                   
1     0000a3c0  _g_stRespond                    
1     0000a3e2  _CpuTimer0                      
1     0000a3ea  _CpuTimer1                      
1     0000a3f2  _CpuTimer2                      
1     0000a3fa  _MyCallbackCounter              
1     0000a3fc  _FlashStatus                    
1     0000a400  _g_iPostest                     
1     0000a404  _g_pCommand                     
1     0000a406  _g_pRespond                     
1     0000a408  _g_fVdctest                     
1     0000a40c  _ECanaShadow                    
1     0000a440  _temp1                          
1     0000a441  _temp2                          
1     0000a442  _index                          
1     0000a443  _SampleSize                     
1     0000a444  _SampleFlag                     
1     0000a445  _HallTest                       
1     0000a446  _SumA                           
1     0000a448  _SumB                           
1     0000a44a  _SumC                           
1     0000a44c  _SumD                           
1     0000a44e  _g_fMeaCurrentOffsetU           
1     0000a450  _g_fMeaCurrentOffsetV           
1     0000a452  _g_fMeaCurrentOffsetW           
1     0000a454  _g_fMeaDCVoltageOffset          
1     0000a456  _AD2S1210_Resolver              
1     0000a45d  _errno                          
1     0000a45e  ___TI_enable_exit_profile_output
1     0000a460  ___TI_cleanup_ptr               
1     0000a462  ___TI_dtors_ptr                 
1     0000a464  _g_iMotorTempOffset             
1     0000a465  _g_iDriverTempOffset            
1     0000a466  _g_iMeaDCVoltageOffset          
1     0000a468  __lock                          
1     0000a46a  __unlock                        
1     003d7e80  _PartIdRegs                     
1     003f7ff8  _CsmPwl                         
abs   00000000  _CLA1mathTablesLoadSize         
abs   00000018  _Cla1ProgLoadSize               
abs   0000010f  _RamfuncsLoadSize               
abs   00000300  __STACK_SIZE                    
abs   ffffffff  ___TI_pprof_out_hndl            
abs   ffffffff  ___TI_prof_data_size            
abs   ffffffff  ___TI_prof_data_start           
abs   ffffffff  ___binit__                      
abs   ffffffff  ___c_args__                     
abs   ffffffff  ___pinit__                      
abs   ffffffff  binit                           
abs   ffffffff  pinit                           

[408 symbols]
