<?xml version="1.0" encoding="ISO-8859-1" ?>
<link_info>
   <banner>TMS320C2000 Linker PC v18.1.8.LTS</banner>
   <copyright>Copyright (c) 1996-2018 Texas Instruments Incorporated</copyright>
   <link_time>0x5f991770</link_time>
   <link_errors>0x0</link_errors>
   <output_file>RXST_HGD.out</output_file>
   <entry_point>
      <name>_c_int00</name>
      <address>0x3f5a13</address>
   </entry_point>
   <input_file_list>
      <input_file id="fl-2">
         <path>.\</path>
         <kind>object</kind>
         <file>AD2S1210.obj</file>
         <name>AD2S1210.obj</name>
      </input_file>
      <input_file id="fl-3">
         <path>.\</path>
         <kind>object</kind>
         <file>AD7606.obj</file>
         <name>AD7606.obj</name>
      </input_file>
      <input_file id="fl-4">
         <path>.\</path>
         <kind>object</kind>
         <file>CLAShareData.obj</file>
         <name>CLAShareData.obj</name>
      </input_file>
      <input_file id="fl-5">
         <path>.\</path>
         <kind>object</kind>
         <file>F2806x_Adc.obj</file>
         <name>F2806x_Adc.obj</name>
      </input_file>
      <input_file id="fl-6">
         <path>.\</path>
         <kind>object</kind>
         <file>F2806x_CodeStartBranch.obj</file>
         <name>F2806x_CodeStartBranch.obj</name>
      </input_file>
      <input_file id="fl-7">
         <path>.\</path>
         <kind>object</kind>
         <file>F2806x_CpuTimers.obj</file>
         <name>F2806x_CpuTimers.obj</name>
      </input_file>
      <input_file id="fl-8">
         <path>.\</path>
         <kind>object</kind>
         <file>F2806x_DefaultIsr.obj</file>
         <name>F2806x_DefaultIsr.obj</name>
      </input_file>
      <input_file id="fl-9">
         <path>.\</path>
         <kind>object</kind>
         <file>F2806x_EPwm.obj</file>
         <name>F2806x_EPwm.obj</name>
      </input_file>
      <input_file id="fl-a">
         <path>.\</path>
         <kind>object</kind>
         <file>F2806x_GlobalVariableDefs.obj</file>
         <name>F2806x_GlobalVariableDefs.obj</name>
      </input_file>
      <input_file id="fl-b">
         <path>.\</path>
         <kind>object</kind>
         <file>F2806x_PieCtrl.obj</file>
         <name>F2806x_PieCtrl.obj</name>
      </input_file>
      <input_file id="fl-c">
         <path>.\</path>
         <kind>object</kind>
         <file>F2806x_PieVect.obj</file>
         <name>F2806x_PieVect.obj</name>
      </input_file>
      <input_file id="fl-d">
         <path>.\</path>
         <kind>object</kind>
         <file>F2806x_Sci.obj</file>
         <name>F2806x_Sci.obj</name>
      </input_file>
      <input_file id="fl-e">
         <path>.\</path>
         <kind>object</kind>
         <file>F2806x_Spi.obj</file>
         <name>F2806x_Spi.obj</name>
      </input_file>
      <input_file id="fl-f">
         <path>.\</path>
         <kind>object</kind>
         <file>F2806x_SysCtrl.obj</file>
         <name>F2806x_SysCtrl.obj</name>
      </input_file>
      <input_file id="fl-10">
         <path>.\</path>
         <kind>object</kind>
         <file>F2806x_usDelay.obj</file>
         <name>F2806x_usDelay.obj</name>
      </input_file>
      <input_file id="fl-11">
         <path>.\</path>
         <kind>object</kind>
         <file>Flash28069API.obj</file>
         <name>Flash28069API.obj</name>
      </input_file>
      <input_file id="fl-12">
         <path>.\</path>
         <kind>object</kind>
         <file>Servo.obj</file>
         <name>Servo.obj</name>
      </input_file>
      <input_file id="fl-13">
         <path>.\</path>
         <kind>object</kind>
         <file>ServoModule.obj</file>
         <name>ServoModule.obj</name>
      </input_file>
      <input_file id="fl-14">
         <path>.\</path>
         <kind>object</kind>
         <file>main.obj</file>
         <name>main.obj</name>
      </input_file>
      <input_file id="fl-2c">
         <kind>object</kind>
         <file>&lt;internal&gt;</file>
         <name>&lt;internal&gt;</name>
      </input_file>
      <input_file id="fl-2d">
         <path>C:\Users\qianj\workspace_v7\RXST_HGD\lib\</path>
         <kind>archive</kind>
         <file>Flash2806x_API_V100.lib</file>
         <name>Flash28_Erase.obj</name>
      </input_file>
      <input_file id="fl-2e">
         <path>C:\Users\qianj\workspace_v7\RXST_HGD\lib\</path>
         <kind>archive</kind>
         <file>Flash2806x_API_V100.lib</file>
         <name>Flash28_EraseSector.obj</name>
      </input_file>
      <input_file id="fl-2f">
         <path>C:\Users\qianj\workspace_v7\RXST_HGD\lib\</path>
         <kind>archive</kind>
         <file>Flash2806x_API_V100.lib</file>
         <name>Flash28_Init.obj</name>
      </input_file>
      <input_file id="fl-30">
         <path>C:\Users\qianj\workspace_v7\RXST_HGD\lib\</path>
         <kind>archive</kind>
         <file>Flash2806x_API_V100.lib</file>
         <name>Flash28_Internals.obj</name>
      </input_file>
      <input_file id="fl-31">
         <path>C:\Users\qianj\workspace_v7\RXST_HGD\lib\</path>
         <kind>archive</kind>
         <file>Flash2806x_API_V100.lib</file>
         <name>Flash28_Prog.obj</name>
      </input_file>
      <input_file id="fl-32">
         <path>C:\Users\qianj\workspace_v7\RXST_HGD\lib\</path>
         <kind>archive</kind>
         <file>Flash2806x_API_V100.lib</file>
         <name>Flash28_Prog_Pulse.obj</name>
      </input_file>
      <input_file id="fl-33">
         <path>C:\Users\qianj\workspace_v7\RXST_HGD\lib\</path>
         <kind>archive</kind>
         <file>Flash2806x_API_V100.lib</file>
         <name>Flash28_Utils.obj</name>
      </input_file>
      <input_file id="fl-34">
         <path>C:\Users\qianj\workspace_v7\RXST_HGD\lib\</path>
         <kind>archive</kind>
         <file>Flash2806x_API_V100.lib</file>
         <name>Flash28_Verify.obj</name>
      </input_file>
      <input_file id="fl-35">
         <path>C:\Users\qianj\workspace_v7\RXST_HGD\lib\</path>
         <kind>archive</kind>
         <file>Flash2806x_API_V100.lib</file>
         <name>Flash28_ClearSector.obj</name>
      </input_file>
      <input_file id="fl-36">
         <path>C:\Users\qianj\workspace_v7\RXST_HGD\lib\</path>
         <kind>archive</kind>
         <file>Flash2806x_API_V100.lib</file>
         <name>Flash28_CompactSector.obj</name>
      </input_file>
      <input_file id="fl-37">
         <path>C:\Users\qianj\workspace_v7\RXST_HGD\lib\</path>
         <kind>archive</kind>
         <file>Flash2806x_API_V100.lib</file>
         <name>Flash28_Delay.obj</name>
      </input_file>
      <input_file id="fl-38">
         <path>C:\Users\qianj\workspace_v7\RXST_HGD\lib\</path>
         <kind>archive</kind>
         <file>Flash2806x_API_V100.lib</file>
         <name>Flash28_DisInt.obj</name>
      </input_file>
      <input_file id="fl-39">
         <path>C:\Users\qianj\workspace_v7\RXST_HGD\lib\</path>
         <kind>archive</kind>
         <file>Flash2806x_API_V100.lib</file>
         <name>Flash28_Erase_Pulse.obj</name>
      </input_file>
      <input_file id="fl-3a">
         <path>C:\Users\qianj\workspace_v7\RXST_HGD\lib\</path>
         <kind>archive</kind>
         <file>Flash2806x_API_V100.lib</file>
         <name>Flash28_ClearLoop.obj</name>
      </input_file>
      <input_file id="fl-3b">
         <path>C:\Users\qianj\workspace_v7\RXST_HGD\lib\</path>
         <kind>archive</kind>
         <file>Flash2806x_API_V100.lib</file>
         <name>Flash28_Compact_Pulse.obj</name>
      </input_file>
      <input_file id="fl-3c">
         <path>..\lib\</path>
         <kind>archive</kind>
         <file>rts2800_ml.lib</file>
         <name>e_powf.c.obj</name>
      </input_file>
      <input_file id="fl-3d">
         <path>..\lib\</path>
         <kind>archive</kind>
         <file>rts2800_ml.lib</file>
         <name>e_sqrtf.c.obj</name>
      </input_file>
      <input_file id="fl-3e">
         <path>..\lib\</path>
         <kind>archive</kind>
         <file>rts2800_ml.lib</file>
         <name>s_scalbnf.c.obj</name>
      </input_file>
      <input_file id="fl-3f">
         <path>..\lib\</path>
         <kind>archive</kind>
         <file>rts2800_ml.lib</file>
         <name>boot28.asm.obj</name>
      </input_file>
      <input_file id="fl-40">
         <path>..\lib\</path>
         <kind>archive</kind>
         <file>rts2800_ml.lib</file>
         <name>fd_div28.asm.obj</name>
      </input_file>
      <input_file id="fl-41">
         <path>..\lib\</path>
         <kind>archive</kind>
         <file>rts2800_ml.lib</file>
         <name>fd_mpy28.asm.obj</name>
      </input_file>
      <input_file id="fl-42">
         <path>..\lib\</path>
         <kind>archive</kind>
         <file>rts2800_ml.lib</file>
         <name>fd_sub28.asm.obj</name>
      </input_file>
      <input_file id="fl-43">
         <path>..\lib\</path>
         <kind>archive</kind>
         <file>rts2800_ml.lib</file>
         <name>fs_add28.asm.obj</name>
      </input_file>
      <input_file id="fl-44">
         <path>..\lib\</path>
         <kind>archive</kind>
         <file>rts2800_ml.lib</file>
         <name>fs_cmp28.asm.obj</name>
      </input_file>
      <input_file id="fl-45">
         <path>..\lib\</path>
         <kind>archive</kind>
         <file>rts2800_ml.lib</file>
         <name>fs_div28.asm.obj</name>
      </input_file>
      <input_file id="fl-46">
         <path>..\lib\</path>
         <kind>archive</kind>
         <file>rts2800_ml.lib</file>
         <name>fs_mpy28.asm.obj</name>
      </input_file>
      <input_file id="fl-47">
         <path>..\lib\</path>
         <kind>archive</kind>
         <file>rts2800_ml.lib</file>
         <name>fs_neg28.asm.obj</name>
      </input_file>
      <input_file id="fl-48">
         <path>..\lib\</path>
         <kind>archive</kind>
         <file>rts2800_ml.lib</file>
         <name>fs_toi28.asm.obj</name>
      </input_file>
      <input_file id="fl-49">
         <path>..\lib\</path>
         <kind>archive</kind>
         <file>rts2800_ml.lib</file>
         <name>fs_tol28.asm.obj</name>
      </input_file>
      <input_file id="fl-4a">
         <path>..\lib\</path>
         <kind>archive</kind>
         <file>rts2800_ml.lib</file>
         <name>fs_tou28.asm.obj</name>
      </input_file>
      <input_file id="fl-4b">
         <path>..\lib\</path>
         <kind>archive</kind>
         <file>rts2800_ml.lib</file>
         <name>i_tofs28.asm.obj</name>
      </input_file>
      <input_file id="fl-4c">
         <path>..\lib\</path>
         <kind>archive</kind>
         <file>rts2800_ml.lib</file>
         <name>u_tofd28.asm.obj</name>
      </input_file>
      <input_file id="fl-4d">
         <path>..\lib\</path>
         <kind>archive</kind>
         <file>rts2800_ml.lib</file>
         <name>u_tofs28.asm.obj</name>
      </input_file>
      <input_file id="fl-4e">
         <path>..\lib\</path>
         <kind>archive</kind>
         <file>rts2800_ml.lib</file>
         <name>l_tofs28.asm.obj</name>
      </input_file>
      <input_file id="fl-4f">
         <path>..\lib\</path>
         <kind>archive</kind>
         <file>rts2800_ml.lib</file>
         <name>l_div28.asm.obj</name>
      </input_file>
      <input_file id="fl-50">
         <path>..\lib\</path>
         <kind>archive</kind>
         <file>rts2800_ml.lib</file>
         <name>ul_tofs28.asm.obj</name>
      </input_file>
      <input_file id="fl-51">
         <path>..\lib\</path>
         <kind>archive</kind>
         <file>rts2800_ml.lib</file>
         <name>fs_tofd28.asm.obj</name>
      </input_file>
      <input_file id="fl-52">
         <path>..\lib\</path>
         <kind>archive</kind>
         <file>rts2800_ml.lib</file>
         <name>fd_tofs28.asm.obj</name>
      </input_file>
      <input_file id="fl-53">
         <path>..\lib\</path>
         <kind>archive</kind>
         <file>rts2800_ml.lib</file>
         <name>cpy_tbl.c.obj</name>
      </input_file>
      <input_file id="fl-54">
         <path>..\lib\</path>
         <kind>archive</kind>
         <file>rts2800_ml.lib</file>
         <name>memcpy.c.obj</name>
      </input_file>
      <input_file id="fl-55">
         <path>..\lib\</path>
         <kind>archive</kind>
         <file>rts2800_ml.lib</file>
         <name>pre_init.c.obj</name>
      </input_file>
      <input_file id="fl-56">
         <path>..\lib\</path>
         <kind>archive</kind>
         <file>rts2800_ml.lib</file>
         <name>startup.c.obj</name>
      </input_file>
      <input_file id="fl-57">
         <path>..\lib\</path>
         <kind>archive</kind>
         <file>rts2800_ml.lib</file>
         <name>errno.c.obj</name>
      </input_file>
      <input_file id="fl-58">
         <path>..\lib\</path>
         <kind>archive</kind>
         <file>rts2800_ml.lib</file>
         <name>exit.c.obj</name>
      </input_file>
      <input_file id="fl-59">
         <path>..\lib\</path>
         <kind>archive</kind>
         <file>rts2800_ml.lib</file>
         <name>_lock.c.obj</name>
      </input_file>
      <input_file id="fl-5a">
         <path>..\lib\</path>
         <kind>archive</kind>
         <file>rts2800_ml.lib</file>
         <name>args_main.c.obj</name>
      </input_file>
      <input_file id="fl-5b">
         <path>..\lib\</path>
         <kind>archive</kind>
         <file>rts2800_ml.lib</file>
         <name>s_copysignf.c.obj</name>
      </input_file>
      <input_file id="fl-5c">
         <path>..\lib\</path>
         <kind>archive</kind>
         <file>rts2800_ml.lib</file>
         <name>fd_add28.asm.obj</name>
      </input_file>
   </input_file_list>
   <object_component_list>
      <object_component id="oc-10a">
         <name>.econst</name>
         <load_address>0x3e0000</load_address>
         <run_address>0xc000</run_address>
         <size>0x28</size>
         <input_file_ref idref="fl-2d"/>
      </object_component>
      <object_component id="oc-10e">
         <name>.text</name>
         <load_address>0x3e0028</load_address>
         <run_address>0xc028</run_address>
         <size>0xe1</size>
         <input_file_ref idref="fl-31"/>
      </object_component>
      <object_component id="oc-109">
         <name>.text</name>
         <load_address>0x3e0109</load_address>
         <run_address>0xc109</run_address>
         <size>0xc7</size>
         <input_file_ref idref="fl-2d"/>
      </object_component>
      <object_component id="oc-116">
         <name>.text</name>
         <load_address>0x3e01d0</load_address>
         <run_address>0xc1d0</run_address>
         <size>0x9a</size>
         <input_file_ref idref="fl-39"/>
      </object_component>
      <object_component id="oc-10d">
         <name>.text</name>
         <load_address>0x3e026a</load_address>
         <run_address>0xc26a</run_address>
         <size>0x84</size>
         <input_file_ref idref="fl-30"/>
      </object_component>
      <object_component id="oc-10f">
         <name>.text</name>
         <load_address>0x3e02ee</load_address>
         <run_address>0xc2ee</run_address>
         <size>0x80</size>
         <input_file_ref idref="fl-32"/>
      </object_component>
      <object_component id="oc-118">
         <name>.text</name>
         <load_address>0x3e036e</load_address>
         <run_address>0xc36e</run_address>
         <size>0x7d</size>
         <input_file_ref idref="fl-3b"/>
      </object_component>
      <object_component id="oc-10b">
         <name>.text</name>
         <load_address>0x3e03eb</load_address>
         <run_address>0xc3eb</run_address>
         <size>0x5c</size>
         <input_file_ref idref="fl-2e"/>
      </object_component>
      <object_component id="oc-113">
         <name>.text</name>
         <load_address>0x3e0447</load_address>
         <run_address>0xc447</run_address>
         <size>0x54</size>
         <input_file_ref idref="fl-36"/>
      </object_component>
      <object_component id="oc-117">
         <name>.text</name>
         <load_address>0x3e049b</load_address>
         <run_address>0xc49b</run_address>
         <size>0x41</size>
         <input_file_ref idref="fl-3a"/>
      </object_component>
      <object_component id="oc-111">
         <name>.text</name>
         <load_address>0x3e04dc</load_address>
         <run_address>0xc4dc</run_address>
         <size>0x39</size>
         <input_file_ref idref="fl-34"/>
      </object_component>
      <object_component id="oc-112">
         <name>.text</name>
         <load_address>0x3e0515</load_address>
         <run_address>0xc515</run_address>
         <size>0x34</size>
         <input_file_ref idref="fl-35"/>
      </object_component>
      <object_component id="oc-10c">
         <name>.text</name>
         <load_address>0x3e0549</load_address>
         <run_address>0xc549</run_address>
         <size>0x16</size>
         <input_file_ref idref="fl-2f"/>
      </object_component>
      <object_component id="oc-110">
         <name>.text</name>
         <load_address>0x3e055f</load_address>
         <run_address>0xc55f</run_address>
         <size>0x14</size>
         <input_file_ref idref="fl-33"/>
      </object_component>
      <object_component id="oc-114">
         <name>.text</name>
         <load_address>0x3e0573</load_address>
         <run_address>0xc573</run_address>
         <size>0xd</size>
         <input_file_ref idref="fl-37"/>
      </object_component>
      <object_component id="oc-115">
         <name>.text</name>
         <load_address>0x3e0580</load_address>
         <run_address>0xc580</run_address>
         <size>0x7</size>
         <input_file_ref idref="fl-38"/>
      </object_component>
      <object_component id="oc-76">
         <name>codestart</name>
         <load_address>0x3f7ff6</load_address>
         <run_address>0x3f7ff6</run_address>
         <size>0x2</size>
         <input_file_ref idref="fl-6"/>
      </object_component>
      <object_component id="oc-8d">
         <name>.cinit</name>
         <load_address>0x3f5cab</load_address>
         <run_address>0x3f5cab</run_address>
         <size>0x11d</size>
         <input_file_ref idref="fl-a"/>
      </object_component>
      <object_component id="oc-101">
         <name>.cinit</name>
         <load_address>0x3f5dc8</load_address>
         <run_address>0x3f5dc8</run_address>
         <size>0x24</size>
         <input_file_ref idref="fl-14"/>
      </object_component>
      <object_component id="oc-f9">
         <name>.cinit</name>
         <load_address>0x3f5dec</load_address>
         <run_address>0x3f5dec</run_address>
         <size>0x17</size>
         <input_file_ref idref="fl-13"/>
      </object_component>
      <object_component id="oc-1a9">
         <name>.cinit</name>
         <load_address>0x3f5e03</load_address>
         <run_address>0x3f5e03</run_address>
         <size>0xe</size>
         <input_file_ref idref="fl-58"/>
      </object_component>
      <object_component id="oc-65">
         <name>.cinit</name>
         <load_address>0x3f5e11</load_address>
         <run_address>0x3f5e11</run_address>
         <size>0x7</size>
         <input_file_ref idref="fl-3"/>
      </object_component>
      <object_component id="oc-1cb">
         <name>.cinit:__lock</name>
         <load_address>0x3f5e18</load_address>
         <run_address>0x3f5e18</run_address>
         <size>0x5</size>
         <input_file_ref idref="fl-59"/>
      </object_component>
      <object_component id="oc-1d4">
         <name>.cinit:__unlock</name>
         <load_address>0x3f5e1d</load_address>
         <run_address>0x3f5e1d</run_address>
         <size>0x5</size>
         <input_file_ref idref="fl-59"/>
      </object_component>
      <object_component id="oc-1a5">
         <name>.cinit</name>
         <load_address>0x3f5e22</load_address>
         <run_address>0x3f5e22</run_address>
         <size>0x4</size>
         <input_file_ref idref="fl-57"/>
      </object_component>
      <object_component id="oc-1d0">
         <name>.text</name>
         <load_address>0x3f4000</load_address>
         <run_address>0x3f4000</run_address>
         <size>0x499</size>
         <input_file_ref idref="fl-13"/>
      </object_component>
      <object_component id="oc-1da">
         <name>.text</name>
         <load_address>0x3f4499</load_address>
         <run_address>0x3f4499</run_address>
         <size>0x41e</size>
         <input_file_ref idref="fl-3c"/>
      </object_component>
      <object_component id="oc-1d1">
         <name>.text</name>
         <load_address>0x3f48b7</load_address>
         <run_address>0x3f48b7</run_address>
         <size>0x31f</size>
         <input_file_ref idref="fl-9"/>
      </object_component>
      <object_component id="oc-1d2">
         <name>.text</name>
         <load_address>0x3f4bd6</load_address>
         <run_address>0x3f4bd6</run_address>
         <size>0x272</size>
         <input_file_ref idref="fl-5"/>
      </object_component>
      <object_component id="oc-1c8">
         <name>.text</name>
         <load_address>0x3f4e48</load_address>
         <run_address>0x3f4e48</run_address>
         <size>0x20e</size>
         <input_file_ref idref="fl-14"/>
      </object_component>
      <object_component id="oc-82">
         <name>.text:retain</name>
         <load_address>0x3f5056</load_address>
         <run_address>0x3f5056</run_address>
         <size>0x1cc</size>
         <input_file_ref idref="fl-8"/>
      </object_component>
      <object_component id="oc-1cc">
         <name>.text</name>
         <load_address>0x3f5222</load_address>
         <run_address>0x3f5222</run_address>
         <size>0x19c</size>
         <input_file_ref idref="fl-f"/>
      </object_component>
      <object_component id="oc-104">
         <name>.text:retain</name>
         <load_address>0x3f53be</load_address>
         <run_address>0x3f53be</run_address>
         <size>0x148</size>
         <input_file_ref idref="fl-14"/>
      </object_component>
      <object_component id="oc-1d6">
         <name>.text</name>
         <load_address>0x3f5506</load_address>
         <run_address>0x3f5506</run_address>
         <size>0x9f</size>
         <input_file_ref idref="fl-2"/>
      </object_component>
      <object_component id="oc-1d9">
         <name>.text</name>
         <load_address>0x3f55a5</load_address>
         <run_address>0x3f55a5</run_address>
         <size>0x9d</size>
         <input_file_ref idref="fl-e"/>
      </object_component>
      <object_component id="oc-1be">
         <name>.text</name>
         <load_address>0x3f5642</load_address>
         <run_address>0x3f5642</run_address>
         <size>0x9c</size>
         <input_file_ref idref="fl-5c"/>
      </object_component>
      <object_component id="oc-131">
         <name>.text</name>
         <load_address>0x3f56de</load_address>
         <run_address>0x3f56de</run_address>
         <size>0x8b</size>
         <input_file_ref idref="fl-40"/>
      </object_component>
      <object_component id="oc-136">
         <name>.text</name>
         <load_address>0x3f5769</load_address>
         <run_address>0x3f5769</run_address>
         <size>0x83</size>
         <input_file_ref idref="fl-41"/>
      </object_component>
      <object_component id="oc-14a">
         <name>.text</name>
         <load_address>0x3f57ec</load_address>
         <run_address>0x3f57ec</run_address>
         <size>0x83</size>
         <input_file_ref idref="fl-45"/>
      </object_component>
      <object_component id="oc-140">
         <name>.text</name>
         <load_address>0x3f586f</load_address>
         <run_address>0x3f586f</run_address>
         <size>0x78</size>
         <input_file_ref idref="fl-43"/>
      </object_component>
      <object_component id="oc-1dc">
         <name>.text</name>
         <load_address>0x3f58e7</load_address>
         <run_address>0x3f58e7</run_address>
         <size>0x75</size>
         <input_file_ref idref="fl-3d"/>
      </object_component>
      <object_component id="oc-1e0">
         <name>.text</name>
         <load_address>0x3f595c</load_address>
         <run_address>0x3f595c</run_address>
         <size>0x5d</size>
         <input_file_ref idref="fl-3e"/>
      </object_component>
      <object_component id="oc-14f">
         <name>.text</name>
         <load_address>0x3f59b9</load_address>
         <run_address>0x3f59b9</run_address>
         <size>0x5a</size>
         <input_file_ref idref="fl-46"/>
      </object_component>
      <object_component id="oc-5d">
         <name>.text</name>
         <load_address>0x3f5a13</load_address>
         <run_address>0x3f5a13</run_address>
         <size>0x54</size>
         <input_file_ref idref="fl-3f"/>
      </object_component>
      <object_component id="oc-17c">
         <name>.text</name>
         <load_address>0x3f5a67</load_address>
         <run_address>0x3f5a67</run_address>
         <size>0x2a</size>
         <input_file_ref idref="fl-4f"/>
      </object_component>
      <object_component id="oc-1c7">
         <name>.text</name>
         <load_address>0x3f5a91</load_address>
         <run_address>0x3f5a91</run_address>
         <size>0x29</size>
         <input_file_ref idref="fl-58"/>
      </object_component>
      <object_component id="oc-15e">
         <name>.text</name>
         <load_address>0x3f5aba</load_address>
         <run_address>0x3f5aba</run_address>
         <size>0x29</size>
         <input_file_ref idref="fl-49"/>
      </object_component>
      <object_component id="oc-1cd">
         <name>.text</name>
         <load_address>0x3f5ae3</load_address>
         <run_address>0x3f5ae3</run_address>
         <size>0x28</size>
         <input_file_ref idref="fl-b"/>
      </object_component>
      <object_component id="oc-159">
         <name>.text</name>
         <load_address>0x3f5b0b</load_address>
         <run_address>0x3f5b0b</run_address>
         <size>0x25</size>
         <input_file_ref idref="fl-48"/>
      </object_component>
      <object_component id="oc-1c4">
         <name>.text</name>
         <load_address>0x3f5b30</load_address>
         <run_address>0x3f5b30</run_address>
         <size>0x24</size>
         <input_file_ref idref="fl-53"/>
      </object_component>
      <object_component id="oc-18b">
         <name>.text</name>
         <load_address>0x3f5b54</load_address>
         <run_address>0x3f5b54</run_address>
         <size>0x21</size>
         <input_file_ref idref="fl-52"/>
      </object_component>
      <object_component id="oc-163">
         <name>.text</name>
         <load_address>0x3f5b75</load_address>
         <run_address>0x3f5b75</run_address>
         <size>0x1d</size>
         <input_file_ref idref="fl-4a"/>
      </object_component>
      <object_component id="oc-1c9">
         <name>.text</name>
         <load_address>0x3f5b92</load_address>
         <run_address>0x3f5b92</run_address>
         <size>0x1d</size>
         <input_file_ref idref="fl-54"/>
      </object_component>
      <object_component id="oc-186">
         <name>.text</name>
         <load_address>0x3f5baf</load_address>
         <run_address>0x3f5baf</run_address>
         <size>0x1c</size>
         <input_file_ref idref="fl-51"/>
      </object_component>
      <object_component id="oc-168">
         <name>.text</name>
         <load_address>0x3f5bcb</load_address>
         <run_address>0x3f5bcb</run_address>
         <size>0x1a</size>
         <input_file_ref idref="fl-4b"/>
      </object_component>
      <object_component id="oc-177">
         <name>.text</name>
         <load_address>0x3f5be5</load_address>
         <run_address>0x3f5be5</run_address>
         <size>0x1a</size>
         <input_file_ref idref="fl-4e"/>
      </object_component>
      <object_component id="oc-1c6">
         <name>.text</name>
         <load_address>0x3f5bff</load_address>
         <run_address>0x3f5bff</run_address>
         <size>0x19</size>
         <input_file_ref idref="fl-5a"/>
      </object_component>
      <object_component id="oc-145">
         <name>.text</name>
         <load_address>0x3f5c18</load_address>
         <run_address>0x3f5c18</run_address>
         <size>0x17</size>
         <input_file_ref idref="fl-44"/>
      </object_component>
      <object_component id="oc-16d">
         <name>.text</name>
         <load_address>0x3f5c2f</load_address>
         <run_address>0x3f5c2f</run_address>
         <size>0x17</size>
         <input_file_ref idref="fl-4c"/>
      </object_component>
      <object_component id="oc-181">
         <name>.text</name>
         <load_address>0x3f5c46</load_address>
         <run_address>0x3f5c46</run_address>
         <size>0x13</size>
         <input_file_ref idref="fl-50"/>
      </object_component>
      <object_component id="oc-1ce">
         <name>.text</name>
         <load_address>0x3f5c59</load_address>
         <run_address>0x3f5c59</run_address>
         <size>0x11</size>
         <input_file_ref idref="fl-c"/>
      </object_component>
      <object_component id="oc-172">
         <name>.text</name>
         <load_address>0x3f5c6a</load_address>
         <run_address>0x3f5c6a</run_address>
         <size>0x10</size>
         <input_file_ref idref="fl-4d"/>
      </object_component>
      <object_component id="oc-13b">
         <name>.text</name>
         <load_address>0x3f5c7a</load_address>
         <run_address>0x3f5c7a</run_address>
         <size>0xe</size>
         <input_file_ref idref="fl-42"/>
      </object_component>
      <object_component id="oc-1e1">
         <name>.text</name>
         <load_address>0x3f5c88</load_address>
         <run_address>0x3f5c88</run_address>
         <size>0xa</size>
         <input_file_ref idref="fl-5b"/>
      </object_component>
      <object_component id="oc-1d3">
         <name>.text</name>
         <load_address>0x3f5c92</load_address>
         <run_address>0x3f5c92</run_address>
         <size>0x9</size>
         <input_file_ref idref="fl-59"/>
      </object_component>
      <object_component id="oc-75">
         <name>.text</name>
         <load_address>0x3f5c9b</load_address>
         <run_address>0x3f5c9b</run_address>
         <size>0x8</size>
         <input_file_ref idref="fl-6"/>
      </object_component>
      <object_component id="oc-154">
         <name>.text</name>
         <load_address>0x3f5ca3</load_address>
         <run_address>0x3f5ca3</run_address>
         <size>0x5</size>
         <input_file_ref idref="fl-47"/>
      </object_component>
      <object_component id="oc-1c3">
         <name>.text</name>
         <load_address>0x3f5ca8</load_address>
         <run_address>0x3f5ca8</run_address>
         <size>0x2</size>
         <input_file_ref idref="fl-55"/>
      </object_component>
      <object_component id="oc-1c5">
         <name>.text</name>
         <load_address>0x3f5caa</load_address>
         <run_address>0x3f5caa</run_address>
         <size>0x1</size>
         <input_file_ref idref="fl-56"/>
      </object_component>
      <object_component id="oc-1d7">
         <name>ramfuncs</name>
         <load_address>0x3e8018</load_address>
         <run_address>0xc587</run_address>
         <size>0x79</size>
         <input_file_ref idref="fl-11"/>
      </object_component>
      <object_component id="oc-1d8">
         <name>ramfuncs</name>
         <load_address>0x3e8091</load_address>
         <run_address>0xc600</run_address>
         <size>0x75</size>
         <input_file_ref idref="fl-2"/>
      </object_component>
      <object_component id="oc-1cf">
         <name>ramfuncs</name>
         <load_address>0x3e8106</load_address>
         <run_address>0xc675</run_address>
         <size>0x1d</size>
         <input_file_ref idref="fl-f"/>
      </object_component>
      <object_component id="oc-e5">
         <name>ramfuncs</name>
         <load_address>0x3e8123</load_address>
         <run_address>0xc692</run_address>
         <size>0x4</size>
         <input_file_ref idref="fl-10"/>
      </object_component>
      <object_component id="oc-1d5">
         <name>.econst:_PieVectTableInit</name>
         <load_address>0x3f5e28</load_address>
         <run_address>0x3f5e28</run_address>
         <size>0x100</size>
         <input_file_ref idref="fl-c"/>
      </object_component>
      <object_component id="oc-11a">
         <name>.econst</name>
         <load_address>0x3f5f28</load_address>
         <run_address>0x3f5f28</run_address>
         <size>0x32</size>
         <input_file_ref idref="fl-3c"/>
      </object_component>
      <object_component id="oc-126">
         <name>.econst</name>
         <load_address>0x3f5f5a</load_address>
         <run_address>0x3f5f5a</run_address>
         <size>0x6</size>
         <input_file_ref idref="fl-3e"/>
      </object_component>
      <object_component id="oc-fb">
         <name>.econst</name>
         <load_address>0x3f5f60</load_address>
         <run_address>0x3f5f60</run_address>
         <size>0x4</size>
         <input_file_ref idref="fl-13"/>
      </object_component>
      <object_component id="oc-1dd">
         <name>.econst:_bp</name>
         <load_address>0x3f5f64</load_address>
         <run_address>0x3f5f64</run_address>
         <size>0x4</size>
         <input_file_ref idref="fl-3c"/>
      </object_component>
      <object_component id="oc-1de">
         <name>.econst:_dp_h</name>
         <load_address>0x3f5f68</load_address>
         <run_address>0x3f5f68</run_address>
         <size>0x4</size>
         <input_file_ref idref="fl-3c"/>
      </object_component>
      <object_component id="oc-1df">
         <name>.econst:_dp_l</name>
         <load_address>0x3f5f6c</load_address>
         <run_address>0x3f5f6c</run_address>
         <size>0x4</size>
         <input_file_ref idref="fl-3c"/>
      </object_component>
      <object_component id="oc-120">
         <name>.econst</name>
         <load_address>0x3f5f70</load_address>
         <run_address>0x3f5f70</run_address>
         <size>0x4</size>
         <input_file_ref idref="fl-3d"/>
      </object_component>
      <object_component id="oc-f3">
         <name>Cla1Prog:_Cla1Task1</name>
         <load_address>0x3e8000</load_address>
         <run_address>0x9000</run_address>
         <size>0x8</size>
         <input_file_ref idref="fl-12"/>
      </object_component>
      <object_component id="oc-f2">
         <name>Cla1Prog:_Cla1Task2</name>
         <load_address>0x3e8008</load_address>
         <run_address>0x9008</run_address>
         <size>0x8</size>
         <input_file_ref idref="fl-12"/>
      </object_component>
      <object_component id="oc-f1">
         <name>Cla1Prog:_Cla1Task8</name>
         <load_address>0x3e8010</load_address>
         <run_address>0x9010</run_address>
         <size>0x8</size>
         <input_file_ref idref="fl-12"/>
      </object_component>
      <object_component id="oc-12b">
         <name>.stack</name>
         <uninitialized>true</uninitialized>
         <run_address>0xa000</run_address>
         <size>0x0</size>
         <input_file_ref idref="fl-3f"/>
      </object_component>
      <object_component id="oc-244">
         <name>.stack</name>
         <uninitialized>true</uninitialized>
         <run_address>0xa000</run_address>
         <size>0x0</size>
      </object_component>
      <object_component id="oc-5f">
         <name>.ebss</name>
         <uninitialized>true</uninitialized>
         <run_address>0xa45a</run_address>
         <size>0x7</size>
         <input_file_ref idref="fl-2"/>
      </object_component>
      <object_component id="oc-66">
         <name>.ebss</name>
         <uninitialized>true</uninitialized>
         <run_address>0xa44e</run_address>
         <size>0xc</size>
         <input_file_ref idref="fl-3"/>
      </object_component>
      <object_component id="oc-70">
         <name>.ebss</name>
         <uninitialized>true</uninitialized>
         <run_address>0xa468</run_address>
         <size>0x3</size>
         <input_file_ref idref="fl-5"/>
      </object_component>
      <object_component id="oc-7c">
         <name>.ebss</name>
         <uninitialized>true</uninitialized>
         <run_address>0xa3e2</run_address>
         <size>0x18</size>
         <input_file_ref idref="fl-7"/>
      </object_component>
      <object_component id="oc-8e">
         <name>.ebss</name>
         <uninitialized>true</uninitialized>
         <run_address>0xa300</run_address>
         <size>0xe2</size>
         <input_file_ref idref="fl-a"/>
      </object_component>
      <object_component id="oc-eb">
         <name>.ebss</name>
         <uninitialized>true</uninitialized>
         <run_address>0xa3fa</run_address>
         <size>0x6</size>
         <input_file_ref idref="fl-11"/>
      </object_component>
      <object_component id="oc-fa">
         <name>.ebss</name>
         <uninitialized>true</uninitialized>
         <run_address>0xa400</run_address>
         <size>0x40</size>
         <input_file_ref idref="fl-13"/>
      </object_component>
      <object_component id="oc-102">
         <name>.ebss</name>
         <uninitialized>true</uninitialized>
         <run_address>0xa440</run_address>
         <size>0xe</size>
         <input_file_ref idref="fl-14"/>
      </object_component>
      <object_component id="oc-1a6">
         <name>.ebss</name>
         <uninitialized>true</uninitialized>
         <run_address>0xa461</run_address>
         <size>0x1</size>
         <input_file_ref idref="fl-57"/>
      </object_component>
      <object_component id="oc-1aa">
         <name>.ebss</name>
         <uninitialized>true</uninitialized>
         <run_address>0xa462</run_address>
         <size>0x6</size>
         <input_file_ref idref="fl-58"/>
      </object_component>
      <object_component id="oc-1db">
         <name>.ebss:__unlock</name>
         <uninitialized>true</uninitialized>
         <run_address>0xa46e</run_address>
         <size>0x2</size>
         <input_file_ref idref="fl-59"/>
      </object_component>
      <object_component id="oc-1ca">
         <name>.ebss:__lock</name>
         <uninitialized>true</uninitialized>
         <run_address>0xa46c</run_address>
         <size>0x2</size>
         <input_file_ref idref="fl-59"/>
      </object_component>
      <object_component id="oc-103">
         <name>ControlParams</name>
         <load_address>0x3ec000</load_address>
         <run_address>0x3ec000</run_address>
         <size>0x36</size>
         <input_file_ref idref="fl-14"/>
      </object_component>
      <object_component id="oc-6d">
         <name>Cla1ToCpuMsgRAM</name>
         <uninitialized>true</uninitialized>
         <run_address>0x14e2</run_address>
         <size>0x8</size>
         <input_file_ref idref="fl-4"/>
      </object_component>
      <object_component id="oc-a8">
         <name>Cla1ToCpuMsgRAM</name>
         <uninitialized>true</uninitialized>
         <run_address>0x1480</run_address>
         <size>0x62</size>
         <input_file_ref idref="fl-a"/>
      </object_component>
      <object_component id="oc-6c">
         <name>CpuToCla1MsgRAM</name>
         <uninitialized>true</uninitialized>
         <run_address>0x1576</run_address>
         <size>0x8</size>
         <input_file_ref idref="fl-4"/>
      </object_component>
      <object_component id="oc-b6">
         <name>CpuToCla1MsgRAM</name>
         <uninitialized>true</uninitialized>
         <run_address>0x1500</run_address>
         <size>0x76</size>
         <input_file_ref idref="fl-a"/>
      </object_component>
      <object_component id="oc-9b">
         <name>Cla1DataRam0</name>
         <uninitialized>true</uninitialized>
         <run_address>0x8800</run_address>
         <size>0xb2</size>
         <input_file_ref idref="fl-a"/>
      </object_component>
      <object_component id="oc-12c">
         <name>.reset</name>
         <load_address>0x3fffc0</load_address>
         <run_address>0x3fffc0</run_address>
         <size>0x2</size>
         <input_file_ref idref="fl-3f"/>
      </object_component>
      <object_component id="oc-c9">
         <name>PieVectTableFile</name>
         <uninitialized>true</uninitialized>
         <run_address>0xd00</run_address>
         <size>0x100</size>
         <input_file_ref idref="fl-a"/>
      </object_component>
      <object_component id="oc-91">
         <name>EmuKeyVar</name>
         <uninitialized>true</uninitialized>
         <run_address>0xd00</run_address>
         <size>0x1</size>
         <input_file_ref idref="fl-a"/>
      </object_component>
      <object_component id="oc-8f">
         <name>EmuBModeVar</name>
         <uninitialized>true</uninitialized>
         <run_address>0xd01</run_address>
         <size>0x1</size>
         <input_file_ref idref="fl-a"/>
      </object_component>
      <object_component id="oc-92">
         <name>FlashCallbackVar</name>
         <uninitialized>true</uninitialized>
         <run_address>0xd02</run_address>
         <size>0x2</size>
         <input_file_ref idref="fl-a"/>
      </object_component>
      <object_component id="oc-93">
         <name>FlashScalingVar</name>
         <uninitialized>true</uninitialized>
         <run_address>0xd04</run_address>
         <size>0x2</size>
         <input_file_ref idref="fl-a"/>
      </object_component>
      <object_component id="oc-95">
         <name>DevEmuRegsFile</name>
         <uninitialized>true</uninitialized>
         <run_address>0x880</run_address>
         <size>0x4</size>
         <input_file_ref idref="fl-a"/>
      </object_component>
      <object_component id="oc-94">
         <name>SysPwrCtrlRegsFile</name>
         <uninitialized>true</uninitialized>
         <run_address>0x985</run_address>
         <size>0x3</size>
         <input_file_ref idref="fl-a"/>
      </object_component>
      <object_component id="oc-98">
         <name>FlashRegsFile</name>
         <uninitialized>true</uninitialized>
         <run_address>0xa80</run_address>
         <size>0x8</size>
         <input_file_ref idref="fl-a"/>
      </object_component>
      <object_component id="oc-a3">
         <name>CsmRegsFile</name>
         <uninitialized>true</uninitialized>
         <run_address>0xae0</run_address>
         <size>0x10</size>
         <input_file_ref idref="fl-a"/>
      </object_component>
      <object_component id="oc-a2">
         <name>AdcResultFile</name>
         <uninitialized>true</uninitialized>
         <run_address>0xb00</run_address>
         <size>0x10</size>
         <input_file_ref idref="fl-a"/>
      </object_component>
      <object_component id="oc-9a">
         <name>CpuTimer0RegsFile</name>
         <uninitialized>true</uninitialized>
         <run_address>0xc00</run_address>
         <size>0x8</size>
         <input_file_ref idref="fl-a"/>
      </object_component>
      <object_component id="oc-99">
         <name>CpuTimer1RegsFile</name>
         <uninitialized>true</uninitialized>
         <run_address>0xc08</run_address>
         <size>0x8</size>
         <input_file_ref idref="fl-a"/>
      </object_component>
      <object_component id="oc-97">
         <name>CpuTimer2RegsFile</name>
         <uninitialized>true</uninitialized>
         <run_address>0xc10</run_address>
         <size>0x8</size>
         <input_file_ref idref="fl-a"/>
      </object_component>
      <object_component id="oc-a7">
         <name>PieCtrlRegsFile</name>
         <uninitialized>true</uninitialized>
         <run_address>0xce0</run_address>
         <size>0x1a</size>
         <input_file_ref idref="fl-a"/>
      </object_component>
      <object_component id="oc-be">
         <name>Cla1RegsFile</name>
         <uninitialized>true</uninitialized>
         <run_address>0x1400</run_address>
         <size>0x40</size>
         <input_file_ref idref="fl-a"/>
      </object_component>
      <object_component id="oc-c7">
         <name>DmaRegsFile</name>
         <uninitialized>true</uninitialized>
         <run_address>0x1000</run_address>
         <size>0xe0</size>
         <input_file_ref idref="fl-a"/>
      </object_component>
      <object_component id="oc-b8">
         <name>ECanaRegsFile</name>
         <uninitialized>true</uninitialized>
         <run_address>0x6000</run_address>
         <size>0x34</size>
         <input_file_ref idref="fl-a"/>
      </object_component>
      <object_component id="oc-bb">
         <name>ECanaLAMRegsFile</name>
         <uninitialized>true</uninitialized>
         <run_address>0x6040</run_address>
         <size>0x40</size>
         <input_file_ref idref="fl-a"/>
      </object_component>
      <object_component id="oc-c8">
         <name>ECanaMboxesFile</name>
         <uninitialized>true</uninitialized>
         <run_address>0x6100</run_address>
         <size>0x100</size>
         <input_file_ref idref="fl-a"/>
      </object_component>
      <object_component id="oc-c2">
         <name>ECanaMOTSRegsFile</name>
         <uninitialized>true</uninitialized>
         <run_address>0x6080</run_address>
         <size>0x40</size>
         <input_file_ref idref="fl-a"/>
      </object_component>
      <object_component id="oc-c5">
         <name>ECanaMOTORegsFile</name>
         <uninitialized>true</uninitialized>
         <run_address>0x60c0</run_address>
         <size>0x40</size>
         <input_file_ref idref="fl-a"/>
      </object_component>
      <object_component id="oc-ab">
         <name>ECap1RegsFile</name>
         <uninitialized>true</uninitialized>
         <run_address>0x6a00</run_address>
         <size>0x20</size>
         <input_file_ref idref="fl-a"/>
      </object_component>
      <object_component id="oc-a9">
         <name>ECap2RegsFile</name>
         <uninitialized>true</uninitialized>
         <run_address>0x6a20</run_address>
         <size>0x20</size>
         <input_file_ref idref="fl-a"/>
      </object_component>
      <object_component id="oc-aa">
         <name>ECap3RegsFile</name>
         <uninitialized>true</uninitialized>
         <run_address>0x6a40</run_address>
         <size>0x20</size>
         <input_file_ref idref="fl-a"/>
      </object_component>
      <object_component id="oc-b4">
         <name>EQep1RegsFile</name>
         <uninitialized>true</uninitialized>
         <run_address>0x6b00</run_address>
         <size>0x22</size>
         <input_file_ref idref="fl-a"/>
      </object_component>
      <object_component id="oc-b3">
         <name>EQep2RegsFile</name>
         <uninitialized>true</uninitialized>
         <run_address>0x6b40</run_address>
         <size>0x22</size>
         <input_file_ref idref="fl-a"/>
      </object_component>
      <object_component id="oc-ba">
         <name>GpioCtrlRegsFile</name>
         <uninitialized>true</uninitialized>
         <run_address>0x6f80</run_address>
         <size>0x40</size>
         <input_file_ref idref="fl-a"/>
      </object_component>
      <object_component id="oc-ad">
         <name>GpioDataRegsFile</name>
         <uninitialized>true</uninitialized>
         <run_address>0x6fc0</run_address>
         <size>0x20</size>
         <input_file_ref idref="fl-a"/>
      </object_component>
      <object_component id="oc-ac">
         <name>GpioIntRegsFile</name>
         <uninitialized>true</uninitialized>
         <run_address>0x6fe0</run_address>
         <size>0x20</size>
         <input_file_ref idref="fl-a"/>
      </object_component>
      <object_component id="oc-b0">
         <name>HRCap1RegsFile</name>
         <uninitialized>true</uninitialized>
         <run_address>0x6ac0</run_address>
         <size>0x20</size>
         <input_file_ref idref="fl-a"/>
      </object_component>
      <object_component id="oc-ae">
         <name>HRCap2RegsFile</name>
         <uninitialized>true</uninitialized>
         <run_address>0x6ae0</run_address>
         <size>0x20</size>
         <input_file_ref idref="fl-a"/>
      </object_component>
      <object_component id="oc-af">
         <name>HRCap3RegsFile</name>
         <uninitialized>true</uninitialized>
         <run_address>0x6c80</run_address>
         <size>0x20</size>
         <input_file_ref idref="fl-a"/>
      </object_component>
      <object_component id="oc-b1">
         <name>HRCap4RegsFile</name>
         <uninitialized>true</uninitialized>
         <run_address>0x6ca0</run_address>
         <size>0x20</size>
         <input_file_ref idref="fl-a"/>
      </object_component>
      <object_component id="oc-b7">
         <name>SysCtrlRegsFile</name>
         <uninitialized>true</uninitialized>
         <run_address>0x7010</run_address>
         <size>0x30</size>
         <input_file_ref idref="fl-a"/>
      </object_component>
      <object_component id="oc-a1">
         <name>SpiaRegsFile</name>
         <uninitialized>true</uninitialized>
         <run_address>0x7040</run_address>
         <size>0x10</size>
         <input_file_ref idref="fl-a"/>
      </object_component>
      <object_component id="oc-9e">
         <name>SpibRegsFile</name>
         <uninitialized>true</uninitialized>
         <run_address>0x7740</run_address>
         <size>0x10</size>
         <input_file_ref idref="fl-a"/>
      </object_component>
      <object_component id="oc-9d">
         <name>SciaRegsFile</name>
         <uninitialized>true</uninitialized>
         <run_address>0x7050</run_address>
         <size>0x10</size>
         <input_file_ref idref="fl-a"/>
      </object_component>
      <object_component id="oc-9c">
         <name>ScibRegsFile</name>
         <uninitialized>true</uninitialized>
         <run_address>0x7750</run_address>
         <size>0x10</size>
         <input_file_ref idref="fl-a"/>
      </object_component>
      <object_component id="oc-a0">
         <name>NmiIntruptRegsFile</name>
         <uninitialized>true</uninitialized>
         <run_address>0x7060</run_address>
         <size>0x10</size>
         <input_file_ref idref="fl-a"/>
      </object_component>
      <object_component id="oc-9f">
         <name>XIntruptRegsFile</name>
         <uninitialized>true</uninitialized>
         <run_address>0x7070</run_address>
         <size>0x10</size>
         <input_file_ref idref="fl-a"/>
      </object_component>
      <object_component id="oc-c6">
         <name>AdcRegsFile</name>
         <uninitialized>true</uninitialized>
         <run_address>0x7100</run_address>
         <size>0x50</size>
         <input_file_ref idref="fl-a"/>
      </object_component>
      <object_component id="oc-b2">
         <name>I2caRegsFile</name>
         <uninitialized>true</uninitialized>
         <run_address>0x7900</run_address>
         <size>0x22</size>
         <input_file_ref idref="fl-a"/>
      </object_component>
      <object_component id="oc-a5">
         <name>Comp1RegsFile</name>
         <uninitialized>true</uninitialized>
         <run_address>0x6400</run_address>
         <size>0x14</size>
         <input_file_ref idref="fl-a"/>
      </object_component>
      <object_component id="oc-a4">
         <name>Comp2RegsFile</name>
         <uninitialized>true</uninitialized>
         <run_address>0x6420</run_address>
         <size>0x14</size>
         <input_file_ref idref="fl-a"/>
      </object_component>
      <object_component id="oc-a6">
         <name>Comp3RegsFile</name>
         <uninitialized>true</uninitialized>
         <run_address>0x6440</run_address>
         <size>0x14</size>
         <input_file_ref idref="fl-a"/>
      </object_component>
      <object_component id="oc-c0">
         <name>EPwm1RegsFile</name>
         <uninitialized>true</uninitialized>
         <run_address>0x6800</run_address>
         <size>0x40</size>
         <input_file_ref idref="fl-a"/>
      </object_component>
      <object_component id="oc-bf">
         <name>EPwm2RegsFile</name>
         <uninitialized>true</uninitialized>
         <run_address>0x6840</run_address>
         <size>0x40</size>
         <input_file_ref idref="fl-a"/>
      </object_component>
      <object_component id="oc-c4">
         <name>EPwm3RegsFile</name>
         <uninitialized>true</uninitialized>
         <run_address>0x6880</run_address>
         <size>0x40</size>
         <input_file_ref idref="fl-a"/>
      </object_component>
      <object_component id="oc-c1">
         <name>EPwm4RegsFile</name>
         <uninitialized>true</uninitialized>
         <run_address>0x68c0</run_address>
         <size>0x40</size>
         <input_file_ref idref="fl-a"/>
      </object_component>
      <object_component id="oc-b9">
         <name>EPwm5RegsFile</name>
         <uninitialized>true</uninitialized>
         <run_address>0x6900</run_address>
         <size>0x40</size>
         <input_file_ref idref="fl-a"/>
      </object_component>
      <object_component id="oc-c3">
         <name>EPwm6RegsFile</name>
         <uninitialized>true</uninitialized>
         <run_address>0x6940</run_address>
         <size>0x40</size>
         <input_file_ref idref="fl-a"/>
      </object_component>
      <object_component id="oc-bc">
         <name>EPwm7RegsFile</name>
         <uninitialized>true</uninitialized>
         <run_address>0x6980</run_address>
         <size>0x40</size>
         <input_file_ref idref="fl-a"/>
      </object_component>
      <object_component id="oc-bd">
         <name>EPwm8RegsFile</name>
         <uninitialized>true</uninitialized>
         <run_address>0x69c0</run_address>
         <size>0x40</size>
         <input_file_ref idref="fl-a"/>
      </object_component>
      <object_component id="oc-b5">
         <name>McbspaRegsFile</name>
         <uninitialized>true</uninitialized>
         <run_address>0x5000</run_address>
         <size>0x24</size>
         <input_file_ref idref="fl-a"/>
      </object_component>
      <object_component id="oc-ca">
         <name>Usb0RegsFile</name>
         <uninitialized>true</uninitialized>
         <run_address>0x4000</run_address>
         <size>0x454</size>
         <input_file_ref idref="fl-a"/>
      </object_component>
      <object_component id="oc-96">
         <name>CsmPwlFile</name>
         <uninitialized>true</uninitialized>
         <run_address>0x3f7ff8</run_address>
         <size>0x8</size>
         <input_file_ref idref="fl-a"/>
      </object_component>
      <object_component id="oc-90">
         <name>PartIdRegsFile</name>
         <uninitialized>true</uninitialized>
         <run_address>0x3d7e80</run_address>
         <size>0x1</size>
         <input_file_ref idref="fl-a"/>
      </object_component>
      <object_component id="oc-5e">
         <name>.debug_info</name>
         <load_address>0x0</load_address>
         <run_address>0x0</run_address>
         <size>0x1380</size>
         <input_file_ref idref="fl-2"/>
      </object_component>
      <object_component id="oc-64">
         <name>.debug_info</name>
         <load_address>0x1380</load_address>
         <run_address>0x1380</run_address>
         <size>0x23aa</size>
         <input_file_ref idref="fl-3"/>
      </object_component>
      <object_component id="oc-6b">
         <name>.debug_info</name>
         <load_address>0x372a</load_address>
         <run_address>0x372a</run_address>
         <size>0x2c7</size>
         <input_file_ref idref="fl-4"/>
      </object_component>
      <object_component id="oc-6f">
         <name>.debug_info</name>
         <load_address>0x39f1</load_address>
         <run_address>0x39f1</run_address>
         <size>0x51b3</size>
         <input_file_ref idref="fl-5"/>
      </object_component>
      <object_component id="oc-77">
         <name>.debug_info</name>
         <load_address>0x8ba4</load_address>
         <run_address>0x8ba4</run_address>
         <size>0x118</size>
         <input_file_ref idref="fl-6"/>
      </object_component>
      <object_component id="oc-7b">
         <name>.debug_info</name>
         <load_address>0x8cbc</load_address>
         <run_address>0x8cbc</run_address>
         <size>0x7a7</size>
         <input_file_ref idref="fl-7"/>
      </object_component>
      <object_component id="oc-81">
         <name>.debug_info</name>
         <load_address>0x9463</load_address>
         <run_address>0x9463</run_address>
         <size>0x2302</size>
         <input_file_ref idref="fl-8"/>
      </object_component>
      <object_component id="oc-87">
         <name>.debug_info</name>
         <load_address>0xb765</load_address>
         <run_address>0xb765</run_address>
         <size>0x5462</size>
         <input_file_ref idref="fl-9"/>
      </object_component>
      <object_component id="oc-8c">
         <name>.debug_info</name>
         <load_address>0x10bc7</load_address>
         <run_address>0x10bc7</run_address>
         <size>0x1cede</size>
         <input_file_ref idref="fl-a"/>
      </object_component>
      <object_component id="oc-cc">
         <name>.debug_info</name>
         <load_address>0x2daa5</load_address>
         <run_address>0x2daa5</run_address>
         <size>0xa99</size>
         <input_file_ref idref="fl-b"/>
      </object_component>
      <object_component id="oc-d1">
         <name>.debug_info</name>
         <load_address>0x2e53e</load_address>
         <run_address>0x2e53e</run_address>
         <size>0x23ca</size>
         <input_file_ref idref="fl-c"/>
      </object_component>
      <object_component id="oc-d6">
         <name>.debug_info</name>
         <load_address>0x30908</load_address>
         <run_address>0x30908</run_address>
         <size>0x22bf</size>
         <input_file_ref idref="fl-d"/>
      </object_component>
      <object_component id="oc-db">
         <name>.debug_info</name>
         <load_address>0x32bc7</load_address>
         <run_address>0x32bc7</run_address>
         <size>0x23a6</size>
         <input_file_ref idref="fl-e"/>
      </object_component>
      <object_component id="oc-e0">
         <name>.debug_info</name>
         <load_address>0x34f6d</load_address>
         <run_address>0x34f6d</run_address>
         <size>0x2974</size>
         <input_file_ref idref="fl-f"/>
      </object_component>
      <object_component id="oc-e6">
         <name>.debug_info</name>
         <load_address>0x378e1</load_address>
         <run_address>0x378e1</run_address>
         <size>0xe3</size>
         <input_file_ref idref="fl-10"/>
      </object_component>
      <object_component id="oc-ea">
         <name>.debug_info</name>
         <load_address>0x379c4</load_address>
         <run_address>0x379c4</run_address>
         <size>0x26f8</size>
         <input_file_ref idref="fl-11"/>
      </object_component>
      <object_component id="oc-f0">
         <name>.debug_info</name>
         <load_address>0x3a0bc</load_address>
         <run_address>0x3a0bc</run_address>
         <size>0x2b7</size>
         <input_file_ref idref="fl-12"/>
      </object_component>
      <object_component id="oc-f8">
         <name>.debug_info</name>
         <load_address>0x3a373</load_address>
         <run_address>0x3a373</run_address>
         <size>0xa0db</size>
         <input_file_ref idref="fl-13"/>
      </object_component>
      <object_component id="oc-100">
         <name>.debug_info</name>
         <load_address>0x4444e</load_address>
         <run_address>0x4444e</run_address>
         <size>0x8bd9</size>
         <input_file_ref idref="fl-14"/>
      </object_component>
      <object_component id="oc-119">
         <name>.debug_info</name>
         <load_address>0x4d027</load_address>
         <run_address>0x4d027</run_address>
         <size>0xe08</size>
         <input_file_ref idref="fl-3c"/>
      </object_component>
      <object_component id="oc-11f">
         <name>.debug_info</name>
         <load_address>0x4de2f</load_address>
         <run_address>0x4de2f</run_address>
         <size>0x41d</size>
         <input_file_ref idref="fl-3d"/>
      </object_component>
      <object_component id="oc-125">
         <name>.debug_info</name>
         <load_address>0x4e24c</load_address>
         <run_address>0x4e24c</run_address>
         <size>0x465</size>
         <input_file_ref idref="fl-3e"/>
      </object_component>
      <object_component id="oc-12d">
         <name>.debug_info</name>
         <load_address>0x4e6b1</load_address>
         <run_address>0x4e6b1</run_address>
         <size>0x176</size>
         <input_file_ref idref="fl-3f"/>
      </object_component>
      <object_component id="oc-132">
         <name>.debug_info</name>
         <load_address>0x4e827</load_address>
         <run_address>0x4e827</run_address>
         <size>0x117</size>
         <input_file_ref idref="fl-40"/>
      </object_component>
      <object_component id="oc-137">
         <name>.debug_info</name>
         <load_address>0x4e93e</load_address>
         <run_address>0x4e93e</run_address>
         <size>0x117</size>
         <input_file_ref idref="fl-41"/>
      </object_component>
      <object_component id="oc-13c">
         <name>.debug_info</name>
         <load_address>0x4ea55</load_address>
         <run_address>0x4ea55</run_address>
         <size>0x125</size>
         <input_file_ref idref="fl-42"/>
      </object_component>
      <object_component id="oc-141">
         <name>.debug_info</name>
         <load_address>0x4eb7a</load_address>
         <run_address>0x4eb7a</run_address>
         <size>0x117</size>
         <input_file_ref idref="fl-43"/>
      </object_component>
      <object_component id="oc-146">
         <name>.debug_info</name>
         <load_address>0x4ec91</load_address>
         <run_address>0x4ec91</run_address>
         <size>0x117</size>
         <input_file_ref idref="fl-44"/>
      </object_component>
      <object_component id="oc-14b">
         <name>.debug_info</name>
         <load_address>0x4eda8</load_address>
         <run_address>0x4eda8</run_address>
         <size>0x117</size>
         <input_file_ref idref="fl-45"/>
      </object_component>
      <object_component id="oc-150">
         <name>.debug_info</name>
         <load_address>0x4eebf</load_address>
         <run_address>0x4eebf</run_address>
         <size>0x117</size>
         <input_file_ref idref="fl-46"/>
      </object_component>
      <object_component id="oc-155">
         <name>.debug_info</name>
         <load_address>0x4efd6</load_address>
         <run_address>0x4efd6</run_address>
         <size>0x117</size>
         <input_file_ref idref="fl-47"/>
      </object_component>
      <object_component id="oc-15a">
         <name>.debug_info</name>
         <load_address>0x4f0ed</load_address>
         <run_address>0x4f0ed</run_address>
         <size>0x123</size>
         <input_file_ref idref="fl-48"/>
      </object_component>
      <object_component id="oc-15f">
         <name>.debug_info</name>
         <load_address>0x4f210</load_address>
         <run_address>0x4f210</run_address>
         <size>0x123</size>
         <input_file_ref idref="fl-49"/>
      </object_component>
      <object_component id="oc-164">
         <name>.debug_info</name>
         <load_address>0x4f333</load_address>
         <run_address>0x4f333</run_address>
         <size>0x123</size>
         <input_file_ref idref="fl-4a"/>
      </object_component>
      <object_component id="oc-169">
         <name>.debug_info</name>
         <load_address>0x4f456</load_address>
         <run_address>0x4f456</run_address>
         <size>0x121</size>
         <input_file_ref idref="fl-4b"/>
      </object_component>
      <object_component id="oc-16e">
         <name>.debug_info</name>
         <load_address>0x4f577</load_address>
         <run_address>0x4f577</run_address>
         <size>0x11b</size>
         <input_file_ref idref="fl-4c"/>
      </object_component>
      <object_component id="oc-173">
         <name>.debug_info</name>
         <load_address>0x4f692</load_address>
         <run_address>0x4f692</run_address>
         <size>0x11b</size>
         <input_file_ref idref="fl-4d"/>
      </object_component>
      <object_component id="oc-178">
         <name>.debug_info</name>
         <load_address>0x4f7ad</load_address>
         <run_address>0x4f7ad</run_address>
         <size>0x121</size>
         <input_file_ref idref="fl-4e"/>
      </object_component>
      <object_component id="oc-17d">
         <name>.debug_info</name>
         <load_address>0x4f8ce</load_address>
         <run_address>0x4f8ce</run_address>
         <size>0x1a8</size>
         <input_file_ref idref="fl-4f"/>
      </object_component>
      <object_component id="oc-182">
         <name>.debug_info</name>
         <load_address>0x4fa76</load_address>
         <run_address>0x4fa76</run_address>
         <size>0x11e</size>
         <input_file_ref idref="fl-50"/>
      </object_component>
      <object_component id="oc-187">
         <name>.debug_info</name>
         <load_address>0x4fb94</load_address>
         <run_address>0x4fb94</run_address>
         <size>0x11a</size>
         <input_file_ref idref="fl-51"/>
      </object_component>
      <object_component id="oc-18c">
         <name>.debug_info</name>
         <load_address>0x4fcae</load_address>
         <run_address>0x4fcae</run_address>
         <size>0x11a</size>
         <input_file_ref idref="fl-52"/>
      </object_component>
      <object_component id="oc-190">
         <name>.debug_info</name>
         <load_address>0x4fdc8</load_address>
         <run_address>0x4fdc8</run_address>
         <size>0x4d8</size>
         <input_file_ref idref="fl-53"/>
      </object_component>
      <object_component id="oc-195">
         <name>.debug_info</name>
         <load_address>0x502a0</load_address>
         <run_address>0x502a0</run_address>
         <size>0x3d3</size>
         <input_file_ref idref="fl-54"/>
      </object_component>
      <object_component id="oc-19a">
         <name>.debug_info</name>
         <load_address>0x50673</load_address>
         <run_address>0x50673</run_address>
         <size>0x346</size>
         <input_file_ref idref="fl-55"/>
      </object_component>
      <object_component id="oc-19f">
         <name>.debug_info</name>
         <load_address>0x509b9</load_address>
         <run_address>0x509b9</run_address>
         <size>0x343</size>
         <input_file_ref idref="fl-56"/>
      </object_component>
      <object_component id="oc-1a4">
         <name>.debug_info</name>
         <load_address>0x50cfc</load_address>
         <run_address>0x50cfc</run_address>
         <size>0x1c6</size>
         <input_file_ref idref="fl-57"/>
      </object_component>
      <object_component id="oc-1a8">
         <name>.debug_info</name>
         <load_address>0x50ec2</load_address>
         <run_address>0x50ec2</run_address>
         <size>0x4dd</size>
         <input_file_ref idref="fl-58"/>
      </object_component>
      <object_component id="oc-1af">
         <name>.debug_info</name>
         <load_address>0x5139f</load_address>
         <run_address>0x5139f</run_address>
         <size>0x465</size>
         <input_file_ref idref="fl-59"/>
      </object_component>
      <object_component id="oc-1b4">
         <name>.debug_info</name>
         <load_address>0x51804</load_address>
         <run_address>0x51804</run_address>
         <size>0x400</size>
         <input_file_ref idref="fl-5a"/>
      </object_component>
      <object_component id="oc-1b9">
         <name>.debug_info</name>
         <load_address>0x51c04</load_address>
         <run_address>0x51c04</run_address>
         <size>0x375</size>
         <input_file_ref idref="fl-5b"/>
      </object_component>
      <object_component id="oc-1bf">
         <name>.debug_info</name>
         <load_address>0x51f79</load_address>
         <run_address>0x51f79</run_address>
         <size>0x117</size>
         <input_file_ref idref="fl-5c"/>
      </object_component>
      <object_component id="oc-245">
         <name>.debug_info</name>
         <load_address>0x52090</load_address>
         <run_address>0x52090</run_address>
         <size>0xa0</size>
      </object_component>
      <object_component id="oc-60">
         <name>.debug_frame</name>
         <load_address>0x0</load_address>
         <run_address>0x0</run_address>
         <size>0xa0</size>
         <input_file_ref idref="fl-2"/>
      </object_component>
      <object_component id="oc-67">
         <name>.debug_frame</name>
         <load_address>0xa0</load_address>
         <run_address>0xa0</run_address>
         <size>0x20</size>
         <input_file_ref idref="fl-3"/>
      </object_component>
      <object_component id="oc-71">
         <name>.debug_frame</name>
         <load_address>0xc0</load_address>
         <run_address>0xc0</run_address>
         <size>0xd0</size>
         <input_file_ref idref="fl-5"/>
      </object_component>
      <object_component id="oc-7d">
         <name>.debug_frame</name>
         <load_address>0x190</load_address>
         <run_address>0x190</run_address>
         <size>0x20</size>
         <input_file_ref idref="fl-7"/>
      </object_component>
      <object_component id="oc-83">
         <name>.debug_frame</name>
         <load_address>0x1b0</load_address>
         <run_address>0x1b0</run_address>
         <size>0x8c0</size>
         <input_file_ref idref="fl-8"/>
      </object_component>
      <object_component id="oc-88">
         <name>.debug_frame</name>
         <load_address>0xa70</load_address>
         <run_address>0xa70</run_address>
         <size>0x1d0</size>
         <input_file_ref idref="fl-9"/>
      </object_component>
      <object_component id="oc-cd">
         <name>.debug_frame</name>
         <load_address>0xc40</load_address>
         <run_address>0xc40</run_address>
         <size>0x50</size>
         <input_file_ref idref="fl-b"/>
      </object_component>
      <object_component id="oc-d2">
         <name>.debug_frame</name>
         <load_address>0xc90</load_address>
         <run_address>0xc90</run_address>
         <size>0x38</size>
         <input_file_ref idref="fl-c"/>
      </object_component>
      <object_component id="oc-d7">
         <name>.debug_frame</name>
         <load_address>0xcc8</load_address>
         <run_address>0xcc8</run_address>
         <size>0x20</size>
         <input_file_ref idref="fl-d"/>
      </object_component>
      <object_component id="oc-dc">
         <name>.debug_frame</name>
         <load_address>0xce8</load_address>
         <run_address>0xce8</run_address>
         <size>0xe0</size>
         <input_file_ref idref="fl-e"/>
      </object_component>
      <object_component id="oc-e1">
         <name>.debug_frame</name>
         <load_address>0xdc8</load_address>
         <run_address>0xdc8</run_address>
         <size>0x15c</size>
         <input_file_ref idref="fl-f"/>
      </object_component>
      <object_component id="oc-ec">
         <name>.debug_frame</name>
         <load_address>0xf24</load_address>
         <run_address>0xf24</run_address>
         <size>0x68</size>
         <input_file_ref idref="fl-11"/>
      </object_component>
      <object_component id="oc-f4">
         <name>.debug_frame</name>
         <load_address>0xf8c</load_address>
         <run_address>0xf8c</run_address>
         <size>0x44</size>
         <input_file_ref idref="fl-12"/>
      </object_component>
      <object_component id="oc-fc">
         <name>.debug_frame</name>
         <load_address>0xfd0</load_address>
         <run_address>0xfd0</run_address>
         <size>0x228</size>
         <input_file_ref idref="fl-13"/>
      </object_component>
      <object_component id="oc-105">
         <name>.debug_frame</name>
         <load_address>0x11f8</load_address>
         <run_address>0x11f8</run_address>
         <size>0x15c</size>
         <input_file_ref idref="fl-14"/>
      </object_component>
      <object_component id="oc-11b">
         <name>.debug_frame</name>
         <load_address>0x1354</load_address>
         <run_address>0x1354</run_address>
         <size>0x58</size>
         <input_file_ref idref="fl-3c"/>
      </object_component>
      <object_component id="oc-121">
         <name>.debug_frame</name>
         <load_address>0x13ac</load_address>
         <run_address>0x13ac</run_address>
         <size>0x48</size>
         <input_file_ref idref="fl-3d"/>
      </object_component>
      <object_component id="oc-127">
         <name>.debug_frame</name>
         <load_address>0x13f4</load_address>
         <run_address>0x13f4</run_address>
         <size>0x48</size>
         <input_file_ref idref="fl-3e"/>
      </object_component>
      <object_component id="oc-191">
         <name>.debug_frame</name>
         <load_address>0x143c</load_address>
         <run_address>0x143c</run_address>
         <size>0x58</size>
         <input_file_ref idref="fl-53"/>
      </object_component>
      <object_component id="oc-196">
         <name>.debug_frame</name>
         <load_address>0x1494</load_address>
         <run_address>0x1494</run_address>
         <size>0x38</size>
         <input_file_ref idref="fl-54"/>
      </object_component>
      <object_component id="oc-19b">
         <name>.debug_frame</name>
         <load_address>0x14cc</load_address>
         <run_address>0x14cc</run_address>
         <size>0x38</size>
         <input_file_ref idref="fl-55"/>
      </object_component>
      <object_component id="oc-1a0">
         <name>.debug_frame</name>
         <load_address>0x1504</load_address>
         <run_address>0x1504</run_address>
         <size>0x38</size>
         <input_file_ref idref="fl-56"/>
      </object_component>
      <object_component id="oc-1ab">
         <name>.debug_frame</name>
         <load_address>0x153c</load_address>
         <run_address>0x153c</run_address>
         <size>0x58</size>
         <input_file_ref idref="fl-58"/>
      </object_component>
      <object_component id="oc-1b0">
         <name>.debug_frame</name>
         <load_address>0x1594</load_address>
         <run_address>0x1594</run_address>
         <size>0x68</size>
         <input_file_ref idref="fl-59"/>
      </object_component>
      <object_component id="oc-1b5">
         <name>.debug_frame</name>
         <load_address>0x15fc</load_address>
         <run_address>0x15fc</run_address>
         <size>0x38</size>
         <input_file_ref idref="fl-5a"/>
      </object_component>
      <object_component id="oc-1ba">
         <name>.debug_frame</name>
         <load_address>0x1634</load_address>
         <run_address>0x1634</run_address>
         <size>0x38</size>
         <input_file_ref idref="fl-5b"/>
      </object_component>
      <object_component id="oc-61">
         <name>.debug_line</name>
         <load_address>0x0</load_address>
         <run_address>0x0</run_address>
         <size>0xd7</size>
         <input_file_ref idref="fl-2"/>
      </object_component>
      <object_component id="oc-68">
         <name>.debug_line</name>
         <load_address>0xd7</load_address>
         <run_address>0xd7</run_address>
         <size>0x2c</size>
         <input_file_ref idref="fl-3"/>
      </object_component>
      <object_component id="oc-72">
         <name>.debug_line</name>
         <load_address>0x103</load_address>
         <run_address>0x103</run_address>
         <size>0x29a</size>
         <input_file_ref idref="fl-5"/>
      </object_component>
      <object_component id="oc-78">
         <name>.debug_line</name>
         <load_address>0x39d</load_address>
         <run_address>0x39d</run_address>
         <size>0x5f</size>
         <input_file_ref idref="fl-6"/>
      </object_component>
      <object_component id="oc-7e">
         <name>.debug_line</name>
         <load_address>0x3fc</load_address>
         <run_address>0x3fc</run_address>
         <size>0x36</size>
         <input_file_ref idref="fl-7"/>
      </object_component>
      <object_component id="oc-84">
         <name>.debug_line</name>
         <load_address>0x432</load_address>
         <run_address>0x432</run_address>
         <size>0x814</size>
         <input_file_ref idref="fl-8"/>
      </object_component>
      <object_component id="oc-89">
         <name>.debug_line</name>
         <load_address>0xc46</load_address>
         <run_address>0xc46</run_address>
         <size>0x324</size>
         <input_file_ref idref="fl-9"/>
      </object_component>
      <object_component id="oc-ce">
         <name>.debug_line</name>
         <load_address>0xf6a</load_address>
         <run_address>0xf6a</run_address>
         <size>0x7a</size>
         <input_file_ref idref="fl-b"/>
      </object_component>
      <object_component id="oc-d3">
         <name>.debug_line</name>
         <load_address>0xfe4</load_address>
         <run_address>0xfe4</run_address>
         <size>0x54</size>
         <input_file_ref idref="fl-c"/>
      </object_component>
      <object_component id="oc-d8">
         <name>.debug_line</name>
         <load_address>0x1038</load_address>
         <run_address>0x1038</run_address>
         <size>0x30</size>
         <input_file_ref idref="fl-d"/>
      </object_component>
      <object_component id="oc-dd">
         <name>.debug_line</name>
         <load_address>0x1068</load_address>
         <run_address>0x1068</run_address>
         <size>0x11e</size>
         <input_file_ref idref="fl-e"/>
      </object_component>
      <object_component id="oc-e2">
         <name>.debug_line</name>
         <load_address>0x1186</load_address>
         <run_address>0x1186</run_address>
         <size>0x226</size>
         <input_file_ref idref="fl-f"/>
      </object_component>
      <object_component id="oc-e7">
         <name>.debug_line</name>
         <load_address>0x13ac</load_address>
         <run_address>0x13ac</run_address>
         <size>0x46</size>
         <input_file_ref idref="fl-10"/>
      </object_component>
      <object_component id="oc-ed">
         <name>.debug_line</name>
         <load_address>0x13f2</load_address>
         <run_address>0x13f2</run_address>
         <size>0x91</size>
         <input_file_ref idref="fl-11"/>
      </object_component>
      <object_component id="oc-f5">
         <name>.debug_line</name>
         <load_address>0x1483</load_address>
         <run_address>0x1483</run_address>
         <size>0x5d</size>
         <input_file_ref idref="fl-12"/>
      </object_component>
      <object_component id="oc-fd">
         <name>.debug_line</name>
         <load_address>0x14e0</load_address>
         <run_address>0x14e0</run_address>
         <size>0x40e</size>
         <input_file_ref idref="fl-13"/>
      </object_component>
      <object_component id="oc-106">
         <name>.debug_line</name>
         <load_address>0x18ee</load_address>
         <run_address>0x18ee</run_address>
         <size>0x1d2</size>
         <input_file_ref idref="fl-14"/>
      </object_component>
      <object_component id="oc-11c">
         <name>.debug_line</name>
         <load_address>0x1ac0</load_address>
         <run_address>0x1ac0</run_address>
         <size>0x1d8</size>
         <input_file_ref idref="fl-3c"/>
      </object_component>
      <object_component id="oc-122">
         <name>.debug_line</name>
         <load_address>0x1c98</load_address>
         <run_address>0x1c98</run_address>
         <size>0xb5</size>
         <input_file_ref idref="fl-3d"/>
      </object_component>
      <object_component id="oc-128">
         <name>.debug_line</name>
         <load_address>0x1d4d</load_address>
         <run_address>0x1d4d</run_address>
         <size>0x73</size>
         <input_file_ref idref="fl-3e"/>
      </object_component>
      <object_component id="oc-12e">
         <name>.debug_line</name>
         <load_address>0x1dc0</load_address>
         <run_address>0x1dc0</run_address>
         <size>0x7d</size>
         <input_file_ref idref="fl-3f"/>
      </object_component>
      <object_component id="oc-133">
         <name>.debug_line</name>
         <load_address>0x1e3d</load_address>
         <run_address>0x1e3d</run_address>
         <size>0xb3</size>
         <input_file_ref idref="fl-40"/>
[...]
         <value>0x3f523e</value>
         <object_component_ref idref="oc-1cc"/>
      </symbol>
      <symbol id="sm-363">
         <name>_XtalOscSel</name>
         <value>0x3f5222</value>
         <object_component_ref idref="oc-1cc"/>
      </symbol>
      <symbol id="sm-364">
         <name>_InitSysCtrl</name>
         <value>0x3f5334</value>
         <object_component_ref idref="oc-1cc"/>
      </symbol>
      <symbol id="sm-370">
         <name>_DSP28x_usDelay</name>
         <value>0xc692</value>
         <object_component_ref idref="oc-e5"/>
      </symbol>
      <symbol id="sm-383">
         <name>_MyCallbackCounter</name>
         <value>0xa3fa</value>
         <object_component_ref idref="oc-eb"/>
      </symbol>
      <symbol id="sm-384">
         <name>_FlashControlParams</name>
         <value>0xc58f</value>
         <object_component_ref idref="oc-1d7"/>
      </symbol>
      <symbol id="sm-385">
         <name>_FlashStatus</name>
         <value>0xa3fc</value>
         <object_component_ref idref="oc-eb"/>
      </symbol>
      <symbol id="sm-386">
         <name>_MyCallbackFunction</name>
         <value>0xc587</value>
         <object_component_ref idref="oc-1d7"/>
      </symbol>
      <symbol id="sm-399">
         <name>_Cla1Task8</name>
         <value>0x9010</value>
         <object_component_ref idref="oc-f1"/>
      </symbol>
      <symbol id="sm-39a">
         <name>_Cla1Task1</name>
         <value>0x9000</value>
         <object_component_ref idref="oc-f3"/>
      </symbol>
      <symbol id="sm-39b">
         <name>_Cla1Task2</name>
         <value>0x9008</value>
         <object_component_ref idref="oc-f2"/>
      </symbol>
      <symbol id="sm-3e8">
         <name>_GetCanCommand</name>
         <value>0x3f43cf</value>
         <object_component_ref idref="oc-1d0"/>
      </symbol>
      <symbol id="sm-3e9">
         <name>_CanTx</name>
         <value>0x3f447a</value>
         <object_component_ref idref="oc-1d0"/>
      </symbol>
      <symbol id="sm-3ea">
         <name>_GetEncoder</name>
         <value>0x3f425c</value>
         <object_component_ref idref="oc-1d0"/>
      </symbol>
      <symbol id="sm-3eb">
         <name>_F32toC</name>
         <value>0x3f4432</value>
         <object_component_ref idref="oc-1d0"/>
      </symbol>
      <symbol id="sm-3ec">
         <name>_F32toC2</name>
         <value>0x3f4007</value>
         <object_component_ref idref="oc-1d0"/>
      </symbol>
      <symbol id="sm-3ed">
         <name>_GetTemp</name>
         <value>0x3f4369</value>
         <object_component_ref idref="oc-1d0"/>
      </symbol>
      <symbol id="sm-3ee">
         <name>_g_fVdctest</name>
         <value>0xa40a</value>
         <object_component_ref idref="oc-fa"/>
      </symbol>
      <symbol id="sm-3ef">
         <name>_ECanaShadow</name>
         <value>0xa40c</value>
         <object_component_ref idref="oc-fa"/>
      </symbol>
      <symbol id="sm-3f0">
         <name>_GetSerialCommand</name>
         <value>0x3f4385</value>
         <object_component_ref idref="oc-1d0"/>
      </symbol>
      <symbol id="sm-3f1">
         <name>_InitController</name>
         <value>0x3f4348</value>
         <object_component_ref idref="oc-1d0"/>
      </symbol>
      <symbol id="sm-3f2">
         <name>_ReturnDataToMc</name>
         <value>0x3f4061</value>
         <object_component_ref idref="oc-1d0"/>
      </symbol>
      <symbol id="sm-3f3">
         <name>_CtoF32</name>
         <value>0x3f411d</value>
         <object_component_ref idref="oc-1d0"/>
      </symbol>
      <symbol id="sm-3f4">
         <name>_F32toC2_3</name>
         <value>0x3f4034</value>
         <object_component_ref idref="oc-1d0"/>
      </symbol>
      <symbol id="sm-3f5">
         <name>_ProcessEncoder</name>
         <value>0x3f42b2</value>
         <object_component_ref idref="oc-1d0"/>
      </symbol>
      <symbol id="sm-3f6">
         <name>_g_iPostest</name>
         <value>0xa401</value>
         <object_component_ref idref="oc-fa"/>
      </symbol>
      <symbol id="sm-3f7">
         <name>_g_pRespond</name>
         <value>0xa408</value>
         <object_component_ref idref="oc-fa"/>
      </symbol>
      <symbol id="sm-3f8">
         <name>_ProcessSerialCommand</name>
         <value>0x3f4129</value>
         <object_component_ref idref="oc-1d0"/>
      </symbol>
      <symbol id="sm-3f9">
         <name>_CheckFault</name>
         <value>0x3f4443</value>
         <object_component_ref idref="oc-1d0"/>
      </symbol>
      <symbol id="sm-3fa">
         <name>_SetParameters</name>
         <value>0x3f4000</value>
         <object_component_ref idref="oc-1d0"/>
      </symbol>
      <symbol id="sm-3fb">
         <name>_g_pCommand</name>
         <value>0xa404</value>
         <object_component_ref idref="oc-fa"/>
      </symbol>
      <symbol id="sm-41e">
         <name>_main</name>
         <value>0x3f4ec3</value>
         <object_component_ref idref="oc-1c8"/>
      </symbol>
      <symbol id="sm-41f">
         <name>_SampleSize</name>
         <value>0xa443</value>
         <object_component_ref idref="oc-102"/>
      </symbol>
      <symbol id="sm-420">
         <name>_SumB</name>
         <value>0xa446</value>
         <object_component_ref idref="oc-102"/>
      </symbol>
      <symbol id="sm-421">
         <name>_SumC</name>
         <value>0xa44c</value>
         <object_component_ref idref="oc-102"/>
      </symbol>
      <symbol id="sm-422">
         <name>_SumA</name>
         <value>0xa448</value>
         <object_component_ref idref="oc-102"/>
      </symbol>
      <symbol id="sm-423">
         <name>_SumD</name>
         <value>0xa44a</value>
         <object_component_ref idref="oc-102"/>
      </symbol>
      <symbol id="sm-424">
         <name>_c_stDriverParamA</name>
         <value>0x3ec000</value>
         <object_component_ref idref="oc-103"/>
      </symbol>
      <symbol id="sm-425">
         <name>_HallTest</name>
         <value>0xa442</value>
         <object_component_ref idref="oc-102"/>
      </symbol>
      <symbol id="sm-426">
         <name>_epwm1_isr</name>
         <value>0x3f53be</value>
         <object_component_ref idref="oc-104"/>
      </symbol>
      <symbol id="sm-427">
         <name>_index</name>
         <value>0xa445</value>
         <object_component_ref idref="oc-102"/>
      </symbol>
      <symbol id="sm-428">
         <name>_InitCLA</name>
         <value>0x3f4e9a</value>
         <object_component_ref idref="oc-1c8"/>
      </symbol>
      <symbol id="sm-429">
         <name>_PI_CUR_MACRO</name>
         <value>0x3f4f3d</value>
         <object_component_ref idref="oc-1c8"/>
      </symbol>
      <symbol id="sm-42a">
         <name>_temp1</name>
         <value>0xa440</value>
         <object_component_ref idref="oc-102"/>
      </symbol>
      <symbol id="sm-42b">
         <name>_temp2</name>
         <value>0xa444</value>
         <object_component_ref idref="oc-102"/>
      </symbol>
      <symbol id="sm-42c">
         <name>_InitDriverParam</name>
         <value>0x3f4e48</value>
         <object_component_ref idref="oc-1c8"/>
      </symbol>
      <symbol id="sm-42d">
         <name>_RESET_PI_CUR</name>
         <value>0x3f503f</value>
         <object_component_ref idref="oc-1c8"/>
      </symbol>
      <symbol id="sm-42e">
         <name>_SampleFlag</name>
         <value>0xa441</value>
         <object_component_ref idref="oc-102"/>
      </symbol>
      <symbol id="sm-42f">
         <name>_InitOffset</name>
         <value>0x3f4fdd</value>
         <object_component_ref idref="oc-1c8"/>
      </symbol>
      <symbol id="sm-434">
         <name>_Flash2806x_Erase</name>
         <value>0xc109</value>
         <object_component_ref idref="oc-109"/>
      </symbol>
      <symbol id="sm-479">
         <name>_Fl2806x_EraseSector</name>
         <value>0xc3eb</value>
         <object_component_ref idref="oc-10b"/>
      </symbol>
      <symbol id="sm-4ab">
         <name>_Fl2806x_Init</name>
         <value>0xc549</value>
         <object_component_ref idref="oc-10c"/>
      </symbol>
      <symbol id="sm-4bc">
         <name>_Fl28x_LeaveCmdMode</name>
         <value>0xc26a</value>
         <object_component_ref idref="oc-10d"/>
      </symbol>
      <symbol id="sm-4c2">
         <name>_Fl28x_EnterCmdMode</name>
         <value>0xc277</value>
         <object_component_ref idref="oc-10d"/>
      </symbol>
      <symbol id="sm-4c9">
         <name>_Fl28x_FlashRegSleep</name>
         <value>0xc29c</value>
         <object_component_ref idref="oc-10d"/>
      </symbol>
      <symbol id="sm-4cf">
         <name>_Fl28x_OpenPulse</name>
         <value>0xc2bb</value>
         <object_component_ref idref="oc-10d"/>
      </symbol>
      <symbol id="sm-4d9">
         <name>_Fl28x_ClosePulse</name>
         <value>0xc2cc</value>
         <object_component_ref idref="oc-10d"/>
      </symbol>
      <symbol id="sm-4df">
         <name>_Fl28x_MaskAll</name>
         <value>0xc2e3</value>
         <object_component_ref idref="oc-10d"/>
      </symbol>
      <symbol id="sm-4e9">
         <name>_Flash2806x_Program</name>
         <value>0xc028</value>
         <object_component_ref idref="oc-10e"/>
      </symbol>
      <symbol id="sm-52a">
         <name>_Fl28x_ProgVerify</name>
         <value>0xc2ee</value>
         <object_component_ref idref="oc-10f"/>
      </symbol>
      <symbol id="sm-540">
         <name>_Fl28x_ProgPulse</name>
         <value>0xc32c</value>
         <object_component_ref idref="oc-10f"/>
      </symbol>
      <symbol id="sm-55c">
         <name>_Fl28x_WatchDogDisable</name>
         <value>0xc55f</value>
         <object_component_ref idref="oc-110"/>
      </symbol>
      <symbol id="sm-562">
         <name>_Fl28x_DisableNMI</name>
         <value>0xc567</value>
         <object_component_ref idref="oc-110"/>
      </symbol>
      <symbol id="sm-56e">
         <name>_Flash2806x_Verify</name>
         <value>0xc4dc</value>
         <object_component_ref idref="oc-111"/>
      </symbol>
      <symbol id="sm-58f">
         <name>_Fl2806x_ClearSector</name>
         <value>0xc515</value>
         <object_component_ref idref="oc-112"/>
      </symbol>
      <symbol id="sm-5ae">
         <name>_Fl2806x_CompactSector</name>
         <value>0xc447</value>
         <object_component_ref idref="oc-113"/>
      </symbol>
      <symbol id="sm-5e7">
         <name>_Fl28x_Delay</name>
         <value>0xc573</value>
         <object_component_ref idref="oc-114"/>
      </symbol>
      <symbol id="sm-5f1">
         <name>_Fl28x_DisableInt</name>
         <value>0xc580</value>
         <object_component_ref idref="oc-115"/>
      </symbol>
      <symbol id="sm-5f2">
         <name>_Fl28x_RestoreInt</name>
         <value>0xc584</value>
         <object_component_ref idref="oc-115"/>
      </symbol>
      <symbol id="sm-5f5">
         <name>_Fl28x_EraseVerify</name>
         <value>0xc1d0</value>
         <object_component_ref idref="oc-116"/>
      </symbol>
      <symbol id="sm-60b">
         <name>_Fl28x_ErasePulse</name>
         <value>0xc218</value>
         <object_component_ref idref="oc-116"/>
      </symbol>
      <symbol id="sm-629">
         <name>_Fl28x_ClearLoop</name>
         <value>0xc49b</value>
         <object_component_ref idref="oc-117"/>
      </symbol>
      <symbol id="sm-652">
         <name>_Fl28x_CompactVerify</name>
         <value>0xc36e</value>
         <object_component_ref idref="oc-118"/>
      </symbol>
      <symbol id="sm-668">
         <name>_Fl28x_CompactPulse</name>
         <value>0xc3a8</value>
         <object_component_ref idref="oc-118"/>
      </symbol>
      <symbol id="sm-6db">
         <name>_powf</name>
         <value>0x3f4499</value>
         <object_component_ref idref="oc-1da"/>
      </symbol>
      <symbol id="sm-6dc">
         <name>_pow</name>
         <value>0x3f4499</value>
         <object_component_ref idref="oc-1da"/>
      </symbol>
      <symbol id="sm-6f7">
         <name>_sqrtf</name>
         <value>0x3f58e7</value>
         <object_component_ref idref="oc-1dc"/>
      </symbol>
      <symbol id="sm-6f8">
         <name>_sqrt</name>
         <value>0x3f58e7</value>
         <object_component_ref idref="oc-1dc"/>
      </symbol>
      <symbol id="sm-711">
         <name>_scalbn</name>
         <value>0x3f595c</value>
         <object_component_ref idref="oc-1e0"/>
      </symbol>
      <symbol id="sm-712">
         <name>_ldexp</name>
         <value>0x3f595c</value>
         <object_component_ref idref="oc-1e0"/>
      </symbol>
      <symbol id="sm-713">
         <name>_scalbnf</name>
         <value>0x3f595c</value>
         <object_component_ref idref="oc-1e0"/>
      </symbol>
      <symbol id="sm-714">
         <name>_ldexpf</name>
         <value>0x3f595c</value>
         <object_component_ref idref="oc-1e0"/>
      </symbol>
      <symbol id="sm-72f">
         <name>_c_int00</name>
         <value>0x3f5a13</value>
         <object_component_ref idref="oc-5d"/>
      </symbol>
      <symbol id="sm-730">
         <name>__stack</name>
         <value>0xa000</value>
         <object_component_ref idref="oc-12b"/>
      </symbol>
      <symbol id="sm-747">
         <name>FD$$DIV</name>
         <value>0x3f56de</value>
         <object_component_ref idref="oc-131"/>
      </symbol>
      <symbol id="sm-759">
         <name>FD$$MPY</name>
         <value>0x3f5769</value>
         <object_component_ref idref="oc-136"/>
      </symbol>
      <symbol id="sm-765">
         <name>FD$$SUB</name>
         <value>0x3f5c7a</value>
         <object_component_ref idref="oc-13b"/>
      </symbol>
      <symbol id="sm-77f">
         <name>FS$$ADD</name>
         <value>0x3f5874</value>
         <object_component_ref idref="oc-140"/>
      </symbol>
      <symbol id="sm-780">
         <name>FS$$SUB</name>
         <value>0x3f586f</value>
         <object_component_ref idref="oc-140"/>
      </symbol>
      <symbol id="sm-792">
         <name>FS$$CMP</name>
         <value>0x3f5c18</value>
         <object_component_ref idref="oc-145"/>
      </symbol>
      <symbol id="sm-7a3">
         <name>FS$$DIV</name>
         <value>0x3f57ec</value>
         <object_component_ref idref="oc-14a"/>
      </symbol>
      <symbol id="sm-7b4">
         <name>FS$$MPY</name>
         <value>0x3f59b9</value>
         <object_component_ref idref="oc-14f"/>
      </symbol>
      <symbol id="sm-7c1">
         <name>FS$$NEG</name>
         <value>0x3f5ca3</value>
         <object_component_ref idref="oc-154"/>
      </symbol>
      <symbol id="sm-7d2">
         <name>FS$$TOI</name>
         <value>0x3f5b0b</value>
         <object_component_ref idref="oc-159"/>
      </symbol>
      <symbol id="sm-7e5">
         <name>FS$$TOL</name>
         <value>0x3f5aba</value>
         <object_component_ref idref="oc-15e"/>
      </symbol>
      <symbol id="sm-7f6">
         <name>FS$$TOU</name>
         <value>0x3f5b75</value>
         <object_component_ref idref="oc-163"/>
      </symbol>
      <symbol id="sm-805">
         <name>I$$TOFS</name>
         <value>0x3f5bcb</value>
         <object_component_ref idref="oc-168"/>
      </symbol>
      <symbol id="sm-816">
         <name>U$$TOFD</name>
         <value>0x3f5c2f</value>
         <object_component_ref idref="oc-16d"/>
      </symbol>
      <symbol id="sm-824">
         <name>U$$TOFS</name>
         <value>0x3f5c6a</value>
         <object_component_ref idref="oc-172"/>
      </symbol>
      <symbol id="sm-833">
         <name>L$$TOFS</name>
         <value>0x3f5be5</value>
         <object_component_ref idref="oc-177"/>
      </symbol>
      <symbol id="sm-83f">
         <name>UL$$MOD</name>
         <value>0x3f5a8b</value>
         <object_component_ref idref="oc-17c"/>
      </symbol>
      <symbol id="sm-840">
         <name>L$$MOD</name>
         <value>0x3f5a76</value>
         <object_component_ref idref="oc-17c"/>
      </symbol>
      <symbol id="sm-841">
         <name>L$$DIV</name>
         <value>0x3f5a67</value>
         <object_component_ref idref="oc-17c"/>
      </symbol>
      <symbol id="sm-842">
         <name>UL$$DIV</name>
         <value>0x3f5a84</value>
         <object_component_ref idref="oc-17c"/>
      </symbol>
      <symbol id="sm-852">
         <name>UL$$TOFS</name>
         <value>0x3f5c46</value>
         <object_component_ref idref="oc-181"/>
      </symbol>
      <symbol id="sm-862">
         <name>FS$$TOFD</name>
         <value>0x3f5baf</value>
         <object_component_ref idref="oc-186"/>
      </symbol>
      <symbol id="sm-872">
         <name>FD$$TOFS</name>
         <value>0x3f5b54</value>
         <object_component_ref idref="oc-18b"/>
      </symbol>
      <symbol id="sm-881">
         <name>_copy_in</name>
         <value>0x3f5b30</value>
         <object_component_ref idref="oc-1c4"/>
      </symbol>
      <symbol id="sm-892">
         <name>_memcpy</name>
         <value>0x3f5b92</value>
         <object_component_ref idref="oc-1c9"/>
      </symbol>
      <symbol id="sm-89e">
         <name>__system_pre_init</name>
         <value>0x3f5ca8</value>
         <object_component_ref idref="oc-1c3"/>
      </symbol>
      <symbol id="sm-8ab">
         <name>__system_post_cinit</name>
         <value>0x3f5caa</value>
         <object_component_ref idref="oc-1c5"/>
      </symbol>
      <symbol id="sm-8b5">
         <name>_errno</name>
         <value>0xa461</value>
         <object_component_ref idref="oc-1a6"/>
      </symbol>
      <symbol id="sm-8c9">
         <name>C$$EXIT</name>
         <value>0x3f5a91</value>
         <object_component_ref idref="oc-1c7"/>
      </symbol>
      <symbol id="sm-8ca">
         <name>_exit</name>
         <value>0x3f5a93</value>
         <object_component_ref idref="oc-1c7"/>
      </symbol>
      <symbol id="sm-8cb">
         <name>___TI_cleanup_ptr</name>
         <value>0xa464</value>
         <object_component_ref idref="oc-1aa"/>
      </symbol>
      <symbol id="sm-8cc">
         <name>___TI_enable_exit_profile_output</name>
         <value>0xa462</value>
         <object_component_ref idref="oc-1aa"/>
      </symbol>
      <symbol id="sm-8cd">
         <name>_abort</name>
         <value>0x3f5a91</value>
         <object_component_ref idref="oc-1c7"/>
      </symbol>
      <symbol id="sm-8ce">
         <name>___TI_dtors_ptr</name>
         <value>0xa466</value>
         <object_component_ref idref="oc-1aa"/>
      </symbol>
      <symbol id="sm-8e2">
         <name>__unlock</name>
         <value>0xa46e</value>
         <object_component_ref idref="oc-1db"/>
      </symbol>
      <symbol id="sm-8e3">
         <name>__lock</name>
         <value>0xa46c</value>
         <object_component_ref idref="oc-1ca"/>
      </symbol>
      <symbol id="sm-8e4">
         <name>__register_lock</name>
         <value>0x3f5c96</value>
         <object_component_ref idref="oc-1d3"/>
      </symbol>
      <symbol id="sm-8e5">
         <name>__nop</name>
         <value>0x3f5c9a</value>
         <object_component_ref idref="oc-1d3"/>
      </symbol>
      <symbol id="sm-8e6">
         <name>__register_unlock</name>
         <value>0x3f5c92</value>
         <object_component_ref idref="oc-1d3"/>
      </symbol>
      <symbol id="sm-8f5">
         <name>__args_main</name>
         <value>0x3f5bff</value>
         <object_component_ref idref="oc-1c6"/>
      </symbol>
      <symbol id="sm-901">
         <name>_copysignf</name>
         <value>0x3f5c88</value>
         <object_component_ref idref="oc-1e1"/>
      </symbol>
      <symbol id="sm-902">
         <name>_copysign</name>
         <value>0x3f5c88</value>
         <object_component_ref idref="oc-1e1"/>
      </symbol>
      <symbol id="sm-91d">
         <name>FD$$ADD</name>
         <value>0x3f5642</value>
         <object_component_ref idref="oc-1be"/>
      </symbol>
   </symbol_table>
   <title>Link successful</title>
</link_info>
